MPLINK 4.48, Linker
Linker Map File - Created Sat Oct 31 12:24:53 2015

                                 Section Info
                  Section       Type    Address   Location Size(Bytes)
                ---------  ---------  ---------  ---------  ---------
               _entry_scn       code   0x000000    program   0x000006
           .romdata_app.o    romdata   0x000006    program   0x000002
              high_vector       code   0x000008    program   0x00000a
         .code_busy_eep.o       code   0x000012    program   0x000006
               low_vector       code   0x000018    program   0x000014
                   .cinit    romdata   0x00002c    program   0x000086
              .code_app.o       code   0x0000b2    program   0x002396
               .code_UI.o       code   0x002448    program   0x000d4e
             .code_uart.o       code   0x003196    program   0x0005c0
    .code_communication.o       code   0x003756    program   0x00049e
              .code_lcd.o       code   0x003bf4    program   0x00045e
           .code_keypad.o       code   0x004052    program   0x0002a2
                      ISR       code   0x0042f4    program   0x0001de
                   STRING       code   0x0044d2    program   0x0000d2
             .code_main.o       code   0x0045a4    program   0x0000b8
            .code_timer.o       code   0x00465c    program   0x0000a8
               _cinit_scn       code   0x004704    program   0x00009e
                     PROG       code   0x0047a2    program   0x000088
          .code_write_B.o       code   0x00482a    program   0x000078
           .code_u2open.o       code   0x0048a2    program   0x000078
           .code_u1open.o       code   0x00491a    program   0x000072
           .code_read_B.o       code   0x00498c    program   0x00005c
            .romdata_UI.o    romdata   0x0049e8    program   0x000050
            .code_board.o       code   0x004a38    program   0x000048
             .stringtable    romdata   0x004a80    program   0x000043
         .romdata_board.o    romdata   0x004ac3    program   0x000000
        .idata_keypad.o_i    romdata   0x004ac3    program   0x000000
        .romdata_t0open.o    romdata   0x004ac3    program   0x000000
     .idata_heartBeat.o_i    romdata   0x004ac3    program   0x000001
        .idata_t0open.o_i    romdata   0x004ac3    program   0x000000
        .idata_u2read.o_i    romdata   0x004ac3    program   0x000000
       .romdata_write_B.o    romdata   0x004ac3    program   0x000000
         .romdata_timer.o    romdata   0x004ac3    program   0x000000
         .idata_timer.o_i    romdata   0x004ac3    program   0x000000
        .romdata_u2read.o    romdata   0x004ac3    program   0x000000
        .romdata_u1open.o    romdata   0x004ac3    program   0x000000
        .idata_u1open.o_i    romdata   0x004ac3    program   0x000000
        .idata_u2defs.o_i    romdata   0x004ac3    program   0x000000
        .romdata_u2defs.o    romdata   0x004ac3    program   0x000000
      .romdata_fxd1616u.o    romdata   0x004ac3    program   0x000000
         .romdata_c018i.o    romdata   0x004ac3    program   0x000000
       .idata_write_B.o_i    romdata   0x004ac3    program   0x000000
          .romdata_main.o    romdata   0x004ac3    program   0x000000
          .idata_main.o_i    romdata   0x004ac3    program   0x000000
.romdata_interruptvector.o    romdata   0x004ac3    program   0x000000
           .code_u2read.o       code   0x004ac4    program   0x00003e
           .code_u1read.o       code   0x004b02    program   0x00003e
          .code_t0write.o       code   0x004b40    program   0x000038
           .code_t0open.o       code   0x004b78    program   0x000038
         .code_fxd1616u.o       code   0x004bb0    program   0x00002c
              D1KTCYXCODE       code   0x004bdc    program   0x000020
                    .code       code   0x004bfc    program   0x000020
        .code_heartBeat.o       code   0x004c1c    program   0x00001e
             _startup_scn       code   0x004c3a    program   0x00001c
           .romdata_lcd.o    romdata   0x004c56    program   0x000011
        .idata___init.o_i    romdata   0x004c67    program   0x000000
        .idata_u2open.o_i    romdata   0x004c67    program   0x000000
        .romdata_u1read.o    romdata   0x004c67    program   0x000000
        .romdata___init.o    romdata   0x004c67    program   0x000000
        .idata_read_B.o_i    romdata   0x004c67    program   0x000000
        .romdata_read_B.o    romdata   0x004c67    program   0x000000
        .idata_u1defs.o_i    romdata   0x004c67    program   0x000000
        .romdata_u1defs.o    romdata   0x004c67    program   0x000000
        .romdata_u2open.o    romdata   0x004c67    program   0x000000
        .idata_u1read.o_i    romdata   0x004c67    program   0x000000
       .idata_t0write.o_i    romdata   0x004c67    program   0x000000
      .idata_fxd1616u.o_i    romdata   0x004c67    program   0x000000
       .romdata_t0write.o    romdata   0x004c67    program   0x000000
         .idata_c018i.o_i    romdata   0x004c67    program   0x000000
         .idata_board.o_i    romdata   0x004c67    program   0x000000
 .romdata_communication.o    romdata   0x004c67    program   0x000000
.idata_interruptvector.o_i    romdata   0x004c67    program   0x000000
          .idata_uart.o_i    romdata   0x004c67    program   0x000000
          .romdata_uart.o    romdata   0x004c67    program   0x000000
        .romdata_keypad.o    romdata   0x004c67    program   0x000000
     .romdata_heartBeat.o    romdata   0x004c67    program   0x000000
      .romdata_busy_eep.o    romdata   0x004c67    program   0x000000
      .idata_busy_eep.o_i    romdata   0x004c67    program   0x000000
           .idata_app.o_i    romdata   0x004c67    program   0x000000
           .idata_lcd.o_i    romdata   0x004c67    program   0x000000
            .code_c018i.o       code   0x004c68    program   0x000000
           .code___init.o       code   0x004c68    program   0x000002
           .code_u1defs.o       code   0x004c68    program   0x000000
  .code_interruptvector.o       code   0x004c68    program   0x000000
           .code_u2defs.o       code   0x004c68    program   0x000000
                UI_DATA_i    romdata   0x004c6a    program   0x00008b
              UART_DATA_i    romdata   0x004cf5    program   0x000106
             TIMER_DATA_i    romdata   0x004dfb    program   0x00001e
               LOG_DATA_i    romdata   0x004e19    program   0x0001c5
               LCD_DATA_i    romdata   0x004fde    program   0x000022
            KEYPAD_DATA_i    romdata   0x005000    program   0x000049
               COM_DATA_i    romdata   0x005049    program   0x000114
               APP_DATA_i    romdata   0x00515d    program   0x000219
 .idata_communication.o_i    romdata   0x005376    program   0x000002
            .idata_UI.o_i    romdata   0x005378    program   0x0000ac
    .config_300001_main.o    romdata   0x300001    program   0x000001
    .config_300002_main.o    romdata   0x300002    program   0x000001
    .config_300003_main.o    romdata   0x300003    program   0x000001
    .config_300005_main.o    romdata   0x300005    program   0x000001
    .config_300006_main.o    romdata   0x300006    program   0x000001
    .config_300008_main.o    romdata   0x300008    program   0x000001
    .config_300009_main.o    romdata   0x300009    program   0x000001
    .config_30000a_main.o    romdata   0x30000a    program   0x000001
    .config_30000b_main.o    romdata   0x30000b    program   0x000001
    .config_30000c_main.o    romdata   0x30000c    program   0x000001
    .config_30000d_main.o    romdata   0x30000d    program   0x000001
                MATH_DATA      udata   0x000000       data   0x000014
                 .tmpdata      udata   0x000014       data   0x000008
                DELAYDAT1      udata   0x00001c       data   0x000001
                   .stack      udata   0x000060       data   0x0000a0
                 APP_DATA      idata   0x000100       data   0x000219
                 LOG_DATA      idata   0x000600       data   0x0001c5
                 COM_DATA      idata   0x000900       data   0x000114
                UART_DATA      idata   0x000b00       data   0x000106
                  UI_DATA      idata   0x000d00       data   0x00008b
              KEYPAD_DATA      idata   0x000d8b       data   0x000049
               TIMER_DATA      idata   0x000e00       data   0x00001e
                 LCD_DATA      idata   0x000e1e       data   0x000022
              .idata_UI.o      idata   0x000e40       data   0x0000ac
           .udata_c018i.o      udata   0x000eec       data   0x00000a
   .idata_communication.o      idata   0x000ef6       data   0x000002
          .udata_u2defs.o      udata   0x000ef8       data   0x000001
          .udata_u1defs.o      udata   0x000ef9       data   0x000001
           .udata_board.o      udata   0x000efa       data   0x000001
       .idata_heartBeat.o      idata   0x000efb       data   0x000001
          .udata_u1open.o      udata   0x000efc       data   0x000000
          .idata_u1open.o      idata   0x000efc       data   0x000000
          .udata_u2open.o      udata   0x000efc       data   0x000000
          .idata_u2open.o      idata   0x000efc       data   0x000000
          .udata_t0open.o      udata   0x000efc       data   0x000000
          .idata_t0open.o      idata   0x000efc       data   0x000000
          .udata_u1read.o      udata   0x000efc       data   0x000000
          .idata_u1read.o      idata   0x000efc       data   0x000000
          .udata_u2read.o      udata   0x000efc       data   0x000000
          .idata_u2read.o      idata   0x000efc       data   0x000000
          .udata_read_B.o      udata   0x000efc       data   0x000000
          .idata_read_B.o      idata   0x000efc       data   0x000000
   .udata_communication.o      udata   0x000efc       data   0x000000
          .idata_u1defs.o      idata   0x000efc       data   0x000000
           .idata_board.o      idata   0x000efc       data   0x000000
          .idata_u2defs.o      idata   0x000efc       data   0x000000
         .udata_t0write.o      udata   0x000efc       data   0x000000
         .idata_t0write.o      idata   0x000efc       data   0x000000
         .udata_write_B.o      udata   0x000efc       data   0x000000
         .idata_write_B.o      idata   0x000efc       data   0x000000
          .udata___init.o      udata   0x000efc       data   0x000000
          .idata___init.o      idata   0x000efc       data   0x000000
            .idata_uart.o      idata   0x000efc       data   0x000000
            .udata_uart.o      udata   0x000efc       data   0x000000
          .udata_keypad.o      udata   0x000efc       data   0x000000
          .idata_keypad.o      idata   0x000efc       data   0x000000
           .idata_timer.o      idata   0x000efc       data   0x000000
       .udata_heartBeat.o      udata   0x000efc       data   0x000000
             .udata_lcd.o      udata   0x000efc       data   0x000000
             .idata_lcd.o      idata   0x000efc       data   0x000000
           .udata_timer.o      udata   0x000efc       data   0x000000
              .udata_UI.o      udata   0x000efc       data   0x000000
            .idata_main.o      idata   0x000efc       data   0x000000
            .udata_main.o      udata   0x000efc       data   0x000000
             .udata_app.o      udata   0x000efc       data   0x000000
             .idata_app.o      idata   0x000efc       data   0x000000
 .idata_interruptvector.o      idata   0x000efc       data   0x000000
 .udata_interruptvector.o      udata   0x000efc       data   0x000000
        .udata_busy_eep.o      udata   0x000efc       data   0x000000
        .idata_busy_eep.o      idata   0x000efc       data   0x000000
           .idata_c018i.o      idata   0x000efc       data   0x000000
        .udata_fxd1616u.o      udata   0x000efc       data   0x000000
        .idata_fxd1616u.o      idata   0x000efc       data   0x000000
              SFR_BANKED0      udata   0x000f38       data   0x000028
            SFR_UNBANKED0      udata   0x000f60       data   0x0000a0



                              Program Memory Usage 
                               Start         End      
                           ---------   ---------      
                            0x000000    0x004c66      
                            0x004c68    0x005423      
                            0x300001    0x300003      
                            0x300005    0x300006      
                            0x300008    0x30000d      
            21550 out of 29720 program addresses used, program memory utilization is 72%



                              Symbols - Sorted by Name
                     Name    Address   Location    Storage File                     
                ---------  ---------  ---------  --------- ---------                
    APP_acknowledgeIssues   0x001b0c    program     extern C:\Users\IDEONICS-BNG\Desktop\subhra\ANDON\AndonXBeeTerminal_kanapura_V1\app.c
        APP_checkPassword   0x001ffe    program     extern C:\Users\IDEONICS-BNG\Desktop\subhra\ANDON\AndonXBeeTerminal_kanapura_V1\app.c
          APP_clearIssues   0x00203a    program     extern C:\Users\IDEONICS-BNG\Desktop\subhra\ANDON\AndonXBeeTerminal_kanapura_V1\app.c
          APP_comCallBack   0x0021ce    program     extern C:\Users\IDEONICS-BNG\Desktop\subhra\ANDON\AndonXBeeTerminal_kanapura_V1\app.c
 APP_getAcknowledgedIssue   0x000c14    program     extern C:\Users\IDEONICS-BNG\Desktop\subhra\ANDON\AndonXBeeTerminal_kanapura_V1\app.c
         APP_getOpenIssue   0x000790    program     extern C:\Users\IDEONICS-BNG\Desktop\subhra\ANDON\AndonXBeeTerminal_kanapura_V1\app.c
                 APP_init   0x0000b2    program     extern C:\Users\IDEONICS-BNG\Desktop\subhra\ANDON\AndonXBeeTerminal_kanapura_V1\app.c
                APP_login   0x0003d0    program     extern C:\Users\IDEONICS-BNG\Desktop\subhra\ANDON\AndonXBeeTerminal_kanapura_V1\app.c
               APP_logout   0x00046a    program     extern C:\Users\IDEONICS-BNG\Desktop\subhra\ANDON\AndonXBeeTerminal_kanapura_V1\app.c
          APP_raiseIssues   0x001414    program     extern C:\Users\IDEONICS-BNG\Desktop\subhra\ANDON\AndonXBeeTerminal_kanapura_V1\app.c
        APP_resolveIssues   0x001098    program     extern C:\Users\IDEONICS-BNG\Desktop\subhra\ANDON\AndonXBeeTerminal_kanapura_V1\app.c
                 APP_task   0x000502    program     extern C:\Users\IDEONICS-BNG\Desktop\subhra\ANDON\AndonXBeeTerminal_kanapura_V1\app.c
      APP_updateIssueInfo   0x001adc    program     extern C:\Users\IDEONICS-BNG\Desktop\subhra\ANDON\AndonXBeeTerminal_kanapura_V1\app.c
               BOARD_init   0x004a38    program     extern C:\Users\IDEONICS-BNG\Desktop\subhra\ANDON\AndonXBeeTerminal_kanapura_V1\board.c
                 Busy_eep   0x000012    program     extern E:\c18v3.46\pic18-lt\cxx-framework\src\pmc_common\EEP\busy_eep.c
                 COM_init   0x003756    program     extern C:\Users\IDEONICS-BNG\Desktop\subhra\ANDON\AndonXBeeTerminal_kanapura_V1\communication.c
                COM_reset   0x0037be    program     extern C:\Users\IDEONICS-BNG\Desktop\subhra\ANDON\AndonXBeeTerminal_kanapura_V1\communication.c
              COM_restart   0x00378c    program     extern C:\Users\IDEONICS-BNG\Desktop\subhra\ANDON\AndonXBeeTerminal_kanapura_V1\communication.c
                 COM_task   0x0037ec    program     extern C:\Users\IDEONICS-BNG\Desktop\subhra\ANDON\AndonXBeeTerminal_kanapura_V1\communication.c
               COM_txData   0x003ab4    program     extern C:\Users\IDEONICS-BNG\Desktop\subhra\ANDON\AndonXBeeTerminal_kanapura_V1\communication.c
                COM_txStr   0x003b46    program     extern C:\Users\IDEONICS-BNG\Desktop\subhra\ANDON\AndonXBeeTerminal_kanapura_V1\communication.c
                   D1616S   0x0047c4    program     static E:\c18v3.46\pic18-lt\cxx-framework\src\traditional\math\fxd1616s.asm
                D1616SNEG   0x0047d2    program     static E:\c18v3.46\pic18-lt\cxx-framework\src\traditional\math\fxd1616s.asm
                 D1616SOK   0x0047ce    program     static E:\c18v3.46\pic18-lt\cxx-framework\src\traditional\math\fxd1616s.asm
                  D1616SX   0x0047e4    program     static E:\c18v3.46\pic18-lt\cxx-framework\src\traditional\math\fxd1616s.asm
                    D1K_1   0x004be8    program     static E:\c18v3.46\pic18-lt\cxx-framework\src\traditional\delays\d1ktcyx.asm
                     D1Kx   0x004be6    program     static E:\c18v3.46\pic18-lt\cxx-framework\src\traditional\delays\d1ktcyx.asm
                  DA1616S   0x0047b4    program     static E:\c18v3.46\pic18-lt\cxx-framework\src\traditional\math\fxd1616s.asm
              Delay1KTCYx   0x004bdc    program     extern E:\c18v3.46\pic18-lt\cxx-framework\src\traditional\delays\d1ktcyx.asm
         EnableInterrupts   0x000022    program     extern C:\Users\IDEONICS-BNG\Desktop\subhra\ANDON\AndonXBeeTerminal_kanapura_V1\interruptvector.c
                 FXD1616S   0x0047a2    program     extern E:\c18v3.46\pic18-lt\cxx-framework\src\traditional\math\fxd1616s.asm
                 FXD1616U   0x004bb0    program     extern E:\c18v3.46\pic18-lt\cxx-framework\src\traditional\math\fxd1616u.c
                 FXM1616U   0x0047ee    program     extern E:\c18v3.46\pic18-lt\cxx-framework\src\traditional\math\fxm1616u.asm
               GetAppTime   0x0046a4    program     extern C:\Users\IDEONICS-BNG\Desktop\subhra\ANDON\AndonXBeeTerminal_kanapura_V1\timer.c
                  HB_init   0x004c1c    program     extern C:\Users\IDEONICS-BNG\Desktop\subhra\ANDON\AndonXBeeTerminal_kanapura_V1\heartBeat.c
                  HB_task   0x004c22    program     extern C:\Users\IDEONICS-BNG\Desktop\subhra\ANDON\AndonXBeeTerminal_kanapura_V1\heartBeat.c
                  InitLcd   0x003d50    program     extern C:\Users\IDEONICS-BNG\Desktop\subhra\ANDON\AndonXBeeTerminal_kanapura_V1\lcd.c
              KEYPAD_init   0x004052    program     extern C:\Users\IDEONICS-BNG\Desktop\subhra\ANDON\AndonXBeeTerminal_kanapura_V1\keypad.c
              KEYPAD_read   0x00410c    program     extern C:\Users\IDEONICS-BNG\Desktop\subhra\ANDON\AndonXBeeTerminal_kanapura_V1\keypad.c
             KEYPAD_reset   0x004192    program     extern C:\Users\IDEONICS-BNG\Desktop\subhra\ANDON\AndonXBeeTerminal_kanapura_V1\keypad.c
              KEYPAD_task   0x004070    program     extern C:\Users\IDEONICS-BNG\Desktop\subhra\ANDON\AndonXBeeTerminal_kanapura_V1\keypad.c
                LCD_clear   0x003ed4    program     extern C:\Users\IDEONICS-BNG\Desktop\subhra\ANDON\AndonXBeeTerminal_kanapura_V1\lcd.c
                 LCD_init   0x003f7e    program     extern C:\Users\IDEONICS-BNG\Desktop\subhra\ANDON\AndonXBeeTerminal_kanapura_V1\lcd.c
              LCD_putChar   0x003ee2    program     extern C:\Users\IDEONICS-BNG\Desktop\subhra\ANDON\AndonXBeeTerminal_kanapura_V1\lcd.c
         LCD_setBackSpace   0x003ebe    program     extern C:\Users\IDEONICS-BNG\Desktop\subhra\ANDON\AndonXBeeTerminal_kanapura_V1\lcd.c
         LCD_writeCommand   0x003cb4    program     extern C:\Users\IDEONICS-BNG\Desktop\subhra\ANDON\AndonXBeeTerminal_kanapura_V1\lcd.c
            LCD_writeData   0x003d02    program     extern C:\Users\IDEONICS-BNG\Desktop\subhra\ANDON\AndonXBeeTerminal_kanapura_V1\lcd.c
               Open1USART   0x00491a    program     extern E:\c18v3.46\pic18-lt\cxx-framework\src\pmc_common\USART\u1open.c
               Open2USART   0x0048a2    program     extern E:\c18v3.46\pic18-lt\cxx-framework\src\pmc_common\USART\u2open.c
               OpenTimer0   0x004b78    program     extern E:\c18v3.46\pic18-lt\cxx-framework\src\pmc_common\Timers\t0open.c
               Read1USART   0x004b02    program     extern E:\c18v3.46\pic18-lt\cxx-framework\src\pmc_common\USART\u1read.c
               Read2USART   0x004ac4    program     extern E:\c18v3.46\pic18-lt\cxx-framework\src\pmc_common\USART\u2read.c
               Read_b_eep   0x00498c    program     extern E:\c18v3.46\pic18-lt\cxx-framework\src\pmc_common\EEP\read_B.c
             ResetAppTime   0x0046f4    program     extern C:\Users\IDEONICS-BNG\Desktop\subhra\ANDON\AndonXBeeTerminal_kanapura_V1\timer.c
               TIMER0_ISR   0x0042f4    program     extern C:\Users\IDEONICS-BNG\Desktop\subhra\ANDON\AndonXBeeTerminal_kanapura_V1\timer.c
              TIMER0_init   0x00465c    program     extern C:\Users\IDEONICS-BNG\Desktop\subhra\ANDON\AndonXBeeTerminal_kanapura_V1\timer.c
            UART1_hasData   0x00366c    program     extern C:\Users\IDEONICS-BNG\Desktop\subhra\ANDON\AndonXBeeTerminal_kanapura_V1\uart.c
               UART1_init   0x00336e    program     extern C:\Users\IDEONICS-BNG\Desktop\subhra\ANDON\AndonXBeeTerminal_kanapura_V1\uart.c
               UART1_read   0x0036a6    program     extern C:\Users\IDEONICS-BNG\Desktop\subhra\ANDON\AndonXBeeTerminal_kanapura_V1\uart.c
           UART1_transmit   0x003452    program     extern C:\Users\IDEONICS-BNG\Desktop\subhra\ANDON\AndonXBeeTerminal_kanapura_V1\uart.c
              UART1_write   0x0033d6    program     extern C:\Users\IDEONICS-BNG\Desktop\subhra\ANDON\AndonXBeeTerminal_kanapura_V1\uart.c
            UART2_hasData   0x003632    program     extern C:\Users\IDEONICS-BNG\Desktop\subhra\ANDON\AndonXBeeTerminal_kanapura_V1\uart.c
               UART2_init   0x00339e    program     extern C:\Users\IDEONICS-BNG\Desktop\subhra\ANDON\AndonXBeeTerminal_kanapura_V1\uart.c
               UART2_read   0x0036fe    program     extern C:\Users\IDEONICS-BNG\Desktop\subhra\ANDON\AndonXBeeTerminal_kanapura_V1\uart.c
           UART2_transmit   0x003542    program     extern C:\Users\IDEONICS-BNG\Desktop\subhra\ANDON\AndonXBeeTerminal_kanapura_V1\uart.c
              UART2_write   0x003414    program     extern C:\Users\IDEONICS-BNG\Desktop\subhra\ANDON\AndonXBeeTerminal_kanapura_V1\uart.c
                  UI_init   0x002448    program     extern C:\Users\IDEONICS-BNG\Desktop\subhra\ANDON\AndonXBeeTerminal_kanapura_V1\UI.c
              UI_setState   0x002c78    program     extern C:\Users\IDEONICS-BNG\Desktop\subhra\ANDON\AndonXBeeTerminal_kanapura_V1\UI.c
                  UI_task   0x002580    program     extern C:\Users\IDEONICS-BNG\Desktop\subhra\ANDON\AndonXBeeTerminal_kanapura_V1\UI.c
      UI_updateDepartment   0x002fde    program     extern C:\Users\IDEONICS-BNG\Desktop\subhra\ANDON\AndonXBeeTerminal_kanapura_V1\UI.c
     Uart1_ReceiveHandler   0x004402    program     extern C:\Users\IDEONICS-BNG\Desktop\subhra\ANDON\AndonXBeeTerminal_kanapura_V1\uart.c
    Uart1_TransmitHandler   0x003266    program     extern C:\Users\IDEONICS-BNG\Desktop\subhra\ANDON\AndonXBeeTerminal_kanapura_V1\uart.c
     Uart2_ReceiveHandler   0x003196    program     extern C:\Users\IDEONICS-BNG\Desktop\subhra\ANDON\AndonXBeeTerminal_kanapura_V1\uart.c
    Uart2_TransmitHandler   0x0032ea    program     extern C:\Users\IDEONICS-BNG\Desktop\subhra\ANDON\AndonXBeeTerminal_kanapura_V1\uart.c
              WriteTimer0   0x004b40    program     extern E:\c18v3.46\pic18-lt\cxx-framework\src\pmc_common\Timers\t0write.c
              Write_b_eep   0x00482a    program     extern E:\c18v3.46\pic18-lt\cxx-framework\src\pmc_common\EEP\write_B.c
              _2jContinue   0x0044f2    program     static E:\c18v3.46\pic18-lt\cxx-framework\src\traditional\stdclib\memset.asm
                   _3jEnd   0x0044fc    program     static E:\c18v3.46\pic18-lt\cxx-framework\src\traditional\stdclib\memset.asm
        _D1KTCYXCODE_0010   0x004bec    program     static E:\c18v3.46\pic18-lt\cxx-framework\src\traditional\delays\d1ktcyx.asm
        _D1KTCYXCODE_0016   0x004bf2    program     static E:\c18v3.46\pic18-lt\cxx-framework\src\traditional\delays\d1ktcyx.asm
       ___case_1_lbl00041   0x0006e8    program     static                          
       ___case_1_lbl00079   0x0011a0    program     static                          
       ___case_1_lbl00134   0x001772    program     static                          
       ___case_2_lbl00044   0x000702    program     static                          
       ___case_3_lbl00047   0x00071c    program     static                          
       ___case_3_lbl00085   0x0012a2    program     static                          
       ___case_3_lbl00148   0x001890    program     static                          
       ___case_4_lbl00052   0x000736    program     static                          
      ___default_lbl00053   0x000776    program     static                          
      ___default_lbl00096   0x0013be    program     static                          
      ___default_lbl00149   0x001a06    program     static                          
         ___else_lbl00011   0x000270    program     static                          
         ___else_lbl00013   0x00025c    program     static                          
         ___else_lbl00040   0x0006fe    program     static                          
         ___else_lbl00043   0x000718    program     static                          
         ___else_lbl00046   0x000732    program     static                          
         ___else_lbl00051   0x000772    program     static                          
         ___else_lbl00090   0x0013aa    program     static                          
         ___else_lbl00092   0x0013ba    program     static                          
         ___else_lbl00094   0x0013b2    program     static                          
         ___else_lbl00113   0x00164e    program     static                          
         ___else_lbl00141   0x0019b0    program     static                          
         ___else_lbl00143   0x0019e8    program     static                          
         ___else_lbl00145   0x0019cc    program     static                          
          ___for_lbl00001   0x00023e    program     static                          
          ___for_lbl00002   0x000248    program     static                          
          ___for_lbl00003   0x0001ac    program     static                          
          ___for_lbl00004   0x0001b2    program     static                          
          ___for_lbl00005   0x000138    program     static                          
          ___for_lbl00009   0x0000f8    program     static                          
          ___for_lbl00032   0x0006c6    program     static                          
          ___for_lbl00033   0x0006ca    program     static                          
          ___for_lbl00035   0x00056a    program     static                          
          ___for_lbl00036   0x000778    program     static                          
          ___for_lbl00037   0x00077c    program     static                          
          ___for_lbl00054   0x0006ce    program     static                          
          ___for_lbl00080   0x00128e    program     static                          
          ___for_lbl00081   0x001294    program     static                          
          ___for_lbl00082   0x00123a    program     static                          
          ___for_lbl00086   0x001392    program     static                          
          ___for_lbl00087   0x001398    program     static                          
          ___for_lbl00088   0x00133e    program     static                          
          ___for_lbl00097   0x0013fc    program     static                          
          ___for_lbl00098   0x001400    program     static                          
          ___for_lbl00100   0x0013c2    program     static                          
          ___for_lbl00102   0x00149a    program     static                          
          ___for_lbl00103   0x00149e    program     static                          
          ___for_lbl00106   0x001422    program     static                          
          ___for_lbl00107   0x001662    program     static                          
          ___for_lbl00108   0x001666    program     static                          
          ___for_lbl00109   0x001604    program     static                          
          ___for_lbl00110   0x00160a    program     static                          
          ___for_lbl00111   0x0015b2    program     static                          
          ___for_lbl00115   0x0014a0    program     static                          
          ___for_lbl00119   0x00175e    program     static                          
          ___for_lbl00120   0x001762    program     static                          
          ___for_lbl00124   0x0016c6    program     static                          
          ___for_lbl00126   0x00188a    program     static                          
          ___for_lbl00127   0x00188e    program     static                          
          ___for_lbl00128   0x001864    program     static                          
          ___for_lbl00129   0x00186a    program     static                          
          ___for_lbl00130   0x001810    program     static                          
          ___for_lbl00133   0x001774    program     static                          
          ___for_lbl00135   0x001a00    program     static                          
          ___for_lbl00136   0x001a04    program     static                          
          ___for_lbl00137   0x001984    program     static                          
          ___for_lbl00138   0x00198a    program     static                          
          ___for_lbl00139   0x001930    program     static                          
          ___for_lbl00147   0x001892    program     static                          
          ___for_lbl00157   0x001bdc    program     static                          
          ___for_lbl00158   0x001be0    program     static                          
          ___for_lbl00160   0x001ba4    program     static                          
          ___for_lbl00177   0x001f2e    program     static                          
          ___for_lbl00178   0x001f32    program     static                          
          ___for_lbl00181   0x001e66    program     static                          
          ___for_lbl00191   0x00213e    program     static                          
          ___for_lbl00192   0x002148    program     static                          
          ___for_lbl00193   0x002076    program     static                          
          ___for_lbl00194   0x002178    program     static                          
          ___for_lbl00195   0x002182    program     static                          
          ___for_lbl00196   0x00214c    program     static                          
          ___for_lbl00197   0x0021ae    program     static                          
          ___for_lbl00198   0x0021b8    program     static                          
          ___for_lbl00199   0x002188    program     static                          
          ___for_lbl00211   0x0023d6    program     static                          
          ___for_lbl00212   0x0023da    program     static                          
          ___for_lbl00213   0x00238c    program     static                          
          ___for_lbl00215   0x00243a    program     static                          
          ___for_lbl00216   0x00243e    program     static                          
          ___for_lbl00217   0x0023f0    program     static                          
           ___if_lbl00001   0x000010    program     static                          
           ___if_lbl00003   0x0045f6    program     static                          
           ___if_lbl00003   0x000020    program     static                          
           ___if_lbl00003   0x003c64    program     static                          
           ___if_lbl00004   0x00460c    program     static                          
           ___if_lbl00005   0x004622    program     static                          
           ___if_lbl00006   0x0001de    program     static                          
           ___if_lbl00006   0x004638    program     static                          
           ___if_lbl00007   0x00020c    program     static                          
           ___if_lbl00007   0x00464e    program     static                          
           ___if_lbl00008   0x00023e    program     static                          
           ___if_lbl00010   0x00027a    program     static                          
           ___if_lbl00012   0x00027a    program     static                          
           ___if_lbl00014   0x00028a    program     static                          
           ___if_lbl00034   0x0006c6    program     static                          
           ___if_lbl00039   0x000700    program     static                          
           ___if_lbl00042   0x00071a    program     static                          
           ___if_lbl00045   0x000734    program     static                          
           ___if_lbl00050   0x000774    program     static                          
           ___if_lbl00055   0x00077c    program     static                          
           ___if_lbl00075   0x00112c    program     static                          
           ___if_lbl00076   0x00112c    program     static                          
           ___if_lbl00077   0x00112c    program     static                          
           ___if_lbl00083   0x00129e    program     static                          
           ___if_lbl00084   0x0012a0    program     static                          
           ___if_lbl00089   0x0013b0    program     static                          
           ___if_lbl00091   0x0013ba    program     static                          
           ___if_lbl00093   0x0013ba    program     static                          
           ___if_lbl00095   0x0013bc    program     static                          
           ___if_lbl00099   0x0013fc    program     static                          
           ___if_lbl00104   0x00149a    program     static                          
           ___if_lbl00105   0x00149a    program     static                          
           ___if_lbl00112   0x00164e    program     static                          
           ___if_lbl00114   0x001662    program     static                          
           ___if_lbl00116   0x001672    program     static                          
           ___if_lbl00118   0x0016c4    program     static                          
           ___if_lbl00121   0x00175e    program     static                          
           ___if_lbl00122   0x00175e    program     static                          
           ___if_lbl00123   0x00175e    program     static                          
           ___if_lbl00131   0x001888    program     static                          
           ___if_lbl00132   0x00188a    program     static                          
           ___if_lbl00140   0x0019ca    program     static                          
           ___if_lbl00142   0x0019fe    program     static                          
           ___if_lbl00144   0x0019fe    program     static                          
           ___if_lbl00146   0x001a00    program     static                          
           ___if_lbl00159   0x001bdc    program     static                          
           ___if_lbl00179   0x001f2e    program     static                          
           ___if_lbl00180   0x001f2e    program     static                          
       ___return_lbl00000   0x000004    program     static                          
       ___return_lbl00000   0x0049dc    program     static                          
       ___return_lbl00000   0x000010    program     static                          
       ___return_lbl00000   0x004bda    program     static                          
       ___return_lbl00000   0x004652    program     static                          
       ___return_lbl00000   0x0002e0    program     static                          
       ___return_lbl00000   0x003c6c    program     static                          
       ___return_lbl00001   0x004c54    program     static                          
       ___return_lbl00002   0x000020    program     static                          
       ___return_lbl00002   0x0047a0    program     static                          
       ___return_lbl00004   0x003cac    program     static                          
       ___return_lbl00005   0x003cfa    program     static                          
       ___return_lbl00006   0x003d48    program     static                          
       ___return_lbl00031   0x00077c    program     static                          
       ___return_lbl00074   0x001400    program     static                          
       ___return_lbl00101   0x001672    program     static                          
       ___return_lbl00117   0x001a08    program     static                          
       ___return_lbl00156   0x001be2    program     static                          
       ___return_lbl00176   0x001f38    program     static                          
       ___return_lbl00190   0x0021ba    program     static                          
       ___return_lbl00210   0x0023da    program     static                          
       ___return_lbl00214   0x00243e    program     static                          
   ___switchexit_lbl00038   0x000778    program     static                          
   ___switchexit_lbl00078   0x0013c0    program     static                          
   ___switchexit_lbl00125   0x001a08    program     static                          
        ___while_lbl00001   0x003c18    program     static                          
        ___while_lbl00001   0x0045e0    program     static                          
        ___while_lbl00002   0x003c66    program     static                          
        ___while_lbl00002   0x004652    program     static                          
               __config_0   0x300001    program     static C:\Users\IDEONICS-BNG\Desktop\subhra\ANDON\AndonXBeeTerminal_kanapura_V1\main.c
               __config_1   0x300002    program     static C:\Users\IDEONICS-BNG\Desktop\subhra\ANDON\AndonXBeeTerminal_kanapura_V1\main.c
              __config_10   0x30000d    program     static C:\Users\IDEONICS-BNG\Desktop\subhra\ANDON\AndonXBeeTerminal_kanapura_V1\main.c
               __config_2   0x300003    program     static C:\Users\IDEONICS-BNG\Desktop\subhra\ANDON\AndonXBeeTerminal_kanapura_V1\main.c
               __config_3   0x300005    program     static C:\Users\IDEONICS-BNG\Desktop\subhra\ANDON\AndonXBeeTerminal_kanapura_V1\main.c
               __config_4   0x300006    program     static C:\Users\IDEONICS-BNG\Desktop\subhra\ANDON\AndonXBeeTerminal_kanapura_V1\main.c
               __config_5   0x300008    program     static C:\Users\IDEONICS-BNG\Desktop\subhra\ANDON\AndonXBeeTerminal_kanapura_V1\main.c
               __config_6   0x300009    program     static C:\Users\IDEONICS-BNG\Desktop\subhra\ANDON\AndonXBeeTerminal_kanapura_V1\main.c
               __config_7   0x30000a    program     static C:\Users\IDEONICS-BNG\Desktop\subhra\ANDON\AndonXBeeTerminal_kanapura_V1\main.c
               __config_8   0x30000b    program     static C:\Users\IDEONICS-BNG\Desktop\subhra\ANDON\AndonXBeeTerminal_kanapura_V1\main.c
               __config_9   0x30000c    program     static C:\Users\IDEONICS-BNG\Desktop\subhra\ANDON\AndonXBeeTerminal_kanapura_V1\main.c
                   __init   0x004c68    program     extern E:\c18v3.46\pic18-lt\cxx-framework\src\traditional\stdclib\__init.c
               __string_0   0x004aba    program     static C:\Users\IDEONICS-BNG\Desktop\subhra\ANDON\AndonXBeeTerminal_kanapura_V1\UI.c
               __string_1   0x004aae    program     static C:\Users\IDEONICS-BNG\Desktop\subhra\ANDON\AndonXBeeTerminal_kanapura_V1\UI.c
               __string_2   0x004aa7    program     static C:\Users\IDEONICS-BNG\Desktop\subhra\ANDON\AndonXBeeTerminal_kanapura_V1\UI.c
               __string_3   0x004a9d    program     static C:\Users\IDEONICS-BNG\Desktop\subhra\ANDON\AndonXBeeTerminal_kanapura_V1\UI.c
               __string_4   0x004a8d    program     static C:\Users\IDEONICS-BNG\Desktop\subhra\ANDON\AndonXBeeTerminal_kanapura_V1\UI.c
               __string_5   0x004a80    program     static C:\Users\IDEONICS-BNG\Desktop\subhra\ANDON\AndonXBeeTerminal_kanapura_V1\UI.c
               __tmplbl_0   0x000554    program     static                          
               __tmplbl_1   0x00076e    program     static                          
               __tmplbl_2   0x00075a    program     static                          
               __tmplbl_3   0x000748    program     static                          
            __zero_memory   0x004bfc    program     extern E:\c18v3.46\pic18-lt\cxx-framework\src\traditional\proc\p18f46k22.asm
                _do_cinit   0x004704    program     extern E:\c18v3.46\pic18-lt\cxx-framework\src\traditional\startup\c018i.c
                   _entry   0x000000    program     extern E:\c18v3.46\pic18-lt\cxx-framework\src\traditional\startup\c018i.c
                 _startup   0x004c3a    program     extern E:\c18v3.46\pic18-lt\cxx-framework\src\traditional\startup\c018i.c
         acknowledgeIssue   0x001f50    program     extern C:\Users\IDEONICS-BNG\Desktop\subhra\ANDON\AndonXBeeTerminal_kanapura_V1\app.c
                  busyLcd   0x003bf4    program     static C:\Users\IDEONICS-BNG\Desktop\subhra\ANDON\AndonXBeeTerminal_kanapura_V1\lcd.c
                 checksum   0x003b90    program     extern C:\Users\IDEONICS-BNG\Desktop\subhra\ANDON\AndonXBeeTerminal_kanapura_V1\communication.c
              clearScreen   0x004c56    program     static C:\Users\IDEONICS-BNG\Desktop\subhra\ANDON\AndonXBeeTerminal_kanapura_V1\lcd.c
            clearUIBuffer   0x002d9c    program     extern C:\Users\IDEONICS-BNG\Desktop\subhra\ANDON\AndonXBeeTerminal_kanapura_V1\UI.c
             clearUIInput   0x002dc6    program     extern C:\Users\IDEONICS-BNG\Desktop\subhra\ANDON\AndonXBeeTerminal_kanapura_V1\UI.c
                compare_l   0x004c12    program     static E:\c18v3.46\pic18-lt\cxx-framework\src\traditional\proc\p18f46k22.asm
                copy_loop   0x004776    program     static                          
            copy_one_byte   0x00477c    program     static                          
               dataPortIn   0x004032    program     extern C:\Users\IDEONICS-BNG\Desktop\subhra\ANDON\AndonXBeeTerminal_kanapura_V1\lcd.c
              dataPortOut   0x004042    program     extern C:\Users\IDEONICS-BNG\Desktop\subhra\ANDON\AndonXBeeTerminal_kanapura_V1\lcd.c
                     done   0x0047a0    program     static                          
             done_copying   0x00478a    program     static                          
                  endloop   0x004bd6    program     static                          
                  getData   0x002d32    program     extern C:\Users\IDEONICS-BNG\Desktop\subhra\ANDON\AndonXBeeTerminal_kanapura_V1\UI.c
               getStation   0x002c88    program     extern C:\Users\IDEONICS-BNG\Desktop\subhra\ANDON\AndonXBeeTerminal_kanapura_V1\UI.c
             getStatusLog   0x001a1c    program     extern C:\Users\IDEONICS-BNG\Desktop\subhra\ANDON\AndonXBeeTerminal_kanapura_V1\app.c
           high_interrupt   0x000008    program     extern C:\Users\IDEONICS-BNG\Desktop\subhra\ANDON\AndonXBeeTerminal_kanapura_V1\interruptvector.c
            issueResolved   0x001ce0    program     extern C:\Users\IDEONICS-BNG\Desktop\subhra\ANDON\AndonXBeeTerminal_kanapura_V1\app.c
                     jEnd   0x004504    program     static E:\c18v3.46\pic18-lt\cxx-framework\src\traditional\stdclib\memset.asm
                     jEnd   0x004530    program     static E:\c18v3.46\pic18-lt\cxx-framework\src\traditional\stdclib\strcmp.asm
                     jEnd   0x0045a2    program     static E:\c18v3.46\pic18-lt\cxx-framework\src\traditional\stdclib\strlen.asm
                    jLoop   0x004598    program     static E:\c18v3.46\pic18-lt\cxx-framework\src\traditional\stdclib\strlen.asm
                    jLoop   0x00456e    program     static E:\c18v3.46\pic18-lt\cxx-framework\src\traditional\stdclib\strcpy.asm
                    jLoop   0x004526    program     static E:\c18v3.46\pic18-lt\cxx-framework\src\traditional\stdclib\strcmp.asm
                    jLoop   0x0044e6    program     static E:\c18v3.46\pic18-lt\cxx-framework\src\traditional\stdclib\memset.asm
                   keyMap   0x0049e8    program     extern C:\Users\IDEONICS-BNG\Desktop\subhra\ANDON\AndonXBeeTerminal_kanapura_V1\UI.c
                    login   0x0002f4    program     extern C:\Users\IDEONICS-BNG\Desktop\subhra\ANDON\AndonXBeeTerminal_kanapura_V1\app.c
                     loop   0x004c4a    program     static                          
                     loop   0x004bba    program     static                          
                   loop_h   0x004c0a    program     static E:\c18v3.46\pic18-lt\cxx-framework\src\traditional\proc\p18f46k22.asm
                   loop_l   0x004c14    program     static E:\c18v3.46\pic18-lt\cxx-framework\src\traditional\proc\p18f46k22.asm
            low_interrupt   0x000018    program     extern C:\Users\IDEONICS-BNG\Desktop\subhra\ANDON\AndonXBeeTerminal_kanapura_V1\interruptvector.c
                     main   0x0045a4    program     extern C:\Users\IDEONICS-BNG\Desktop\subhra\ANDON\AndonXBeeTerminal_kanapura_V1\main.c
                   mapKey   0x002a34    program     extern C:\Users\IDEONICS-BNG\Desktop\subhra\ANDON\AndonXBeeTerminal_kanapura_V1\UI.c
                   memset   0x0044d2    program     extern E:\c18v3.46\pic18-lt\cxx-framework\src\traditional\stdclib\memset.asm
              parsePacket   0x003a12    program     extern C:\Users\IDEONICS-BNG\Desktop\subhra\ANDON\AndonXBeeTerminal_kanapura_V1\communication.c
                putUIdept   0x002f58    program     extern C:\Users\IDEONICS-BNG\Desktop\subhra\ANDON\AndonXBeeTerminal_kanapura_V1\UI.c
                 putUImsg   0x002ed0    program     extern C:\Users\IDEONICS-BNG\Desktop\subhra\ANDON\AndonXBeeTerminal_kanapura_V1\UI.c
    rawWriteCommand8ToLcd   0x003c84    program     static C:\Users\IDEONICS-BNG\Desktop\subhra\ANDON\AndonXBeeTerminal_kanapura_V1\lcd.c
            readDeptRaise   0x0023e4    program     extern C:\Users\IDEONICS-BNG\Desktop\subhra\ANDON\AndonXBeeTerminal_kanapura_V1\app.c
             resolveIssue   0x001686    program     extern C:\Users\IDEONICS-BNG\Desktop\subhra\ANDON\AndonXBeeTerminal_kanapura_V1\app.c
               scanKeypad   0x0041ac    program     static C:\Users\IDEONICS-BNG\Desktop\subhra\ANDON\AndonXBeeTerminal_kanapura_V1\keypad.c
                 setUImsg   0x002e44    program     extern C:\Users\IDEONICS-BNG\Desktop\subhra\ANDON\AndonXBeeTerminal_kanapura_V1\UI.c
                showUImsg   0x002de8    program     extern C:\Users\IDEONICS-BNG\Desktop\subhra\ANDON\AndonXBeeTerminal_kanapura_V1\UI.c
                   strcmp   0x004506    program     extern E:\c18v3.46\pic18-lt\cxx-framework\src\traditional\stdclib\strcmp.asm
                   strcpy   0x004546    program     extern E:\c18v3.46\pic18-lt\cxx-framework\src\traditional\stdclib\strcpy.asm
                   strlen   0x004588    program     extern E:\c18v3.46\pic18-lt\cxx-framework\src\traditional\stdclib\strlen.asm
                     test   0x00471e    program     static                          
                  timeout   0x000006    program     static C:\Users\IDEONICS-BNG\Desktop\subhra\ANDON\AndonXBeeTerminal_kanapura_V1\app.c
         updateIndication   0x001ca0    program     static C:\Users\IDEONICS-BNG\Desktop\subhra\ANDON\AndonXBeeTerminal_kanapura_V1\app.c
                updateLog   0x001bec    program     static C:\Users\IDEONICS-BNG\Desktop\subhra\ANDON\AndonXBeeTerminal_kanapura_V1\app.c
          update_timeouts   0x001e54    program     extern C:\Users\IDEONICS-BNG\Desktop\subhra\ANDON\AndonXBeeTerminal_kanapura_V1\app.c
           writeDeptRaise   0x002380    program     extern C:\Users\IDEONICS-BNG\Desktop\subhra\ANDON\AndonXBeeTerminal_kanapura_V1\app.c
               writetoLCD   0x003f8e    program     extern C:\Users\IDEONICS-BNG\Desktop\subhra\ANDON\AndonXBeeTerminal_kanapura_V1\lcd.c
               zero_block   0x004c0a    program     static E:\c18v3.46\pic18-lt\cxx-framework\src\traditional\proc\p18f46k22.asm
                   ADCON0   0x000fc2       data     extern E:\c18v3.46\pic18-lt\cxx-framework\src\traditional\proc\p18f46k22.asm
               ADCON0bits   0x000fc2       data     extern E:\c18v3.46\pic18-lt\cxx-framework\src\traditional\proc\p18f46k22.asm
                   ADCON1   0x000fc1       data     extern E:\c18v3.46\pic18-lt\cxx-framework\src\traditional\proc\p18f46k22.asm
               ADCON1bits   0x000fc1       data     extern E:\c18v3.46\pic18-lt\cxx-framework\src\traditional\proc\p18f46k22.asm
                   ADCON2   0x000fc0       data     extern E:\c18v3.46\pic18-lt\cxx-framework\src\traditional\proc\p18f46k22.asm
               ADCON2bits   0x000fc0       data     extern E:\c18v3.46\pic18-lt\cxx-framework\src\traditional\proc\p18f46k22.asm
                    ADRES   0x000fc3       data     extern E:\c18v3.46\pic18-lt\cxx-framework\src\traditional\proc\p18f46k22.asm
                   ADRESH   0x000fc4       data     extern E:\c18v3.46\pic18-lt\cxx-framework\src\traditional\proc\p18f46k22.asm
                   ADRESL   0x000fc3       data     extern E:\c18v3.46\pic18-lt\cxx-framework\src\traditional\proc\p18f46k22.asm
                   ANSELA   0x000f38       data     extern E:\c18v3.46\pic18-lt\cxx-framework\src\traditional\proc\p18f46k22.asm
               ANSELAbits   0x000f38       data     extern E:\c18v3.46\pic18-lt\cxx-framework\src\traditional\proc\p18f46k22.asm
                   ANSELB   0x000f39       data     extern E:\c18v3.46\pic18-lt\cxx-framework\src\traditional\proc\p18f46k22.asm
               ANSELBbits   0x000f39       data     extern E:\c18v3.46\pic18-lt\cxx-framework\src\traditional\proc\p18f46k22.asm
                   ANSELC   0x000f3a       data     extern E:\c18v3.46\pic18-lt\cxx-framework\src\traditional\proc\p18f46k22.asm
               ANSELCbits   0x000f3a       data     extern E:\c18v3.46\pic18-lt\cxx-framework\src\traditional\proc\p18f46k22.asm
                   ANSELD   0x000f3b       data     extern E:\c18v3.46\pic18-lt\cxx-framework\src\traditional\proc\p18f46k22.asm
               ANSELDbits   0x000f3b       data     extern E:\c18v3.46\pic18-lt\cxx-framework\src\traditional\proc\p18f46k22.asm
                   ANSELE   0x000f3c       data     extern E:\c18v3.46\pic18-lt\cxx-framework\src\traditional\proc\p18f46k22.asm
               ANSELEbits   0x000f3c       data     extern E:\c18v3.46\pic18-lt\cxx-framework\src\traditional\proc\p18f46k22.asm
             AppTimestamp   0x000e1a       data     extern C:\Users\IDEONICS-BNG\Desktop\subhra\ANDON\AndonXBeeTerminal_kanapura_V1\timer.c
                 BAUD1CON   0x000fb8       data     extern E:\c18v3.46\pic18-lt\cxx-framework\src\traditional\proc\p18f46k22.asm
             BAUD1CONbits   0x000fb8       data     extern E:\c18v3.46\pic18-lt\cxx-framework\src\traditional\proc\p18f46k22.asm
                 BAUD2CON   0x000f70       data     extern E:\c18v3.46\pic18-lt\cxx-framework\src\traditional\proc\p18f46k22.asm
             BAUD2CONbits   0x000f70       data     extern E:\c18v3.46\pic18-lt\cxx-framework\src\traditional\proc\p18f46k22.asm
                  BAUDCON   0x000fb8       data     extern E:\c18v3.46\pic18-lt\cxx-framework\src\traditional\proc\p18f46k22.asm
                 BAUDCON1   0x000fb8       data     extern E:\c18v3.46\pic18-lt\cxx-framework\src\traditional\proc\p18f46k22.asm
             BAUDCON1bits   0x000fb8       data     extern E:\c18v3.46\pic18-lt\cxx-framework\src\traditional\proc\p18f46k22.asm
                 BAUDCON2   0x000f70       data     extern E:\c18v3.46\pic18-lt\cxx-framework\src\traditional\proc\p18f46k22.asm
             BAUDCON2bits   0x000f70       data     extern E:\c18v3.46\pic18-lt\cxx-framework\src\traditional\proc\p18f46k22.asm
              BAUDCONbits   0x000fb8       data     extern E:\c18v3.46\pic18-lt\cxx-framework\src\traditional\proc\p18f46k22.asm
                  BAUDCTL   0x000fb8       data     extern E:\c18v3.46\pic18-lt\cxx-framework\src\traditional\proc\p18f46k22.asm
              BAUDCTLbits   0x000fb8       data     extern E:\c18v3.46\pic18-lt\cxx-framework\src\traditional\proc\p18f46k22.asm
                      BSR   0x000fe0       data     extern E:\c18v3.46\pic18-lt\cxx-framework\src\traditional\proc\p18f46k22.asm
                  CCP1CON   0x000fbd       data     extern E:\c18v3.46\pic18-lt\cxx-framework\src\traditional\proc\p18f46k22.asm
              CCP1CONbits   0x000fbd       data     extern E:\c18v3.46\pic18-lt\cxx-framework\src\traditional\proc\p18f46k22.asm
                   CCP2AS   0x000f64       data     extern E:\c18v3.46\pic18-lt\cxx-framework\src\traditional\proc\p18f46k22.asm
               CCP2ASbits   0x000f64       data     extern E:\c18v3.46\pic18-lt\cxx-framework\src\traditional\proc\p18f46k22.asm
                  CCP2CON   0x000f66       data     extern E:\c18v3.46\pic18-lt\cxx-framework\src\traditional\proc\p18f46k22.asm
              CCP2CONbits   0x000f66       data     extern E:\c18v3.46\pic18-lt\cxx-framework\src\traditional\proc\p18f46k22.asm
                   CCP3AS   0x000f5b       data     extern E:\c18v3.46\pic18-lt\cxx-framework\src\traditional\proc\p18f46k22.asm
               CCP3ASbits   0x000f5b       data     extern E:\c18v3.46\pic18-lt\cxx-framework\src\traditional\proc\p18f46k22.asm
                  CCP3CON   0x000f5d       data     extern E:\c18v3.46\pic18-lt\cxx-framework\src\traditional\proc\p18f46k22.asm
              CCP3CONbits   0x000f5d       data     extern E:\c18v3.46\pic18-lt\cxx-framework\src\traditional\proc\p18f46k22.asm
                  CCP4CON   0x000f57       data     extern E:\c18v3.46\pic18-lt\cxx-framework\src\traditional\proc\p18f46k22.asm
              CCP4CONbits   0x000f57       data     extern E:\c18v3.46\pic18-lt\cxx-framework\src\traditional\proc\p18f46k22.asm
                  CCP5CON   0x000f54       data     extern E:\c18v3.46\pic18-lt\cxx-framework\src\traditional\proc\p18f46k22.asm
              CCP5CONbits   0x000f54       data     extern E:\c18v3.46\pic18-lt\cxx-framework\src\traditional\proc\p18f46k22.asm
                    CCPR1   0x000fbe       data     extern E:\c18v3.46\pic18-lt\cxx-framework\src\traditional\proc\p18f46k22.asm
                   CCPR1H   0x000fbf       data     extern E:\c18v3.46\pic18-lt\cxx-framework\src\traditional\proc\p18f46k22.asm
                   CCPR1L   0x000fbe       data     extern E:\c18v3.46\pic18-lt\cxx-framework\src\traditional\proc\p18f46k22.asm
                    CCPR2   0x000f67       data     extern E:\c18v3.46\pic18-lt\cxx-framework\src\traditional\proc\p18f46k22.asm
                   CCPR2H   0x000f68       data     extern E:\c18v3.46\pic18-lt\cxx-framework\src\traditional\proc\p18f46k22.asm
                   CCPR2L   0x000f67       data     extern E:\c18v3.46\pic18-lt\cxx-framework\src\traditional\proc\p18f46k22.asm
                    CCPR3   0x000f5e       data     extern E:\c18v3.46\pic18-lt\cxx-framework\src\traditional\proc\p18f46k22.asm
                   CCPR3H   0x000f5f       data     extern E:\c18v3.46\pic18-lt\cxx-framework\src\traditional\proc\p18f46k22.asm
                   CCPR3L   0x000f5e       data     extern E:\c18v3.46\pic18-lt\cxx-framework\src\traditional\proc\p18f46k22.asm
                    CCPR4   0x000f58       data     extern E:\c18v3.46\pic18-lt\cxx-framework\src\traditional\proc\p18f46k22.asm
                   CCPR4H   0x000f59       data     extern E:\c18v3.46\pic18-lt\cxx-framework\src\traditional\proc\p18f46k22.asm
                   CCPR4L   0x000f58       data     extern E:\c18v3.46\pic18-lt\cxx-framework\src\traditional\proc\p18f46k22.asm
                    CCPR5   0x000f55       data     extern E:\c18v3.46\pic18-lt\cxx-framework\src\traditional\proc\p18f46k22.asm
                   CCPR5H   0x000f56       data     extern E:\c18v3.46\pic18-lt\cxx-framework\src\traditional\proc\p18f46k22.asm
                   CCPR5L   0x000f55       data     extern E:\c18v3.46\pic18-lt\cxx-framework\src\traditional\proc\p18f46k22.asm
                 CCPTMRS0   0x000f49       data     extern E:\c18v3.46\pic18-lt\cxx-framework\src\traditional\proc\p18f46k22.asm
             CCPTMRS0bits   0x000f49       data     extern E:\c18v3.46\pic18-lt\cxx-framework\src\traditional\proc\p18f46k22.asm
                 CCPTMRS1   0x000f48       data     extern E:\c18v3.46\pic18-lt\cxx-framework\src\traditional\proc\p18f46k22.asm
             CCPTMRS1bits   0x000f48       data     extern E:\c18v3.46\pic18-lt\cxx-framework\src\traditional\proc\p18f46k22.asm
                  CM12CON   0x000f77       data     extern E:\c18v3.46\pic18-lt\cxx-framework\src\traditional\proc\p18f46k22.asm
              CM12CONbits   0x000f77       data     extern E:\c18v3.46\pic18-lt\cxx-framework\src\traditional\proc\p18f46k22.asm
                   CM1CON   0x000f79       data     extern E:\c18v3.46\pic18-lt\cxx-framework\src\traditional\proc\p18f46k22.asm
                  CM1CON0   0x000f79       data     extern E:\c18v3.46\pic18-lt\cxx-framework\src\traditional\proc\p18f46k22.asm
              CM1CON0bits   0x000f79       data     extern E:\c18v3.46\pic18-lt\cxx-framework\src\traditional\proc\p18f46k22.asm
               CM1CONbits   0x000f79       data     extern E:\c18v3.46\pic18-lt\cxx-framework\src\traditional\proc\p18f46k22.asm
                   CM2CON   0x000f78       data     extern E:\c18v3.46\pic18-lt\cxx-framework\src\traditional\proc\p18f46k22.asm
                  CM2CON0   0x000f78       data     extern E:\c18v3.46\pic18-lt\cxx-framework\src\traditional\proc\p18f46k22.asm
              CM2CON0bits   0x000f78       data     extern E:\c18v3.46\pic18-lt\cxx-framework\src\traditional\proc\p18f46k22.asm
                  CM2CON1   0x000f77       data     extern E:\c18v3.46\pic18-lt\cxx-framework\src\traditional\proc\p18f46k22.asm
              CM2CON1bits   0x000f77       data     extern E:\c18v3.46\pic18-lt\cxx-framework\src\traditional\proc\p18f46k22.asm
               CM2CONbits   0x000f78       data     extern E:\c18v3.46\pic18-lt\cxx-framework\src\traditional\proc\p18f46k22.asm
                 CTMUCON0   0x000f45       data     extern E:\c18v3.46\pic18-lt\cxx-framework\src\traditional\proc\p18f46k22.asm
             CTMUCON0bits   0x000f45       data     extern E:\c18v3.46\pic18-lt\cxx-framework\src\traditional\proc\p18f46k22.asm
                 CTMUCON1   0x000f44       data     extern E:\c18v3.46\pic18-lt\cxx-framework\src\traditional\proc\p18f46k22.asm
             CTMUCON1bits   0x000f44       data     extern E:\c18v3.46\pic18-lt\cxx-framework\src\traditional\proc\p18f46k22.asm
                 CTMUCONH   0x000f45       data     extern E:\c18v3.46\pic18-lt\cxx-framework\src\traditional\proc\p18f46k22.asm
             CTMUCONHbits   0x000f45       data     extern E:\c18v3.46\pic18-lt\cxx-framework\src\traditional\proc\p18f46k22.asm
                 CTMUCONL   0x000f44       data     extern E:\c18v3.46\pic18-lt\cxx-framework\src\traditional\proc\p18f46k22.asm
             CTMUCONLbits   0x000f44       data     extern E:\c18v3.46\pic18-lt\cxx-framework\src\traditional\proc\p18f46k22.asm
                 CTMUICON   0x000f43       data     extern E:\c18v3.46\pic18-lt\cxx-framework\src\traditional\proc\p18f46k22.asm
                CTMUICONH   0x000f43       data     extern E:\c18v3.46\pic18-lt\cxx-framework\src\traditional\proc\p18f46k22.asm
            CTMUICONHbits   0x000f43       data     extern E:\c18v3.46\pic18-lt\cxx-framework\src\traditional\proc\p18f46k22.asm
             CTMUICONbits   0x000f43       data     extern E:\c18v3.46\pic18-lt\cxx-framework\src\traditional\proc\p18f46k22.asm
                  DACCON0   0x000f41       data     extern E:\c18v3.46\pic18-lt\cxx-framework\src\traditional\proc\p18f46k22.asm
              DACCON0bits   0x000f41       data     extern E:\c18v3.46\pic18-lt\cxx-framework\src\traditional\proc\p18f46k22.asm
                  DACCON1   0x000f40       data     extern E:\c18v3.46\pic18-lt\cxx-framework\src\traditional\proc\p18f46k22.asm
              DACCON1bits   0x000f40       data     extern E:\c18v3.46\pic18-lt\cxx-framework\src\traditional\proc\p18f46k22.asm
                     DDRA   0x000f92       data     extern E:\c18v3.46\pic18-lt\cxx-framework\src\traditional\proc\p18f46k22.asm
                 DDRAbits   0x000f92       data     extern E:\c18v3.46\pic18-lt\cxx-framework\src\traditional\proc\p18f46k22.asm
                     DDRB   0x000f93       data     extern E:\c18v3.46\pic18-lt\cxx-framework\src\traditional\proc\p18f46k22.asm
                 DDRBbits   0x000f93       data     extern E:\c18v3.46\pic18-lt\cxx-framework\src\traditional\proc\p18f46k22.asm
                     DDRC   0x000f94       data     extern E:\c18v3.46\pic18-lt\cxx-framework\src\traditional\proc\p18f46k22.asm
                 DDRCbits   0x000f94       data     extern E:\c18v3.46\pic18-lt\cxx-framework\src\traditional\proc\p18f46k22.asm
                     DDRD   0x000f95       data     extern E:\c18v3.46\pic18-lt\cxx-framework\src\traditional\proc\p18f46k22.asm
                 DDRDbits   0x000f95       data     extern E:\c18v3.46\pic18-lt\cxx-framework\src\traditional\proc\p18f46k22.asm
                     DDRE   0x000f96       data     extern E:\c18v3.46\pic18-lt\cxx-framework\src\traditional\proc\p18f46k22.asm
                 DDREbits   0x000f96       data     extern E:\c18v3.46\pic18-lt\cxx-framework\src\traditional\proc\p18f46k22.asm
            DelayCounter1   0x00001c       data     extern E:\c18v3.46\pic18-lt\cxx-framework\src\traditional\delays\delayd1.asm
                  ECCP1AS   0x000fb6       data     extern E:\c18v3.46\pic18-lt\cxx-framework\src\traditional\proc\p18f46k22.asm
              ECCP1ASbits   0x000fb6       data     extern E:\c18v3.46\pic18-lt\cxx-framework\src\traditional\proc\p18f46k22.asm
                  ECCP2AS   0x000f64       data     extern E:\c18v3.46\pic18-lt\cxx-framework\src\traditional\proc\p18f46k22.asm
              ECCP2ASbits   0x000f64       data     extern E:\c18v3.46\pic18-lt\cxx-framework\src\traditional\proc\p18f46k22.asm
                  ECCP3AS   0x000f5b       data     extern E:\c18v3.46\pic18-lt\cxx-framework\src\traditional\proc\p18f46k22.asm
              ECCP3ASbits   0x000f5b       data     extern E:\c18v3.46\pic18-lt\cxx-framework\src\traditional\proc\p18f46k22.asm
                   ECCPAS   0x000fb6       data     extern E:\c18v3.46\pic18-lt\cxx-framework\src\traditional\proc\p18f46k22.asm
               ECCPASbits   0x000fb6       data     extern E:\c18v3.46\pic18-lt\cxx-framework\src\traditional\proc\p18f46k22.asm
                    EEADR   0x000fa9       data     extern E:\c18v3.46\pic18-lt\cxx-framework\src\traditional\proc\p18f46k22.asm
                   EEADRH   0x000faa       data     extern E:\c18v3.46\pic18-lt\cxx-framework\src\traditional\proc\p18f46k22.asm
               EEADRHbits   0x000faa       data     extern E:\c18v3.46\pic18-lt\cxx-framework\src\traditional\proc\p18f46k22.asm
                EEADRbits   0x000fa9       data     extern E:\c18v3.46\pic18-lt\cxx-framework\src\traditional\proc\p18f46k22.asm
                   EECON1   0x000fa6       data     extern E:\c18v3.46\pic18-lt\cxx-framework\src\traditional\proc\p18f46k22.asm
               EECON1bits   0x000fa6       data     extern E:\c18v3.46\pic18-lt\cxx-framework\src\traditional\proc\p18f46k22.asm
                   EECON2   0x000fa7       data     extern E:\c18v3.46\pic18-lt\cxx-framework\src\traditional\proc\p18f46k22.asm
                   EEDATA   0x000fa8       data     extern E:\c18v3.46\pic18-lt\cxx-framework\src\traditional\proc\p18f46k22.asm
                     FSR0   0x000fe9       data     extern E:\c18v3.46\pic18-lt\cxx-framework\src\traditional\proc\p18f46k22.asm
                    FSR0H   0x000fea       data     extern E:\c18v3.46\pic18-lt\cxx-framework\src\traditional\proc\p18f46k22.asm
                    FSR0L   0x000fe9       data     extern E:\c18v3.46\pic18-lt\cxx-framework\src\traditional\proc\p18f46k22.asm
                     FSR1   0x000fe1       data     extern E:\c18v3.46\pic18-lt\cxx-framework\src\traditional\proc\p18f46k22.asm
                    FSR1H   0x000fe2       data     extern E:\c18v3.46\pic18-lt\cxx-framework\src\traditional\proc\p18f46k22.asm
                    FSR1L   0x000fe1       data     extern E:\c18v3.46\pic18-lt\cxx-framework\src\traditional\proc\p18f46k22.asm
                     FSR2   0x000fd9       data     extern E:\c18v3.46\pic18-lt\cxx-framework\src\traditional\proc\p18f46k22.asm
                    FSR2H   0x000fda       data     extern E:\c18v3.46\pic18-lt\cxx-framework\src\traditional\proc\p18f46k22.asm
                    FSR2L   0x000fd9       data     extern E:\c18v3.46\pic18-lt\cxx-framework\src\traditional\proc\p18f46k22.asm
                   FVRCON   0x000f42       data     extern E:\c18v3.46\pic18-lt\cxx-framework\src\traditional\proc\p18f46k22.asm
               FVRCONbits   0x000f42       data     extern E:\c18v3.46\pic18-lt\cxx-framework\src\traditional\proc\p18f46k22.asm
                  HLVDCON   0x000f9c       data     extern E:\c18v3.46\pic18-lt\cxx-framework\src\traditional\proc\p18f46k22.asm
              HLVDCONbits   0x000f9c       data     extern E:\c18v3.46\pic18-lt\cxx-framework\src\traditional\proc\p18f46k22.asm
                    INDF0   0x000fef       data     extern E:\c18v3.46\pic18-lt\cxx-framework\src\traditional\proc\p18f46k22.asm
                    INDF1   0x000fe7       data     extern E:\c18v3.46\pic18-lt\cxx-framework\src\traditional\proc\p18f46k22.asm
                    INDF2   0x000fdf       data     extern E:\c18v3.46\pic18-lt\cxx-framework\src\traditional\proc\p18f46k22.asm
                   INTCON   0x000ff2       data     extern E:\c18v3.46\pic18-lt\cxx-framework\src\traditional\proc\p18f46k22.asm
                  INTCON2   0x000ff1       data     extern E:\c18v3.46\pic18-lt\cxx-framework\src\traditional\proc\p18f46k22.asm
              INTCON2bits   0x000ff1       data     extern E:\c18v3.46\pic18-lt\cxx-framework\src\traditional\proc\p18f46k22.asm
                  INTCON3   0x000ff0       data     extern E:\c18v3.46\pic18-lt\cxx-framework\src\traditional\proc\p18f46k22.asm
              INTCON3bits   0x000ff0       data     extern E:\c18v3.46\pic18-lt\cxx-framework\src\traditional\proc\p18f46k22.asm
               INTCONbits   0x000ff2       data     extern E:\c18v3.46\pic18-lt\cxx-framework\src\traditional\proc\p18f46k22.asm
                     IOCB   0x000f62       data     extern E:\c18v3.46\pic18-lt\cxx-framework\src\traditional\proc\p18f46k22.asm
                 IOCBbits   0x000f62       data     extern E:\c18v3.46\pic18-lt\cxx-framework\src\traditional\proc\p18f46k22.asm
                     IPR1   0x000f9f       data     extern E:\c18v3.46\pic18-lt\cxx-framework\src\traditional\proc\p18f46k22.asm
                 IPR1bits   0x000f9f       data     extern E:\c18v3.46\pic18-lt\cxx-framework\src\traditional\proc\p18f46k22.asm
                     IPR2   0x000fa2       data     extern E:\c18v3.46\pic18-lt\cxx-framework\src\traditional\proc\p18f46k22.asm
                 IPR2bits   0x000fa2       data     extern E:\c18v3.46\pic18-lt\cxx-framework\src\traditional\proc\p18f46k22.asm
                     IPR3   0x000fa5       data     extern E:\c18v3.46\pic18-lt\cxx-framework\src\traditional\proc\p18f46k22.asm
                 IPR3bits   0x000fa5       data     extern E:\c18v3.46\pic18-lt\cxx-framework\src\traditional\proc\p18f46k22.asm
                     IPR4   0x000f7c       data     extern E:\c18v3.46\pic18-lt\cxx-framework\src\traditional\proc\p18f46k22.asm
                 IPR4bits   0x000f7c       data     extern E:\c18v3.46\pic18-lt\cxx-framework\src\traditional\proc\p18f46k22.asm
                     IPR5   0x000f7f       data     extern E:\c18v3.46\pic18-lt\cxx-framework\src\traditional\proc\p18f46k22.asm
                 IPR5bits   0x000f7f       data     extern E:\c18v3.46\pic18-lt\cxx-framework\src\traditional\proc\p18f46k22.asm
                     LATA   0x000f89       data     extern E:\c18v3.46\pic18-lt\cxx-framework\src\traditional\proc\p18f46k22.asm
                 LATAbits   0x000f89       data     extern E:\c18v3.46\pic18-lt\cxx-framework\src\traditional\proc\p18f46k22.asm
                     LATB   0x000f8a       data     extern E:\c18v3.46\pic18-lt\cxx-framework\src\traditional\proc\p18f46k22.asm
                 LATBbits   0x000f8a       data     extern E:\c18v3.46\pic18-lt\cxx-framework\src\traditional\proc\p18f46k22.asm
                     LATC   0x000f8b       data     extern E:\c18v3.46\pic18-lt\cxx-framework\src\traditional\proc\p18f46k22.asm
                 LATCbits   0x000f8b       data     extern E:\c18v3.46\pic18-lt\cxx-framework\src\traditional\proc\p18f46k22.asm
                     LATD   0x000f8c       data     extern E:\c18v3.46\pic18-lt\cxx-framework\src\traditional\proc\p18f46k22.asm
                 LATDbits   0x000f8c       data     extern E:\c18v3.46\pic18-lt\cxx-framework\src\traditional\proc\p18f46k22.asm
                     LATE   0x000f8d       data     extern E:\c18v3.46\pic18-lt\cxx-framework\src\traditional\proc\p18f46k22.asm
                 LATEbits   0x000f8d       data     extern E:\c18v3.46\pic18-lt\cxx-framework\src\traditional\proc\p18f46k22.asm
                   LVDCON   0x000f9c       data     extern E:\c18v3.46\pic18-lt\cxx-framework\src\traditional\proc\p18f46k22.asm
               LVDCONbits   0x000f9c       data     extern E:\c18v3.46\pic18-lt\cxx-framework\src\traditional\proc\p18f46k22.asm
                   OSCCON   0x000fd3       data     extern E:\c18v3.46\pic18-lt\cxx-framework\src\traditional\proc\p18f46k22.asm
                  OSCCON2   0x000fd2       data     extern E:\c18v3.46\pic18-lt\cxx-framework\src\traditional\proc\p18f46k22.asm
              OSCCON2bits   0x000fd2       data     extern E:\c18v3.46\pic18-lt\cxx-framework\src\traditional\proc\p18f46k22.asm
               OSCCONbits   0x000fd3       data     extern E:\c18v3.46\pic18-lt\cxx-framework\src\traditional\proc\p18f46k22.asm
                  OSCTUNE   0x000f9b       data     extern E:\c18v3.46\pic18-lt\cxx-framework\src\traditional\proc\p18f46k22.asm
              OSCTUNEbits   0x000f9b       data     extern E:\c18v3.46\pic18-lt\cxx-framework\src\traditional\proc\p18f46k22.asm
                       PC   0x000ff9       data     extern E:\c18v3.46\pic18-lt\cxx-framework\src\traditional\proc\p18f46k22.asm
                      PCL   0x000ff9       data     extern E:\c18v3.46\pic18-lt\cxx-framework\src\traditional\proc\p18f46k22.asm
                   PCLATH   0x000ffa       data     extern E:\c18v3.46\pic18-lt\cxx-framework\src\traditional\proc\p18f46k22.asm
                   PCLATU   0x000ffb       data     extern E:\c18v3.46\pic18-lt\cxx-framework\src\traditional\proc\p18f46k22.asm
                     PIE1   0x000f9d       data     extern E:\c18v3.46\pic18-lt\cxx-framework\src\traditional\proc\p18f46k22.asm
                 PIE1bits   0x000f9d       data     extern E:\c18v3.46\pic18-lt\cxx-framework\src\traditional\proc\p18f46k22.asm
                     PIE2   0x000fa0       data     extern E:\c18v3.46\pic18-lt\cxx-framework\src\traditional\proc\p18f46k22.asm
                 PIE2bits   0x000fa0       data     extern E:\c18v3.46\pic18-lt\cxx-framework\src\traditional\proc\p18f46k22.asm
                     PIE3   0x000fa3       data     extern E:\c18v3.46\pic18-lt\cxx-framework\src\traditional\proc\p18f46k22.asm
                 PIE3bits   0x000fa3       data     extern E:\c18v3.46\pic18-lt\cxx-framework\src\traditional\proc\p18f46k22.asm
                     PIE4   0x000f7a       data     extern E:\c18v3.46\pic18-lt\cxx-framework\src\traditional\proc\p18f46k22.asm
                 PIE4bits   0x000f7a       data     extern E:\c18v3.46\pic18-lt\cxx-framework\src\traditional\proc\p18f46k22.asm
                     PIE5   0x000f7d       data     extern E:\c18v3.46\pic18-lt\cxx-framework\src\traditional\proc\p18f46k22.asm
                 PIE5bits   0x000f7d       data     extern E:\c18v3.46\pic18-lt\cxx-framework\src\traditional\proc\p18f46k22.asm
                     PIR1   0x000f9e       data     extern E:\c18v3.46\pic18-lt\cxx-framework\src\traditional\proc\p18f46k22.asm
                 PIR1bits   0x000f9e       data     extern E:\c18v3.46\pic18-lt\cxx-framework\src\traditional\proc\p18f46k22.asm
                     PIR2   0x000fa1       data     extern E:\c18v3.46\pic18-lt\cxx-framework\src\traditional\proc\p18f46k22.asm
                 PIR2bits   0x000fa1       data     extern E:\c18v3.46\pic18-lt\cxx-framework\src\traditional\proc\p18f46k22.asm
                     PIR3   0x000fa4       data     extern E:\c18v3.46\pic18-lt\cxx-framework\src\traditional\proc\p18f46k22.asm
                 PIR3bits   0x000fa4       data     extern E:\c18v3.46\pic18-lt\cxx-framework\src\traditional\proc\p18f46k22.asm
                     PIR4   0x000f7b       data     extern E:\c18v3.46\pic18-lt\cxx-framework\src\traditional\proc\p18f46k22.asm
                 PIR4bits   0x000f7b       data     extern E:\c18v3.46\pic18-lt\cxx-framework\src\traditional\proc\p18f46k22.asm
                     PIR5   0x000f7e       data     extern E:\c18v3.46\pic18-lt\cxx-framework\src\traditional\proc\p18f46k22.asm
                 PIR5bits   0x000f7e       data     extern E:\c18v3.46\pic18-lt\cxx-framework\src\traditional\proc\p18f46k22.asm
                   PLUSW0   0x000feb       data     extern E:\c18v3.46\pic18-lt\cxx-framework\src\traditional\proc\p18f46k22.asm
                   PLUSW1   0x000fe3       data     extern E:\c18v3.46\pic18-lt\cxx-framework\src\traditional\proc\p18f46k22.asm
                   PLUSW2   0x000fdb       data     extern E:\c18v3.46\pic18-lt\cxx-framework\src\traditional\proc\p18f46k22.asm
                     PMD0   0x000f3f       data     extern E:\c18v3.46\pic18-lt\cxx-framework\src\traditional\proc\p18f46k22.asm
                 PMD0bits   0x000f3f       data     extern E:\c18v3.46\pic18-lt\cxx-framework\src\traditional\proc\p18f46k22.asm
                     PMD1   0x000f3e       data     extern E:\c18v3.46\pic18-lt\cxx-framework\src\traditional\proc\p18f46k22.asm
                 PMD1bits   0x000f3e       data     extern E:\c18v3.46\pic18-lt\cxx-framework\src\traditional\proc\p18f46k22.asm
                     PMD2   0x000f3d       data     extern E:\c18v3.46\pic18-lt\cxx-framework\src\traditional\proc\p18f46k22.asm
                 PMD2bits   0x000f3d       data     extern E:\c18v3.46\pic18-lt\cxx-framework\src\traditional\proc\p18f46k22.asm
                    PORTA   0x000f80       data     extern E:\c18v3.46\pic18-lt\cxx-framework\src\traditional\proc\p18f46k22.asm
                PORTAbits   0x000f80       data     extern E:\c18v3.46\pic18-lt\cxx-framework\src\traditional\proc\p18f46k22.asm
                    PORTB   0x000f81       data     extern E:\c18v3.46\pic18-lt\cxx-framework\src\traditional\proc\p18f46k22.asm
                PORTBbits   0x000f81       data     extern E:\c18v3.46\pic18-lt\cxx-framework\src\traditional\proc\p18f46k22.asm
                    PORTC   0x000f82       data     extern E:\c18v3.46\pic18-lt\cxx-framework\src\traditional\proc\p18f46k22.asm
                PORTCbits   0x000f82       data     extern E:\c18v3.46\pic18-lt\cxx-framework\src\traditional\proc\p18f46k22.asm
                    PORTD   0x000f83       data     extern E:\c18v3.46\pic18-lt\cxx-framework\src\traditional\proc\p18f46k22.asm
                PORTDbits   0x000f83       data     extern E:\c18v3.46\pic18-lt\cxx-framework\src\traditional\proc\p18f46k22.asm
                    PORTE   0x000f84       data     extern E:\c18v3.46\pic18-lt\cxx-framework\src\traditional\proc\p18f46k22.asm
                PORTEbits   0x000f84       data     extern E:\c18v3.46\pic18-lt\cxx-framework\src\traditional\proc\p18f46k22.asm
                 POSTDEC0   0x000fed       data     extern E:\c18v3.46\pic18-lt\cxx-framework\src\traditional\proc\p18f46k22.asm
                 POSTDEC1   0x000fe5       data     extern E:\c18v3.46\pic18-lt\cxx-framework\src\traditional\proc\p18f46k22.asm
                 POSTDEC2   0x000fdd       data     extern E:\c18v3.46\pic18-lt\cxx-framework\src\traditional\proc\p18f46k22.asm
                 POSTINC0   0x000fee       data     extern E:\c18v3.46\pic18-lt\cxx-framework\src\traditional\proc\p18f46k22.asm
                 POSTINC1   0x000fe6       data     extern E:\c18v3.46\pic18-lt\cxx-framework\src\traditional\proc\p18f46k22.asm
                 POSTINC2   0x000fde       data     extern E:\c18v3.46\pic18-lt\cxx-framework\src\traditional\proc\p18f46k22.asm
                      PR2   0x000fbb       data     extern E:\c18v3.46\pic18-lt\cxx-framework\src\traditional\proc\p18f46k22.asm
                      PR4   0x000f52       data     extern E:\c18v3.46\pic18-lt\cxx-framework\src\traditional\proc\p18f46k22.asm
                      PR6   0x000f4b       data     extern E:\c18v3.46\pic18-lt\cxx-framework\src\traditional\proc\p18f46k22.asm
                  PREINC0   0x000fec       data     extern E:\c18v3.46\pic18-lt\cxx-framework\src\traditional\proc\p18f46k22.asm
                  PREINC1   0x000fe4       data     extern E:\c18v3.46\pic18-lt\cxx-framework\src\traditional\proc\p18f46k22.asm
                  PREINC2   0x000fdc       data     extern E:\c18v3.46\pic18-lt\cxx-framework\src\traditional\proc\p18f46k22.asm
                     PROD   0x000ff3       data     extern E:\c18v3.46\pic18-lt\cxx-framework\src\traditional\proc\p18f46k22.asm
                    PRODH   0x000ff4       data     extern E:\c18v3.46\pic18-lt\cxx-framework\src\traditional\proc\p18f46k22.asm
                    PRODL   0x000ff3       data     extern E:\c18v3.46\pic18-lt\cxx-framework\src\traditional\proc\p18f46k22.asm
                 PSTR1CON   0x000fb9       data     extern E:\c18v3.46\pic18-lt\cxx-framework\src\traditional\proc\p18f46k22.asm
             PSTR1CONbits   0x000fb9       data     extern E:\c18v3.46\pic18-lt\cxx-framework\src\traditional\proc\p18f46k22.asm
                 PSTR2CON   0x000f63       data     extern E:\c18v3.46\pic18-lt\cxx-framework\src\traditional\proc\p18f46k22.asm
             PSTR2CONbits   0x000f63       data     extern E:\c18v3.46\pic18-lt\cxx-framework\src\traditional\proc\p18f46k22.asm
                 PSTR3CON   0x000f5a       data     extern E:\c18v3.46\pic18-lt\cxx-framework\src\traditional\proc\p18f46k22.asm
             PSTR3CONbits   0x000f5a       data     extern E:\c18v3.46\pic18-lt\cxx-framework\src\traditional\proc\p18f46k22.asm
                  PSTRCON   0x000fb9       data     extern E:\c18v3.46\pic18-lt\cxx-framework\src\traditional\proc\p18f46k22.asm
              PSTRCONbits   0x000fb9       data     extern E:\c18v3.46\pic18-lt\cxx-framework\src\traditional\proc\p18f46k22.asm
                  PWM1CON   0x000fb7       data     extern E:\c18v3.46\pic18-lt\cxx-framework\src\traditional\proc\p18f46k22.asm
              PWM1CONbits   0x000fb7       data     extern E:\c18v3.46\pic18-lt\cxx-framework\src\traditional\proc\p18f46k22.asm
                  PWM2CON   0x000f65       data     extern E:\c18v3.46\pic18-lt\cxx-framework\src\traditional\proc\p18f46k22.asm
              PWM2CONbits   0x000f65       data     extern E:\c18v3.46\pic18-lt\cxx-framework\src\traditional\proc\p18f46k22.asm
[...]
                   SP1BRG   0x000faf       data     extern E:\c18v3.46\pic18-lt\cxx-framework\src\traditional\proc\p18f46k22.asm
               SPBRG1bits   0x000faf       data     extern E:\c18v3.46\pic18-lt\cxx-framework\src\traditional\proc\p18f46k22.asm
                   SPBRG1   0x000faf       data     extern E:\c18v3.46\pic18-lt\cxx-framework\src\traditional\proc\p18f46k22.asm
                    SPBRG   0x000faf       data     extern E:\c18v3.46\pic18-lt\cxx-framework\src\traditional\proc\p18f46k22.asm
               SP1BRGbits   0x000faf       data     extern E:\c18v3.46\pic18-lt\cxx-framework\src\traditional\proc\p18f46k22.asm
                  SP1BRGH   0x000fb0       data     extern E:\c18v3.46\pic18-lt\cxx-framework\src\traditional\proc\p18f46k22.asm
              SP1BRGHbits   0x000fb0       data     extern E:\c18v3.46\pic18-lt\cxx-framework\src\traditional\proc\p18f46k22.asm
                   SPBRGH   0x000fb0       data     extern E:\c18v3.46\pic18-lt\cxx-framework\src\traditional\proc\p18f46k22.asm
                  SPBRGH1   0x000fb0       data     extern E:\c18v3.46\pic18-lt\cxx-framework\src\traditional\proc\p18f46k22.asm
              SPBRGH1bits   0x000fb0       data     extern E:\c18v3.46\pic18-lt\cxx-framework\src\traditional\proc\p18f46k22.asm
               SPBRGHbits   0x000fb0       data     extern E:\c18v3.46\pic18-lt\cxx-framework\src\traditional\proc\p18f46k22.asm
                    T3CON   0x000fb1       data     extern E:\c18v3.46\pic18-lt\cxx-framework\src\traditional\proc\p18f46k22.asm
                T3CONbits   0x000fb1       data     extern E:\c18v3.46\pic18-lt\cxx-framework\src\traditional\proc\p18f46k22.asm
                    TMR3L   0x000fb2       data     extern E:\c18v3.46\pic18-lt\cxx-framework\src\traditional\proc\p18f46k22.asm
                    TMR3H   0x000fb3       data     extern E:\c18v3.46\pic18-lt\cxx-framework\src\traditional\proc\p18f46k22.asm
                   T3GCON   0x000fb4       data     extern E:\c18v3.46\pic18-lt\cxx-framework\src\traditional\proc\p18f46k22.asm
               T3GCONbits   0x000fb4       data     extern E:\c18v3.46\pic18-lt\cxx-framework\src\traditional\proc\p18f46k22.asm
                   ECCPAS   0x000fb6       data     extern E:\c18v3.46\pic18-lt\cxx-framework\src\traditional\proc\p18f46k22.asm
               ECCPASbits   0x000fb6       data     extern E:\c18v3.46\pic18-lt\cxx-framework\src\traditional\proc\p18f46k22.asm
              ECCP1ASbits   0x000fb6       data     extern E:\c18v3.46\pic18-lt\cxx-framework\src\traditional\proc\p18f46k22.asm
                  ECCP1AS   0x000fb6       data     extern E:\c18v3.46\pic18-lt\cxx-framework\src\traditional\proc\p18f46k22.asm
                  PWM1CON   0x000fb7       data     extern E:\c18v3.46\pic18-lt\cxx-framework\src\traditional\proc\p18f46k22.asm
              PWM1CONbits   0x000fb7       data     extern E:\c18v3.46\pic18-lt\cxx-framework\src\traditional\proc\p18f46k22.asm
                   PWMCON   0x000fb7       data     extern E:\c18v3.46\pic18-lt\cxx-framework\src\traditional\proc\p18f46k22.asm
               PWMCONbits   0x000fb7       data     extern E:\c18v3.46\pic18-lt\cxx-framework\src\traditional\proc\p18f46k22.asm
                 BAUD1CON   0x000fb8       data     extern E:\c18v3.46\pic18-lt\cxx-framework\src\traditional\proc\p18f46k22.asm
             BAUD1CONbits   0x000fb8       data     extern E:\c18v3.46\pic18-lt\cxx-framework\src\traditional\proc\p18f46k22.asm
                  BAUDCON   0x000fb8       data     extern E:\c18v3.46\pic18-lt\cxx-framework\src\traditional\proc\p18f46k22.asm
                 BAUDCON1   0x000fb8       data     extern E:\c18v3.46\pic18-lt\cxx-framework\src\traditional\proc\p18f46k22.asm
             BAUDCON1bits   0x000fb8       data     extern E:\c18v3.46\pic18-lt\cxx-framework\src\traditional\proc\p18f46k22.asm
              BAUDCONbits   0x000fb8       data     extern E:\c18v3.46\pic18-lt\cxx-framework\src\traditional\proc\p18f46k22.asm
                  BAUDCTL   0x000fb8       data     extern E:\c18v3.46\pic18-lt\cxx-framework\src\traditional\proc\p18f46k22.asm
              BAUDCTLbits   0x000fb8       data     extern E:\c18v3.46\pic18-lt\cxx-framework\src\traditional\proc\p18f46k22.asm
              PSTRCONbits   0x000fb9       data     extern E:\c18v3.46\pic18-lt\cxx-framework\src\traditional\proc\p18f46k22.asm
                  PSTRCON   0x000fb9       data     extern E:\c18v3.46\pic18-lt\cxx-framework\src\traditional\proc\p18f46k22.asm
             PSTR1CONbits   0x000fb9       data     extern E:\c18v3.46\pic18-lt\cxx-framework\src\traditional\proc\p18f46k22.asm
                 PSTR1CON   0x000fb9       data     extern E:\c18v3.46\pic18-lt\cxx-framework\src\traditional\proc\p18f46k22.asm
                T2CONbits   0x000fba       data     extern E:\c18v3.46\pic18-lt\cxx-framework\src\traditional\proc\p18f46k22.asm
                    T2CON   0x000fba       data     extern E:\c18v3.46\pic18-lt\cxx-framework\src\traditional\proc\p18f46k22.asm
                      PR2   0x000fbb       data     extern E:\c18v3.46\pic18-lt\cxx-framework\src\traditional\proc\p18f46k22.asm
                     TMR2   0x000fbc       data     extern E:\c18v3.46\pic18-lt\cxx-framework\src\traditional\proc\p18f46k22.asm
                  CCP1CON   0x000fbd       data     extern E:\c18v3.46\pic18-lt\cxx-framework\src\traditional\proc\p18f46k22.asm
              CCP1CONbits   0x000fbd       data     extern E:\c18v3.46\pic18-lt\cxx-framework\src\traditional\proc\p18f46k22.asm
                    CCPR1   0x000fbe       data     extern E:\c18v3.46\pic18-lt\cxx-framework\src\traditional\proc\p18f46k22.asm
                   CCPR1L   0x000fbe       data     extern E:\c18v3.46\pic18-lt\cxx-framework\src\traditional\proc\p18f46k22.asm
                   CCPR1H   0x000fbf       data     extern E:\c18v3.46\pic18-lt\cxx-framework\src\traditional\proc\p18f46k22.asm
               ADCON2bits   0x000fc0       data     extern E:\c18v3.46\pic18-lt\cxx-framework\src\traditional\proc\p18f46k22.asm
                   ADCON2   0x000fc0       data     extern E:\c18v3.46\pic18-lt\cxx-framework\src\traditional\proc\p18f46k22.asm
               ADCON1bits   0x000fc1       data     extern E:\c18v3.46\pic18-lt\cxx-framework\src\traditional\proc\p18f46k22.asm
                   ADCON1   0x000fc1       data     extern E:\c18v3.46\pic18-lt\cxx-framework\src\traditional\proc\p18f46k22.asm
               ADCON0bits   0x000fc2       data     extern E:\c18v3.46\pic18-lt\cxx-framework\src\traditional\proc\p18f46k22.asm
                   ADCON0   0x000fc2       data     extern E:\c18v3.46\pic18-lt\cxx-framework\src\traditional\proc\p18f46k22.asm
                   ADRESL   0x000fc3       data     extern E:\c18v3.46\pic18-lt\cxx-framework\src\traditional\proc\p18f46k22.asm
                    ADRES   0x000fc3       data     extern E:\c18v3.46\pic18-lt\cxx-framework\src\traditional\proc\p18f46k22.asm
                   ADRESH   0x000fc4       data     extern E:\c18v3.46\pic18-lt\cxx-framework\src\traditional\proc\p18f46k22.asm
                 SSP1CON2   0x000fc5       data     extern E:\c18v3.46\pic18-lt\cxx-framework\src\traditional\proc\p18f46k22.asm
             SSP1CON2bits   0x000fc5       data     extern E:\c18v3.46\pic18-lt\cxx-framework\src\traditional\proc\p18f46k22.asm
                  SSPCON2   0x000fc5       data     extern E:\c18v3.46\pic18-lt\cxx-framework\src\traditional\proc\p18f46k22.asm
              SSPCON2bits   0x000fc5       data     extern E:\c18v3.46\pic18-lt\cxx-framework\src\traditional\proc\p18f46k22.asm
                 SSP1CON1   0x000fc6       data     extern E:\c18v3.46\pic18-lt\cxx-framework\src\traditional\proc\p18f46k22.asm
             SSP1CON1bits   0x000fc6       data     extern E:\c18v3.46\pic18-lt\cxx-framework\src\traditional\proc\p18f46k22.asm
                  SSPCON1   0x000fc6       data     extern E:\c18v3.46\pic18-lt\cxx-framework\src\traditional\proc\p18f46k22.asm
              SSPCON1bits   0x000fc6       data     extern E:\c18v3.46\pic18-lt\cxx-framework\src\traditional\proc\p18f46k22.asm
                 SSP1STAT   0x000fc7       data     extern E:\c18v3.46\pic18-lt\cxx-framework\src\traditional\proc\p18f46k22.asm
             SSP1STATbits   0x000fc7       data     extern E:\c18v3.46\pic18-lt\cxx-framework\src\traditional\proc\p18f46k22.asm
                  SSPSTAT   0x000fc7       data     extern E:\c18v3.46\pic18-lt\cxx-framework\src\traditional\proc\p18f46k22.asm
              SSPSTATbits   0x000fc7       data     extern E:\c18v3.46\pic18-lt\cxx-framework\src\traditional\proc\p18f46k22.asm
               SSPADDbits   0x000fc8       data     extern E:\c18v3.46\pic18-lt\cxx-framework\src\traditional\proc\p18f46k22.asm
                  SSP1ADD   0x000fc8       data     extern E:\c18v3.46\pic18-lt\cxx-framework\src\traditional\proc\p18f46k22.asm
              SSP1ADDbits   0x000fc8       data     extern E:\c18v3.46\pic18-lt\cxx-framework\src\traditional\proc\p18f46k22.asm
                   SSPADD   0x000fc8       data     extern E:\c18v3.46\pic18-lt\cxx-framework\src\traditional\proc\p18f46k22.asm
               SSPBUFbits   0x000fc9       data     extern E:\c18v3.46\pic18-lt\cxx-framework\src\traditional\proc\p18f46k22.asm
                   SSPBUF   0x000fc9       data     extern E:\c18v3.46\pic18-lt\cxx-framework\src\traditional\proc\p18f46k22.asm
                  SSP1BUF   0x000fc9       data     extern E:\c18v3.46\pic18-lt\cxx-framework\src\traditional\proc\p18f46k22.asm
              SSP1BUFbits   0x000fc9       data     extern E:\c18v3.46\pic18-lt\cxx-framework\src\traditional\proc\p18f46k22.asm
              SSP1MSKbits   0x000fca       data     extern E:\c18v3.46\pic18-lt\cxx-framework\src\traditional\proc\p18f46k22.asm
                  SSP1MSK   0x000fca       data     extern E:\c18v3.46\pic18-lt\cxx-framework\src\traditional\proc\p18f46k22.asm
                   SSPMSK   0x000fca       data     extern E:\c18v3.46\pic18-lt\cxx-framework\src\traditional\proc\p18f46k22.asm
               SSPMSKbits   0x000fca       data     extern E:\c18v3.46\pic18-lt\cxx-framework\src\traditional\proc\p18f46k22.asm
             SSP1CON3bits   0x000fcb       data     extern E:\c18v3.46\pic18-lt\cxx-framework\src\traditional\proc\p18f46k22.asm
                 SSP1CON3   0x000fcb       data     extern E:\c18v3.46\pic18-lt\cxx-framework\src\traditional\proc\p18f46k22.asm
              SSPCON3bits   0x000fcb       data     extern E:\c18v3.46\pic18-lt\cxx-framework\src\traditional\proc\p18f46k22.asm
                  SSPCON3   0x000fcb       data     extern E:\c18v3.46\pic18-lt\cxx-framework\src\traditional\proc\p18f46k22.asm
               T1GCONbits   0x000fcc       data     extern E:\c18v3.46\pic18-lt\cxx-framework\src\traditional\proc\p18f46k22.asm
                   T1GCON   0x000fcc       data     extern E:\c18v3.46\pic18-lt\cxx-framework\src\traditional\proc\p18f46k22.asm
                    T1CON   0x000fcd       data     extern E:\c18v3.46\pic18-lt\cxx-framework\src\traditional\proc\p18f46k22.asm
                T1CONbits   0x000fcd       data     extern E:\c18v3.46\pic18-lt\cxx-framework\src\traditional\proc\p18f46k22.asm
                    TMR1L   0x000fce       data     extern E:\c18v3.46\pic18-lt\cxx-framework\src\traditional\proc\p18f46k22.asm
                    TMR1H   0x000fcf       data     extern E:\c18v3.46\pic18-lt\cxx-framework\src\traditional\proc\p18f46k22.asm
                 RCONbits   0x000fd0       data     extern E:\c18v3.46\pic18-lt\cxx-framework\src\traditional\proc\p18f46k22.asm
                     RCON   0x000fd0       data     extern E:\c18v3.46\pic18-lt\cxx-framework\src\traditional\proc\p18f46k22.asm
               WDTCONbits   0x000fd1       data     extern E:\c18v3.46\pic18-lt\cxx-framework\src\traditional\proc\p18f46k22.asm
                   WDTCON   0x000fd1       data     extern E:\c18v3.46\pic18-lt\cxx-framework\src\traditional\proc\p18f46k22.asm
                  OSCCON2   0x000fd2       data     extern E:\c18v3.46\pic18-lt\cxx-framework\src\traditional\proc\p18f46k22.asm
              OSCCON2bits   0x000fd2       data     extern E:\c18v3.46\pic18-lt\cxx-framework\src\traditional\proc\p18f46k22.asm
               OSCCONbits   0x000fd3       data     extern E:\c18v3.46\pic18-lt\cxx-framework\src\traditional\proc\p18f46k22.asm
                   OSCCON   0x000fd3       data     extern E:\c18v3.46\pic18-lt\cxx-framework\src\traditional\proc\p18f46k22.asm
                T0CONbits   0x000fd5       data     extern E:\c18v3.46\pic18-lt\cxx-framework\src\traditional\proc\p18f46k22.asm
                    T0CON   0x000fd5       data     extern E:\c18v3.46\pic18-lt\cxx-framework\src\traditional\proc\p18f46k22.asm
                    TMR0L   0x000fd6       data     extern E:\c18v3.46\pic18-lt\cxx-framework\src\traditional\proc\p18f46k22.asm
                    TMR0H   0x000fd7       data     extern E:\c18v3.46\pic18-lt\cxx-framework\src\traditional\proc\p18f46k22.asm
                   STATUS   0x000fd8       data     extern E:\c18v3.46\pic18-lt\cxx-framework\src\traditional\proc\p18f46k22.asm
               STATUSbits   0x000fd8       data     extern E:\c18v3.46\pic18-lt\cxx-framework\src\traditional\proc\p18f46k22.asm
                    FSR2L   0x000fd9       data     extern E:\c18v3.46\pic18-lt\cxx-framework\src\traditional\proc\p18f46k22.asm
                     FSR2   0x000fd9       data     extern E:\c18v3.46\pic18-lt\cxx-framework\src\traditional\proc\p18f46k22.asm
                    FSR2H   0x000fda       data     extern E:\c18v3.46\pic18-lt\cxx-framework\src\traditional\proc\p18f46k22.asm
                   PLUSW2   0x000fdb       data     extern E:\c18v3.46\pic18-lt\cxx-framework\src\traditional\proc\p18f46k22.asm
                  PREINC2   0x000fdc       data     extern E:\c18v3.46\pic18-lt\cxx-framework\src\traditional\proc\p18f46k22.asm
                 POSTDEC2   0x000fdd       data     extern E:\c18v3.46\pic18-lt\cxx-framework\src\traditional\proc\p18f46k22.asm
                 POSTINC2   0x000fde       data     extern E:\c18v3.46\pic18-lt\cxx-framework\src\traditional\proc\p18f46k22.asm
                    INDF2   0x000fdf       data     extern E:\c18v3.46\pic18-lt\cxx-framework\src\traditional\proc\p18f46k22.asm
                      BSR   0x000fe0       data     extern E:\c18v3.46\pic18-lt\cxx-framework\src\traditional\proc\p18f46k22.asm
                     FSR1   0x000fe1       data     extern E:\c18v3.46\pic18-lt\cxx-framework\src\traditional\proc\p18f46k22.asm
                    FSR1L   0x000fe1       data     extern E:\c18v3.46\pic18-lt\cxx-framework\src\traditional\proc\p18f46k22.asm
                    FSR1H   0x000fe2       data     extern E:\c18v3.46\pic18-lt\cxx-framework\src\traditional\proc\p18f46k22.asm
                   PLUSW1   0x000fe3       data     extern E:\c18v3.46\pic18-lt\cxx-framework\src\traditional\proc\p18f46k22.asm
                  PREINC1   0x000fe4       data     extern E:\c18v3.46\pic18-lt\cxx-framework\src\traditional\proc\p18f46k22.asm
                 POSTDEC1   0x000fe5       data     extern E:\c18v3.46\pic18-lt\cxx-framework\src\traditional\proc\p18f46k22.asm
                 POSTINC1   0x000fe6       data     extern E:\c18v3.46\pic18-lt\cxx-framework\src\traditional\proc\p18f46k22.asm
                    INDF1   0x000fe7       data     extern E:\c18v3.46\pic18-lt\cxx-framework\src\traditional\proc\p18f46k22.asm
                     WREG   0x000fe8       data     extern E:\c18v3.46\pic18-lt\cxx-framework\src\traditional\proc\p18f46k22.asm
                        W   0x000fe8       data     extern E:\c18v3.46\pic18-lt\cxx-framework\src\traditional\proc\p18f46k22.asm
                     FSR0   0x000fe9       data     extern E:\c18v3.46\pic18-lt\cxx-framework\src\traditional\proc\p18f46k22.asm
                    FSR0L   0x000fe9       data     extern E:\c18v3.46\pic18-lt\cxx-framework\src\traditional\proc\p18f46k22.asm
                    FSR0H   0x000fea       data     extern E:\c18v3.46\pic18-lt\cxx-framework\src\traditional\proc\p18f46k22.asm
                   PLUSW0   0x000feb       data     extern E:\c18v3.46\pic18-lt\cxx-framework\src\traditional\proc\p18f46k22.asm
                  PREINC0   0x000fec       data     extern E:\c18v3.46\pic18-lt\cxx-framework\src\traditional\proc\p18f46k22.asm
                 POSTDEC0   0x000fed       data     extern E:\c18v3.46\pic18-lt\cxx-framework\src\traditional\proc\p18f46k22.asm
                 POSTINC0   0x000fee       data     extern E:\c18v3.46\pic18-lt\cxx-framework\src\traditional\proc\p18f46k22.asm
                    INDF0   0x000fef       data     extern E:\c18v3.46\pic18-lt\cxx-framework\src\traditional\proc\p18f46k22.asm
              INTCON3bits   0x000ff0       data     extern E:\c18v3.46\pic18-lt\cxx-framework\src\traditional\proc\p18f46k22.asm
                  INTCON3   0x000ff0       data     extern E:\c18v3.46\pic18-lt\cxx-framework\src\traditional\proc\p18f46k22.asm
              INTCON2bits   0x000ff1       data     extern E:\c18v3.46\pic18-lt\cxx-framework\src\traditional\proc\p18f46k22.asm
                  INTCON2   0x000ff1       data     extern E:\c18v3.46\pic18-lt\cxx-framework\src\traditional\proc\p18f46k22.asm
               INTCONbits   0x000ff2       data     extern E:\c18v3.46\pic18-lt\cxx-framework\src\traditional\proc\p18f46k22.asm
                   INTCON   0x000ff2       data     extern E:\c18v3.46\pic18-lt\cxx-framework\src\traditional\proc\p18f46k22.asm
                     PROD   0x000ff3       data     extern E:\c18v3.46\pic18-lt\cxx-framework\src\traditional\proc\p18f46k22.asm
                    PRODL   0x000ff3       data     extern E:\c18v3.46\pic18-lt\cxx-framework\src\traditional\proc\p18f46k22.asm
                    PRODH   0x000ff4       data     extern E:\c18v3.46\pic18-lt\cxx-framework\src\traditional\proc\p18f46k22.asm
                   TABLAT   0x000ff5       data     extern E:\c18v3.46\pic18-lt\cxx-framework\src\traditional\proc\p18f46k22.asm
                   TBLPTR   0x000ff6       data     extern E:\c18v3.46\pic18-lt\cxx-framework\src\traditional\proc\p18f46k22.asm
                  TBLPTRL   0x000ff6       data     extern E:\c18v3.46\pic18-lt\cxx-framework\src\traditional\proc\p18f46k22.asm
                  TBLPTRH   0x000ff7       data     extern E:\c18v3.46\pic18-lt\cxx-framework\src\traditional\proc\p18f46k22.asm
              TBLPTRUbits   0x000ff8       data     extern E:\c18v3.46\pic18-lt\cxx-framework\src\traditional\proc\p18f46k22.asm
                  TBLPTRU   0x000ff8       data     extern E:\c18v3.46\pic18-lt\cxx-framework\src\traditional\proc\p18f46k22.asm
                      PCL   0x000ff9       data     extern E:\c18v3.46\pic18-lt\cxx-framework\src\traditional\proc\p18f46k22.asm
                       PC   0x000ff9       data     extern E:\c18v3.46\pic18-lt\cxx-framework\src\traditional\proc\p18f46k22.asm
                   PCLATH   0x000ffa       data     extern E:\c18v3.46\pic18-lt\cxx-framework\src\traditional\proc\p18f46k22.asm
                   PCLATU   0x000ffb       data     extern E:\c18v3.46\pic18-lt\cxx-framework\src\traditional\proc\p18f46k22.asm
                   STKPTR   0x000ffc       data     extern E:\c18v3.46\pic18-lt\cxx-framework\src\traditional\proc\p18f46k22.asm
               STKPTRbits   0x000ffc       data     extern E:\c18v3.46\pic18-lt\cxx-framework\src\traditional\proc\p18f46k22.asm
                      TOS   0x000ffd       data     extern E:\c18v3.46\pic18-lt\cxx-framework\src\traditional\proc\p18f46k22.asm
                     TOSL   0x000ffd       data     extern E:\c18v3.46\pic18-lt\cxx-framework\src\traditional\proc\p18f46k22.asm
                     TOSH   0x000ffe       data     extern E:\c18v3.46\pic18-lt\cxx-framework\src\traditional\proc\p18f46k22.asm
                     TOSU   0x000fff       data     extern E:\c18v3.46\pic18-lt\cxx-framework\src\traditional\proc\p18f46k22.asm


