MPLINK 4.48, Linker
Linker Map File - Created Sat Aug 08 20:25:26 2015

                                 Section Info
                  Section       Type    Address   Location Size(Bytes)
                ---------  ---------  ---------  ---------  ---------
               _entry_scn       code   0x000000    program   0x000006
           .romdata_app.o    romdata   0x000006    program   0x000002
              high_vector       code   0x000008    program   0x00000a
         .code_busy_eep.o       code   0x000012    program   0x000006
               low_vector       code   0x000018    program   0x000014
                   .cinit    romdata   0x00002c    program   0x000086
              .code_app.o       code   0x0000b2    program   0x002b80
               .code_UI.o       code   0x002c32    program   0x000a08
             .code_uart.o       code   0x00363a    program   0x0005ce
    .code_communication.o       code   0x003c08    program   0x00049e
              .code_lcd.o       code   0x0040a6    program   0x00045e
           .code_keypad.o       code   0x004504    program   0x00029e
                      ISR       code   0x0047a2    program   0x0001e6
                   STRING       code   0x004988    program   0x000104
             .stringtable    romdata   0x004a8c    program   0x0000ce
             .code_main.o       code   0x004b5a    program   0x0000c8
            .code_timer.o       code   0x004c22    program   0x0000a8
               _cinit_scn       code   0x004cca    program   0x00009e
          .code_write_B.o       code   0x004d68    program   0x000078
           .code_u2open.o       code   0x004de0    program   0x000078
           .code_u1open.o       code   0x004e58    program   0x000072
           .code_read_B.o       code   0x004eca    program   0x00005c
            .romdata_UI.o    romdata   0x004f26    program   0x000050
            .code_board.o       code   0x004f76    program   0x00004e
           .code_u2read.o       code   0x004fc4    program   0x00003e
           .code_u1read.o       code   0x005002    program   0x00003e
                     PROG       code   0x005040    program   0x00003c
          .code_t0write.o       code   0x00507c    program   0x000038
           .code_t0open.o       code   0x0050b4    program   0x000038
              D1KTCYXCODE       code   0x0050ec    program   0x000020
                    .code       code   0x00510c    program   0x000020
        .code_heartBeat.o       code   0x00512c    program   0x00001e
             _startup_scn       code   0x00514a    program   0x00001c
           .romdata_lcd.o    romdata   0x005166    program   0x000011
        .idata_u1defs.o_i    romdata   0x005177    program   0x000000
        .romdata_u1defs.o    romdata   0x005177    program   0x000000
        .romdata_read_B.o    romdata   0x005177    program   0x000000
        .idata_u2defs.o_i    romdata   0x005177    program   0x000000
      .romdata_busy_eep.o    romdata   0x005177    program   0x000000
         .romdata_c018i.o    romdata   0x005177    program   0x000000
        .idata_u1open.o_i    romdata   0x005177    program   0x000000
        .romdata_u1open.o    romdata   0x005177    program   0x000000
        .idata_u2open.o_i    romdata   0x005177    program   0x000000
        .romdata_u2open.o    romdata   0x005177    program   0x000000
        .idata_t0open.o_i    romdata   0x005177    program   0x000000
        .romdata_t0open.o    romdata   0x005177    program   0x000000
        .idata_u1read.o_i    romdata   0x005177    program   0x000000
        .romdata_u1read.o    romdata   0x005177    program   0x000000
        .idata_u2read.o_i    romdata   0x005177    program   0x000000
        .romdata_u2read.o    romdata   0x005177    program   0x000000
        .idata_read_B.o_i    romdata   0x005177    program   0x000000
 .romdata_communication.o    romdata   0x005177    program   0x000000
.idata_interruptvector.o_i    romdata   0x005177    program   0x000000
.romdata_interruptvector.o    romdata   0x005177    program   0x000000
          .idata_main.o_i    romdata   0x005177    program   0x000000
          .romdata_main.o    romdata   0x005177    program   0x000000
        .romdata___init.o    romdata   0x005177    program   0x000000
       .romdata_write_B.o    romdata   0x005177    program   0x000000
       .idata_write_B.o_i    romdata   0x005177    program   0x000000
       .romdata_t0write.o    romdata   0x005177    program   0x000000
       .idata_t0write.o_i    romdata   0x005177    program   0x000000
        .romdata_u2defs.o    romdata   0x005177    program   0x000000
         .idata_timer.o_i    romdata   0x005177    program   0x000000
         .romdata_timer.o    romdata   0x005177    program   0x000000
           .idata_lcd.o_i    romdata   0x005177    program   0x000000
     .romdata_heartBeat.o    romdata   0x005177    program   0x000000
     .idata_heartBeat.o_i    romdata   0x005177    program   0x000001
        .romdata_keypad.o    romdata   0x005177    program   0x000000
        .idata_keypad.o_i    romdata   0x005177    program   0x000000
         .romdata_board.o    romdata   0x005177    program   0x000000
          .romdata_uart.o    romdata   0x005177    program   0x000000
          .idata_uart.o_i    romdata   0x005177    program   0x000000
           .code___init.o       code   0x005178    program   0x000002
                UI_DATA_i    romdata   0x00517a    program   0x00008a
              UART_DATA_i    romdata   0x005204    program   0x000106
             TIMER_DATA_i    romdata   0x00530a    program   0x00001e
               LOG_DATA_i    romdata   0x005328    program   0x0001c5
               LCD_DATA_i    romdata   0x0054ed    program   0x000022
            KEYPAD_DATA_i    romdata   0x00550f    program   0x000049
               COM_DATA_i    romdata   0x005558    program   0x000114
               APP_DATA_i    romdata   0x00566c    program   0x00041c
 .idata_communication.o_i    romdata   0x005a88    program   0x000002
        .idata___init.o_i    romdata   0x005a8a    program   0x000000
         .idata_c018i.o_i    romdata   0x005a8a    program   0x000000
      .idata_busy_eep.o_i    romdata   0x005a8a    program   0x000000
           .idata_app.o_i    romdata   0x005a8a    program   0x000000
            .idata_UI.o_i    romdata   0x005a8a    program   0x00001c
         .idata_board.o_i    romdata   0x005a8a    program   0x000000
  .code_interruptvector.o       code   0x005aa6    program   0x000000
           .code_u2defs.o       code   0x005aa6    program   0x000000
           .code_u1defs.o       code   0x005aa6    program   0x000000
            .code_c018i.o       code   0x005aa6    program   0x000000
    .config_300001_main.o    romdata   0x300001    program   0x000001
    .config_300002_main.o    romdata   0x300002    program   0x000001
    .config_300003_main.o    romdata   0x300003    program   0x000001
    .config_300005_main.o    romdata   0x300005    program   0x000001
    .config_300006_main.o    romdata   0x300006    program   0x000001
    .config_300008_main.o    romdata   0x300008    program   0x000001
    .config_300009_main.o    romdata   0x300009    program   0x000001
    .config_30000a_main.o    romdata   0x30000a    program   0x000001
    .config_30000b_main.o    romdata   0x30000b    program   0x000001
    .config_30000c_main.o    romdata   0x30000c    program   0x000001
    .config_30000d_main.o    romdata   0x30000d    program   0x000001
                MATH_DATA      udata   0x000000       data   0x000014
                 .tmpdata      udata   0x000014       data   0x000008
                DELAYDAT1      udata   0x00001c       data   0x000001
                   .stack      udata   0x000060       data   0x0000a0
                 APP_DATA      idata   0x000100       data   0x00041c
                 LOG_DATA      idata   0x000600       data   0x0001c5
                 COM_DATA      idata   0x000900       data   0x000114
                UART_DATA      idata   0x000b00       data   0x000106
                  UI_DATA      idata   0x000d00       data   0x00008a
              KEYPAD_DATA      idata   0x000d8a       data   0x000049
              .idata_UI.o      idata   0x000dd3       data   0x00001c
           .udata_c018i.o      udata   0x000def       data   0x00000a
   .idata_communication.o      idata   0x000df9       data   0x000002
          .udata_u2defs.o      udata   0x000dfb       data   0x000001
          .udata_u1defs.o      udata   0x000dfc       data   0x000001
           .udata_board.o      udata   0x000dfd       data   0x000001
       .idata_heartBeat.o      idata   0x000dfe       data   0x000001
           .idata_c018i.o      idata   0x000dff       data   0x000000
          .udata_u1open.o      udata   0x000dff       data   0x000000
          .idata_u1open.o      idata   0x000dff       data   0x000000
          .udata_u2open.o      udata   0x000dff       data   0x000000
          .idata_u2open.o      idata   0x000dff       data   0x000000
          .udata_t0open.o      udata   0x000dff       data   0x000000
          .idata_t0open.o      idata   0x000dff       data   0x000000
          .udata_u1read.o      udata   0x000dff       data   0x000000
          .idata_u1read.o      idata   0x000dff       data   0x000000
          .udata_u2read.o      udata   0x000dff       data   0x000000
          .idata_u2read.o      idata   0x000dff       data   0x000000
          .udata_read_B.o      udata   0x000dff       data   0x000000
          .idata_read_B.o      idata   0x000dff       data   0x000000
          .idata_u1defs.o      idata   0x000dff       data   0x000000
          .idata_u2defs.o      idata   0x000dff       data   0x000000
         .udata_t0write.o      udata   0x000dff       data   0x000000
         .idata_t0write.o      idata   0x000dff       data   0x000000
         .udata_write_B.o      udata   0x000dff       data   0x000000
         .idata_write_B.o      idata   0x000dff       data   0x000000
          .udata___init.o      udata   0x000dff       data   0x000000
          .idata___init.o      idata   0x000dff       data   0x000000
            .idata_main.o      idata   0x000dff       data   0x000000
           .udata_timer.o      udata   0x000dff       data   0x000000
           .idata_timer.o      idata   0x000dff       data   0x000000
            .udata_uart.o      udata   0x000dff       data   0x000000
            .idata_uart.o      idata   0x000dff       data   0x000000
            .udata_main.o      udata   0x000dff       data   0x000000
          .udata_keypad.o      udata   0x000dff       data   0x000000
          .idata_keypad.o      idata   0x000dff       data   0x000000
 .idata_interruptvector.o      idata   0x000dff       data   0x000000
       .udata_heartBeat.o      udata   0x000dff       data   0x000000
             .udata_lcd.o      udata   0x000dff       data   0x000000
             .idata_lcd.o      idata   0x000dff       data   0x000000
              .udata_UI.o      udata   0x000dff       data   0x000000
 .udata_interruptvector.o      udata   0x000dff       data   0x000000
             .udata_app.o      udata   0x000dff       data   0x000000
             .idata_app.o      idata   0x000dff       data   0x000000
   .udata_communication.o      udata   0x000dff       data   0x000000
           .idata_board.o      idata   0x000dff       data   0x000000
        .udata_busy_eep.o      udata   0x000dff       data   0x000000
        .idata_busy_eep.o      idata   0x000dff       data   0x000000
               TIMER_DATA      idata   0x000e00       data   0x00001e
                 LCD_DATA      idata   0x000e1e       data   0x000022
              SFR_BANKED0      udata   0x000f38       data   0x000028
            SFR_UNBANKED0      udata   0x000f60       data   0x0000a0



                              Program Memory Usage 
                               Start         End      
                           ---------   ---------      
                            0x000000    0x005aa5      
                            0x300001    0x300003      
                            0x300005    0x300006      
                            0x300008    0x30000d      
            23217 out of 29720 program addresses used, program memory utilization is 78%



                              Symbols - Sorted by Name
                     Name    Address   Location    Storage File                     
                ---------  ---------  ---------  --------- ---------                
    APP_acknowledgeIssues   0x0023d6    program     extern C:\Users\IDEONICS-BNG\Desktop\subhra\ANDON\IDF 8 & 2\AndonXBeeTerminal_IDF8_multi_Version_mutalaid\app.c
        APP_checkPassword   0x0028e0    program     extern C:\Users\IDEONICS-BNG\Desktop\subhra\ANDON\IDF 8 & 2\AndonXBeeTerminal_IDF8_multi_Version_mutalaid\app.c
          APP_clearIssues   0x00291c    program     extern C:\Users\IDEONICS-BNG\Desktop\subhra\ANDON\IDF 8 & 2\AndonXBeeTerminal_IDF8_multi_Version_mutalaid\app.c
          APP_comCallBack   0x002aa6    program     extern C:\Users\IDEONICS-BNG\Desktop\subhra\ANDON\IDF 8 & 2\AndonXBeeTerminal_IDF8_multi_Version_mutalaid\app.c
 APP_getAcknowledgedIssue   0x000e2c    program     extern C:\Users\IDEONICS-BNG\Desktop\subhra\ANDON\IDF 8 & 2\AndonXBeeTerminal_IDF8_multi_Version_mutalaid\app.c
         APP_getOpenIssue   0x00070a    program     extern C:\Users\IDEONICS-BNG\Desktop\subhra\ANDON\IDF 8 & 2\AndonXBeeTerminal_IDF8_multi_Version_mutalaid\app.c
                 APP_init   0x0000b2    program     extern C:\Users\IDEONICS-BNG\Desktop\subhra\ANDON\IDF 8 & 2\AndonXBeeTerminal_IDF8_multi_Version_mutalaid\app.c
                APP_login   0x0003f4    program     extern C:\Users\IDEONICS-BNG\Desktop\subhra\ANDON\IDF 8 & 2\AndonXBeeTerminal_IDF8_multi_Version_mutalaid\app.c
               APP_logout   0x00048e    program     extern C:\Users\IDEONICS-BNG\Desktop\subhra\ANDON\IDF 8 & 2\AndonXBeeTerminal_IDF8_multi_Version_mutalaid\app.c
          APP_raiseIssues   0x001d12    program     extern C:\Users\IDEONICS-BNG\Desktop\subhra\ANDON\IDF 8 & 2\AndonXBeeTerminal_IDF8_multi_Version_mutalaid\app.c
       APP_raiseMutualAid   0x001cde    program     extern C:\Users\IDEONICS-BNG\Desktop\subhra\ANDON\IDF 8 & 2\AndonXBeeTerminal_IDF8_multi_Version_mutalaid\app.c
        APP_resolveIssues   0x0018c4    program     extern C:\Users\IDEONICS-BNG\Desktop\subhra\ANDON\IDF 8 & 2\AndonXBeeTerminal_IDF8_multi_Version_mutalaid\app.c
     APP_resolveMutualAid   0x00154e    program     extern C:\Users\IDEONICS-BNG\Desktop\subhra\ANDON\IDF 8 & 2\AndonXBeeTerminal_IDF8_multi_Version_mutalaid\app.c
                 APP_task   0x000526    program     extern C:\Users\IDEONICS-BNG\Desktop\subhra\ANDON\IDF 8 & 2\AndonXBeeTerminal_IDF8_multi_Version_mutalaid\app.c
      APP_updateIssueInfo   0x0023a6    program     extern C:\Users\IDEONICS-BNG\Desktop\subhra\ANDON\IDF 8 & 2\AndonXBeeTerminal_IDF8_multi_Version_mutalaid\app.c
               BOARD_init   0x004f76    program     extern C:\Users\IDEONICS-BNG\Desktop\subhra\ANDON\IDF 8 & 2\AndonXBeeTerminal_IDF8_multi_Version_mutalaid\board.c
                 Busy_eep   0x000012    program     extern E:\c18v3.46\pic18-lt\cxx-framework\src\pmc_common\EEP\busy_eep.c
                 COM_init   0x003c08    program     extern C:\Users\IDEONICS-BNG\Desktop\subhra\ANDON\IDF 8 & 2\AndonXBeeTerminal_IDF8_multi_Version_mutalaid\communication.c
                COM_reset   0x003c70    program     extern C:\Users\IDEONICS-BNG\Desktop\subhra\ANDON\IDF 8 & 2\AndonXBeeTerminal_IDF8_multi_Version_mutalaid\communication.c
              COM_restart   0x003c3e    program     extern C:\Users\IDEONICS-BNG\Desktop\subhra\ANDON\IDF 8 & 2\AndonXBeeTerminal_IDF8_multi_Version_mutalaid\communication.c
                 COM_task   0x003c9e    program     extern C:\Users\IDEONICS-BNG\Desktop\subhra\ANDON\IDF 8 & 2\AndonXBeeTerminal_IDF8_multi_Version_mutalaid\communication.c
               COM_txData   0x003f66    program     extern C:\Users\IDEONICS-BNG\Desktop\subhra\ANDON\IDF 8 & 2\AndonXBeeTerminal_IDF8_multi_Version_mutalaid\communication.c
                COM_txStr   0x003ff8    program     extern C:\Users\IDEONICS-BNG\Desktop\subhra\ANDON\IDF 8 & 2\AndonXBeeTerminal_IDF8_multi_Version_mutalaid\communication.c
                    D1K_1   0x0050f8    program     static E:\c18v3.46\pic18-lt\cxx-framework\src\traditional\delays\d1ktcyx.asm
                     D1Kx   0x0050f6    program     static E:\c18v3.46\pic18-lt\cxx-framework\src\traditional\delays\d1ktcyx.asm
              Delay1KTCYx   0x0050ec    program     extern E:\c18v3.46\pic18-lt\cxx-framework\src\traditional\delays\d1ktcyx.asm
         EnableInterrupts   0x000022    program     extern C:\Users\IDEONICS-BNG\Desktop\subhra\ANDON\IDF 8 & 2\AndonXBeeTerminal_IDF8_multi_Version_mutalaid\interruptvector.c
                 FXM1616U   0x005040    program     extern E:\c18v3.46\pic18-lt\cxx-framework\src\traditional\math\fxm1616u.asm
               GetAppTime   0x004c6a    program     extern C:\Users\IDEONICS-BNG\Desktop\subhra\ANDON\IDF 8 & 2\AndonXBeeTerminal_IDF8_multi_Version_mutalaid\timer.c
                  HB_init   0x00512c    program     extern C:\Users\IDEONICS-BNG\Desktop\subhra\ANDON\IDF 8 & 2\AndonXBeeTerminal_IDF8_multi_Version_mutalaid\heartBeat.c
                  HB_task   0x005132    program     extern C:\Users\IDEONICS-BNG\Desktop\subhra\ANDON\IDF 8 & 2\AndonXBeeTerminal_IDF8_multi_Version_mutalaid\heartBeat.c
                  InitLcd   0x004202    program     extern C:\Users\IDEONICS-BNG\Desktop\subhra\ANDON\IDF 8 & 2\AndonXBeeTerminal_IDF8_multi_Version_mutalaid\lcd.c
              KEYPAD_init   0x004504    program     extern C:\Users\IDEONICS-BNG\Desktop\subhra\ANDON\IDF 8 & 2\AndonXBeeTerminal_IDF8_multi_Version_mutalaid\keypad.c
              KEYPAD_read   0x0045be    program     extern C:\Users\IDEONICS-BNG\Desktop\subhra\ANDON\IDF 8 & 2\AndonXBeeTerminal_IDF8_multi_Version_mutalaid\keypad.c
             KEYPAD_reset   0x004644    program     extern C:\Users\IDEONICS-BNG\Desktop\subhra\ANDON\IDF 8 & 2\AndonXBeeTerminal_IDF8_multi_Version_mutalaid\keypad.c
              KEYPAD_task   0x004522    program     extern C:\Users\IDEONICS-BNG\Desktop\subhra\ANDON\IDF 8 & 2\AndonXBeeTerminal_IDF8_multi_Version_mutalaid\keypad.c
                LCD_clear   0x004386    program     extern C:\Users\IDEONICS-BNG\Desktop\subhra\ANDON\IDF 8 & 2\AndonXBeeTerminal_IDF8_multi_Version_mutalaid\lcd.c
                 LCD_init   0x004430    program     extern C:\Users\IDEONICS-BNG\Desktop\subhra\ANDON\IDF 8 & 2\AndonXBeeTerminal_IDF8_multi_Version_mutalaid\lcd.c
              LCD_putChar   0x004394    program     extern C:\Users\IDEONICS-BNG\Desktop\subhra\ANDON\IDF 8 & 2\AndonXBeeTerminal_IDF8_multi_Version_mutalaid\lcd.c
         LCD_setBackSpace   0x004370    program     extern C:\Users\IDEONICS-BNG\Desktop\subhra\ANDON\IDF 8 & 2\AndonXBeeTerminal_IDF8_multi_Version_mutalaid\lcd.c
         LCD_writeCommand   0x004166    program     extern C:\Users\IDEONICS-BNG\Desktop\subhra\ANDON\IDF 8 & 2\AndonXBeeTerminal_IDF8_multi_Version_mutalaid\lcd.c
            LCD_writeData   0x0041b4    program     extern C:\Users\IDEONICS-BNG\Desktop\subhra\ANDON\IDF 8 & 2\AndonXBeeTerminal_IDF8_multi_Version_mutalaid\lcd.c
               Open1USART   0x004e58    program     extern E:\c18v3.46\pic18-lt\cxx-framework\src\pmc_common\USART\u1open.c
               Open2USART   0x004de0    program     extern E:\c18v3.46\pic18-lt\cxx-framework\src\pmc_common\USART\u2open.c
               OpenTimer0   0x0050b4    program     extern E:\c18v3.46\pic18-lt\cxx-framework\src\pmc_common\Timers\t0open.c
               Read1USART   0x005002    program     extern E:\c18v3.46\pic18-lt\cxx-framework\src\pmc_common\USART\u1read.c
               Read2USART   0x004fc4    program     extern E:\c18v3.46\pic18-lt\cxx-framework\src\pmc_common\USART\u2read.c
               Read_b_eep   0x004eca    program     extern E:\c18v3.46\pic18-lt\cxx-framework\src\pmc_common\EEP\read_B.c
             ResetAppTime   0x004cba    program     extern C:\Users\IDEONICS-BNG\Desktop\subhra\ANDON\IDF 8 & 2\AndonXBeeTerminal_IDF8_multi_Version_mutalaid\timer.c
               TIMER0_ISR   0x0047a2    program     extern C:\Users\IDEONICS-BNG\Desktop\subhra\ANDON\IDF 8 & 2\AndonXBeeTerminal_IDF8_multi_Version_mutalaid\timer.c
              TIMER0_init   0x004c22    program     extern C:\Users\IDEONICS-BNG\Desktop\subhra\ANDON\IDF 8 & 2\AndonXBeeTerminal_IDF8_multi_Version_mutalaid\timer.c
            UART1_hasData   0x003b1e    program     extern C:\Users\IDEONICS-BNG\Desktop\subhra\ANDON\IDF 8 & 2\AndonXBeeTerminal_IDF8_multi_Version_mutalaid\uart.c
               UART1_init   0x003816    program     extern C:\Users\IDEONICS-BNG\Desktop\subhra\ANDON\IDF 8 & 2\AndonXBeeTerminal_IDF8_multi_Version_mutalaid\uart.c
               UART1_read   0x003b58    program     extern C:\Users\IDEONICS-BNG\Desktop\subhra\ANDON\IDF 8 & 2\AndonXBeeTerminal_IDF8_multi_Version_mutalaid\uart.c
           UART1_transmit   0x0038fc    program     extern C:\Users\IDEONICS-BNG\Desktop\subhra\ANDON\IDF 8 & 2\AndonXBeeTerminal_IDF8_multi_Version_mutalaid\uart.c
              UART1_write   0x003880    program     extern C:\Users\IDEONICS-BNG\Desktop\subhra\ANDON\IDF 8 & 2\AndonXBeeTerminal_IDF8_multi_Version_mutalaid\uart.c
            UART2_hasData   0x003ae4    program     extern C:\Users\IDEONICS-BNG\Desktop\subhra\ANDON\IDF 8 & 2\AndonXBeeTerminal_IDF8_multi_Version_mutalaid\uart.c
               UART2_init   0x003848    program     extern C:\Users\IDEONICS-BNG\Desktop\subhra\ANDON\IDF 8 & 2\AndonXBeeTerminal_IDF8_multi_Version_mutalaid\uart.c
               UART2_read   0x003bb0    program     extern C:\Users\IDEONICS-BNG\Desktop\subhra\ANDON\IDF 8 & 2\AndonXBeeTerminal_IDF8_multi_Version_mutalaid\uart.c
           UART2_transmit   0x0039f0    program     extern C:\Users\IDEONICS-BNG\Desktop\subhra\ANDON\IDF 8 & 2\AndonXBeeTerminal_IDF8_multi_Version_mutalaid\uart.c
              UART2_write   0x0038be    program     extern C:\Users\IDEONICS-BNG\Desktop\subhra\ANDON\IDF 8 & 2\AndonXBeeTerminal_IDF8_multi_Version_mutalaid\uart.c
                  UI_init   0x002c32    program     extern C:\Users\IDEONICS-BNG\Desktop\subhra\ANDON\IDF 8 & 2\AndonXBeeTerminal_IDF8_multi_Version_mutalaid\UI.c
              UI_setState   0x00335a    program     extern C:\Users\IDEONICS-BNG\Desktop\subhra\ANDON\IDF 8 & 2\AndonXBeeTerminal_IDF8_multi_Version_mutalaid\UI.c
                  UI_task   0x002c4e    program     extern C:\Users\IDEONICS-BNG\Desktop\subhra\ANDON\IDF 8 & 2\AndonXBeeTerminal_IDF8_multi_Version_mutalaid\UI.c
     Uart1_ReceiveHandler   0x0048b8    program     extern C:\Users\IDEONICS-BNG\Desktop\subhra\ANDON\IDF 8 & 2\AndonXBeeTerminal_IDF8_multi_Version_mutalaid\uart.c
    Uart1_TransmitHandler   0x00370a    program     extern C:\Users\IDEONICS-BNG\Desktop\subhra\ANDON\IDF 8 & 2\AndonXBeeTerminal_IDF8_multi_Version_mutalaid\uart.c
     Uart2_ReceiveHandler   0x00363a    program     extern C:\Users\IDEONICS-BNG\Desktop\subhra\ANDON\IDF 8 & 2\AndonXBeeTerminal_IDF8_multi_Version_mutalaid\uart.c
    Uart2_TransmitHandler   0x003790    program     extern C:\Users\IDEONICS-BNG\Desktop\subhra\ANDON\IDF 8 & 2\AndonXBeeTerminal_IDF8_multi_Version_mutalaid\uart.c
              WriteTimer0   0x00507c    program     extern E:\c18v3.46\pic18-lt\cxx-framework\src\pmc_common\Timers\t0write.c
              Write_b_eep   0x004d68    program     extern E:\c18v3.46\pic18-lt\cxx-framework\src\pmc_common\EEP\write_B.c
              _2jContinue   0x0049a8    program     static E:\c18v3.46\pic18-lt\cxx-framework\src\traditional\stdclib\memset.asm
                   _3jEnd   0x0049b2    program     static E:\c18v3.46\pic18-lt\cxx-framework\src\traditional\stdclib\memset.asm
        _D1KTCYXCODE_0010   0x0050fc    program     static E:\c18v3.46\pic18-lt\cxx-framework\src\traditional\delays\d1ktcyx.asm
        _D1KTCYXCODE_0016   0x005102    program     static E:\c18v3.46\pic18-lt\cxx-framework\src\traditional\delays\d1ktcyx.asm
       ___case_1_lbl00086   0x00161c    program     static                          
       ___case_1_lbl00113   0x001992    program     static                          
       ___case_1_lbl00183   0x00206c    program     static                          
       ___case_3_lbl00092   0x001726    program     static                          
       ___case_3_lbl00121   0x001ac8    program     static                          
       ___case_3_lbl00197   0x00217a    program     static                          
      ___default_lbl00103   0x001880    program     static                          
      ___default_lbl00138   0x001c9a    program     static                          
      ___default_lbl00198   0x0022e0    program     static                          
         ___else_lbl00011   0x000266    program     static                          
         ___else_lbl00013   0x000252    program     static                          
         ___else_lbl00097   0x001836    program     static                          
         ___else_lbl00099   0x001864    program     static                          
         ___else_lbl00101   0x001846    program     static                          
         ___else_lbl00118   0x001aae    program     static                          
         ___else_lbl00126   0x001c0a    program     static                          
         ___else_lbl00128   0x001be6    program     static                          
         ___else_lbl00130   0x001c46    program     static                          
         ___else_lbl00132   0x001c7e    program     static                          
         ___else_lbl00134   0x001c5e    program     static                          
         ___else_lbl00136   0x001c22    program     static                          
         ___else_lbl00158   0x001f0e    program     static                          
         ___else_lbl00160   0x001f42    program     static                          
         ___else_lbl00162   0x001f24    program     static                          
         ___else_lbl00190   0x00228a    program     static                          
         ___else_lbl00192   0x0022c2    program     static                          
         ___else_lbl00194   0x0022a6    program     static                          
         ___else_lbl00256   0x002a80    program     static                          
          ___for_lbl00001   0x000234    program     static                          
          ___for_lbl00002   0x00023e    program     static                          
          ___for_lbl00003   0x0001a2    program     static                          
          ___for_lbl00004   0x0001a8    program     static                          
          ___for_lbl00005   0x00012e    program     static                          
          ___for_lbl00009   0x0000ee    program     static                          
          ___for_lbl00032   0x0006da    program     static                          
          ___for_lbl00033   0x0006de    program     static                          
          ___for_lbl00035   0x00058e    program     static                          
          ___for_lbl00087   0x00170a    program     static                          
          ___for_lbl00088   0x001710    program     static                          
          ___for_lbl00089   0x0016b6    program     static                          
          ___for_lbl00093   0x001816    program     static                          
          ___for_lbl00094   0x00181c    program     static                          
          ___for_lbl00095   0x0017c2    program     static                          
          ___for_lbl00104   0x0018ac    program     static                          
          ___for_lbl00105   0x0018b0    program     static                          
          ___for_lbl00107   0x001884    program     static                          
          ___for_lbl00114   0x001a82    program     static                          
          ___for_lbl00115   0x001a88    program     static                          
          ___for_lbl00116   0x001a2e    program     static                          
          ___for_lbl00122   0x001bb8    program     static                          
          ___for_lbl00123   0x001bbe    program     static                          
          ___for_lbl00124   0x001b64    program     static                          
          ___for_lbl00139   0x001cc6    program     static                          
          ___for_lbl00140   0x001cca    program     static                          
          ___for_lbl00142   0x001c9e    program     static                          
          ___for_lbl00147   0x001d88    program     static                          
          ___for_lbl00148   0x001d8c    program     static                          
          ___for_lbl00151   0x001d20    program     static                          
          ___for_lbl00152   0x001f6c    program     static                          
          ___for_lbl00153   0x001f70    program     static                          
          ___for_lbl00154   0x001ee2    program     static                          
          ___for_lbl00155   0x001ee8    program     static                          
          ___for_lbl00156   0x001e90    program     static                          
          ___for_lbl00164   0x001d8e    program     static                          
          ___for_lbl00168   0x002058    program     static                          
          ___for_lbl00169   0x00205c    program     static                          
          ___for_lbl00173   0x001fd0    program     static                          
          ___for_lbl00175   0x002174    program     static                          
          ___for_lbl00176   0x002178    program     static                          
          ___for_lbl00177   0x00214e    program     static                          
          ___for_lbl00178   0x002154    program     static                          
          ___for_lbl00179   0x0020fa    program     static                          
          ___for_lbl00182   0x00206e    program     static                          
          ___for_lbl00184   0x0022da    program     static                          
          ___for_lbl00185   0x0022de    program     static                          
          ___for_lbl00186   0x00225e    program     static                          
          ___for_lbl00187   0x002264    program     static                          
          ___for_lbl00188   0x00220a    program     static                          
          ___for_lbl00196   0x00217c    program     static                          
          ___for_lbl00206   0x002496    program     static                          
          ___for_lbl00207   0x00249a    program     static                          
          ___for_lbl00209   0x00246e    program     static                          
          ___for_lbl00235   0x002820    program     static                          
          ___for_lbl00236   0x002824    program     static                          
          ___for_lbl00239   0x002768    program     static                          
          ___for_lbl00249   0x002a20    program     static                          
          ___for_lbl00250   0x002a2a    program     static                          
          ___for_lbl00251   0x002958    program     static                          
          ___for_lbl00252   0x002a5a    program     static                          
          ___for_lbl00253   0x002a64    program     static                          
          ___for_lbl00254   0x002a2e    program     static                          
           ___if_lbl00001   0x000010    program     static                          
           ___if_lbl00003   0x004116    program     static                          
           ___if_lbl00003   0x000020    program     static                          
           ___if_lbl00003   0x004bbc    program     static                          
           ___if_lbl00004   0x004bd2    program     static                          
           ___if_lbl00005   0x004be8    program     static                          
           ___if_lbl00006   0x004bfe    program     static                          
           ___if_lbl00006   0x0001d4    program     static                          
           ___if_lbl00007   0x000202    program     static                          
           ___if_lbl00007   0x004c14    program     static                          
           ___if_lbl00008   0x000234    program     static                          
           ___if_lbl00010   0x000270    program     static                          
           ___if_lbl00012   0x000270    program     static                          
           ___if_lbl00014   0x000280    program     static                          
           ___if_lbl00034   0x0006da    program     static                          
           ___if_lbl00036   0x0006f2    program     static                          
           ___if_lbl00037   0x0006f2    program     static                          
           ___if_lbl00038   0x0006f6    program     static                          
           ___if_lbl00082   0x0015e2    program     static                          
           ___if_lbl00083   0x0015e2    program     static                          
           ___if_lbl00084   0x0015e2    program     static                          
           ___if_lbl00090   0x001722    program     static                          
           ___if_lbl00091   0x001724    program     static                          
           ___if_lbl00096   0x001844    program     static                          
           ___if_lbl00098   0x00187c    program     static                          
           ___if_lbl00100   0x00187c    program     static                          
           ___if_lbl00102   0x00187e    program     static                          
           ___if_lbl00106   0x0018ac    program     static                          
           ___if_lbl00109   0x001958    program     static                          
           ___if_lbl00110   0x001958    program     static                          
           ___if_lbl00111   0x001958    program     static                          
           ___if_lbl00117   0x001ac4    program     static                          
           ___if_lbl00119   0x001ac4    program     static                          
           ___if_lbl00120   0x001ac6    program     static                          
           ___if_lbl00125   0x001c20    program     static                          
           ___if_lbl00127   0x001c20    program     static                          
           ___if_lbl00129   0x001c5c    program     static                          
           ___if_lbl00131   0x001c96    program     static                          
           ___if_lbl00133   0x001c96    program     static                          
           ___if_lbl00135   0x001c96    program     static                          
           ___if_lbl00137   0x001c98    program     static                          
           ___if_lbl00141   0x001cc6    program     static                          
           ___if_lbl00149   0x001d88    program     static                          
           ___if_lbl00150   0x001d88    program     static                          
           ___if_lbl00157   0x001f22    program     static                          
           ___if_lbl00159   0x001f58    program     static                          
           ___if_lbl00161   0x001f58    program     static                          
           ___if_lbl00163   0x001f6c    program     static                          
           ___if_lbl00165   0x001f7c    program     static                          
           ___if_lbl00167   0x001fce    program     static                          
           ___if_lbl00170   0x002058    program     static                          
           ___if_lbl00171   0x002058    program     static                          
           ___if_lbl00172   0x002058    program     static                          
           ___if_lbl00180   0x002172    program     static                          
           ___if_lbl00181   0x002174    program     static                          
           ___if_lbl00189   0x0022a4    program     static                          
           ___if_lbl00191   0x0022d8    program     static                          
           ___if_lbl00193   0x0022d8    program     static                          
           ___if_lbl00195   0x0022da    program     static                          
           ___if_lbl00208   0x002496    program     static                          
           ___if_lbl00237   0x002820    program     static                          
           ___if_lbl00238   0x002820    program     static                          
           ___if_lbl00255   0x002a92    program     static                          
       ___return_lbl00000   0x004c18    program     static                          
       ___return_lbl00000   0x00030c    program     static                          
       ___return_lbl00000   0x000004    program     static                          
       ___return_lbl00000   0x00411e    program     static                          
       ___return_lbl00000   0x000010    program     static                          
       ___return_lbl00000   0x004f1a    program     static                          
       ___return_lbl00001   0x005164    program     static                          
       ___return_lbl00002   0x000020    program     static                          
       ___return_lbl00002   0x004d66    program     static                          
       ___return_lbl00004   0x00415e    program     static                          
       ___return_lbl00005   0x0041ac    program     static                          
       ___return_lbl00006   0x0041fa    program     static                          
       ___return_lbl00031   0x0006f6    program     static                          
       ___return_lbl00081   0x0018b0    program     static                          
       ___return_lbl00108   0x001cca    program     static                          
       ___return_lbl00146   0x001f7c    program     static                          
       ___return_lbl00166   0x0022e2    program     static                          
       ___return_lbl00205   0x00249a    program     static                          
       ___return_lbl00234   0x00282a    program     static                          
       ___return_lbl00248   0x002a92    program     static                          
   ___switchexit_lbl00085   0x001882    program     static                          
   ___switchexit_lbl00112   0x001c9c    program     static                          
   ___switchexit_lbl00174   0x0022e2    program     static                          
        ___while_lbl00001   0x004ba6    program     static                          
        ___while_lbl00001   0x0040ca    program     static                          
        ___while_lbl00002   0x004c18    program     static                          
        ___while_lbl00002   0x004118    program     static                          
               __config_0   0x300001    program     static C:\Users\IDEONICS-BNG\Desktop\subhra\ANDON\IDF 8 & 2\AndonXBeeTerminal_IDF8_multi_Version_mutalaid\main.c
               __config_1   0x300002    program     static C:\Users\IDEONICS-BNG\Desktop\subhra\ANDON\IDF 8 & 2\AndonXBeeTerminal_IDF8_multi_Version_mutalaid\main.c
              __config_10   0x30000d    program     static C:\Users\IDEONICS-BNG\Desktop\subhra\ANDON\IDF 8 & 2\AndonXBeeTerminal_IDF8_multi_Version_mutalaid\main.c
               __config_2   0x300003    program     static C:\Users\IDEONICS-BNG\Desktop\subhra\ANDON\IDF 8 & 2\AndonXBeeTerminal_IDF8_multi_Version_mutalaid\main.c
               __config_3   0x300005    program     static C:\Users\IDEONICS-BNG\Desktop\subhra\ANDON\IDF 8 & 2\AndonXBeeTerminal_IDF8_multi_Version_mutalaid\main.c
               __config_4   0x300006    program     static C:\Users\IDEONICS-BNG\Desktop\subhra\ANDON\IDF 8 & 2\AndonXBeeTerminal_IDF8_multi_Version_mutalaid\main.c
               __config_5   0x300008    program     static C:\Users\IDEONICS-BNG\Desktop\subhra\ANDON\IDF 8 & 2\AndonXBeeTerminal_IDF8_multi_Version_mutalaid\main.c
               __config_6   0x300009    program     static C:\Users\IDEONICS-BNG\Desktop\subhra\ANDON\IDF 8 & 2\AndonXBeeTerminal_IDF8_multi_Version_mutalaid\main.c
               __config_7   0x30000a    program     static C:\Users\IDEONICS-BNG\Desktop\subhra\ANDON\IDF 8 & 2\AndonXBeeTerminal_IDF8_multi_Version_mutalaid\main.c
               __config_8   0x30000b    program     static C:\Users\IDEONICS-BNG\Desktop\subhra\ANDON\IDF 8 & 2\AndonXBeeTerminal_IDF8_multi_Version_mutalaid\main.c
               __config_9   0x30000c    program     static C:\Users\IDEONICS-BNG\Desktop\subhra\ANDON\IDF 8 & 2\AndonXBeeTerminal_IDF8_multi_Version_mutalaid\main.c
                   __init   0x005178    program     extern E:\c18v3.46\pic18-lt\cxx-framework\src\traditional\stdclib\__init.c
               __string_0   0x004b4e    program     static C:\Users\IDEONICS-BNG\Desktop\subhra\ANDON\IDF 8 & 2\AndonXBeeTerminal_IDF8_multi_Version_mutalaid\UI.c
               __string_0   0x004a8c    program     static C:\Users\IDEONICS-BNG\Desktop\subhra\ANDON\IDF 8 & 2\AndonXBeeTerminal_IDF8_multi_Version_mutalaid\main.c
               __string_1   0x004b47    program     static C:\Users\IDEONICS-BNG\Desktop\subhra\ANDON\IDF 8 & 2\AndonXBeeTerminal_IDF8_multi_Version_mutalaid\UI.c
              __string_10   0x004acc    program     static C:\Users\IDEONICS-BNG\Desktop\subhra\ANDON\IDF 8 & 2\AndonXBeeTerminal_IDF8_multi_Version_mutalaid\UI.c
              __string_11   0x004ac2    program     static C:\Users\IDEONICS-BNG\Desktop\subhra\ANDON\IDF 8 & 2\AndonXBeeTerminal_IDF8_multi_Version_mutalaid\UI.c
              __string_12   0x004ab2    program     static C:\Users\IDEONICS-BNG\Desktop\subhra\ANDON\IDF 8 & 2\AndonXBeeTerminal_IDF8_multi_Version_mutalaid\UI.c
              __string_13   0x004aa5    program     static C:\Users\IDEONICS-BNG\Desktop\subhra\ANDON\IDF 8 & 2\AndonXBeeTerminal_IDF8_multi_Version_mutalaid\UI.c
               __string_2   0x004b3f    program     static C:\Users\IDEONICS-BNG\Desktop\subhra\ANDON\IDF 8 & 2\AndonXBeeTerminal_IDF8_multi_Version_mutalaid\UI.c
               __string_3   0x004b34    program     static C:\Users\IDEONICS-BNG\Desktop\subhra\ANDON\IDF 8 & 2\AndonXBeeTerminal_IDF8_multi_Version_mutalaid\UI.c
               __string_4   0x004b27    program     static C:\Users\IDEONICS-BNG\Desktop\subhra\ANDON\IDF 8 & 2\AndonXBeeTerminal_IDF8_multi_Version_mutalaid\UI.c
               __string_5   0x004b16    program     static C:\Users\IDEONICS-BNG\Desktop\subhra\ANDON\IDF 8 & 2\AndonXBeeTerminal_IDF8_multi_Version_mutalaid\UI.c
               __string_6   0x004b07    program     static C:\Users\IDEONICS-BNG\Desktop\subhra\ANDON\IDF 8 & 2\AndonXBeeTerminal_IDF8_multi_Version_mutalaid\UI.c
               __string_7   0x004af3    program     static C:\Users\IDEONICS-BNG\Desktop\subhra\ANDON\IDF 8 & 2\AndonXBeeTerminal_IDF8_multi_Version_mutalaid\UI.c
               __string_8   0x004ade    program     static C:\Users\IDEONICS-BNG\Desktop\subhra\ANDON\IDF 8 & 2\AndonXBeeTerminal_IDF8_multi_Version_mutalaid\UI.c
               __string_9   0x004ad5    program     static C:\Users\IDEONICS-BNG\Desktop\subhra\ANDON\IDF 8 & 2\AndonXBeeTerminal_IDF8_multi_Version_mutalaid\UI.c
               __tmplbl_0   0x000578    program     static                          
            __zero_memory   0x00510c    program     extern E:\c18v3.46\pic18-lt\cxx-framework\src\traditional\proc\p18f46k22.asm
                _do_cinit   0x004cca    program     extern E:\c18v3.46\pic18-lt\cxx-framework\src\traditional\startup\c018i.c
                   _entry   0x000000    program     extern E:\c18v3.46\pic18-lt\cxx-framework\src\traditional\startup\c018i.c
                 _startup   0x00514a    program     extern E:\c18v3.46\pic18-lt\cxx-framework\src\traditional\startup\c018i.c
         acknowledgeIssue   0x002842    program     extern C:\Users\IDEONICS-BNG\Desktop\subhra\ANDON\IDF 8 & 2\AndonXBeeTerminal_IDF8_multi_Version_mutalaid\app.c
                  busyLcd   0x0040a6    program     static C:\Users\IDEONICS-BNG\Desktop\subhra\ANDON\IDF 8 & 2\AndonXBeeTerminal_IDF8_multi_Version_mutalaid\lcd.c
                 checksum   0x004042    program     extern C:\Users\IDEONICS-BNG\Desktop\subhra\ANDON\IDF 8 & 2\AndonXBeeTerminal_IDF8_multi_Version_mutalaid\communication.c
              clearScreen   0x005166    program     static C:\Users\IDEONICS-BNG\Desktop\subhra\ANDON\IDF 8 & 2\AndonXBeeTerminal_IDF8_multi_Version_mutalaid\lcd.c
            clearUIBuffer   0x00347e    program     extern C:\Users\IDEONICS-BNG\Desktop\subhra\ANDON\IDF 8 & 2\AndonXBeeTerminal_IDF8_multi_Version_mutalaid\UI.c
             clearUIInput   0x0034a8    program     extern C:\Users\IDEONICS-BNG\Desktop\subhra\ANDON\IDF 8 & 2\AndonXBeeTerminal_IDF8_multi_Version_mutalaid\UI.c
                compare_l   0x005122    program     static E:\c18v3.46\pic18-lt\cxx-framework\src\traditional\proc\p18f46k22.asm
                copy_loop   0x004d3c    program     static                          
            copy_one_byte   0x004d42    program     static                          
               dataPortIn   0x0044e4    program     extern C:\Users\IDEONICS-BNG\Desktop\subhra\ANDON\IDF 8 & 2\AndonXBeeTerminal_IDF8_multi_Version_mutalaid\lcd.c
              dataPortOut   0x0044f4    program     extern C:\Users\IDEONICS-BNG\Desktop\subhra\ANDON\IDF 8 & 2\AndonXBeeTerminal_IDF8_multi_Version_mutalaid\lcd.c
                     done   0x004d66    program     static                          
             done_copying   0x004d50    program     static                          
                  getData   0x003414    program     extern C:\Users\IDEONICS-BNG\Desktop\subhra\ANDON\IDF 8 & 2\AndonXBeeTerminal_IDF8_multi_Version_mutalaid\UI.c
               getStation   0x00339e    program     extern C:\Users\IDEONICS-BNG\Desktop\subhra\ANDON\IDF 8 & 2\AndonXBeeTerminal_IDF8_multi_Version_mutalaid\UI.c
             getStatusLog   0x0022f6    program     extern C:\Users\IDEONICS-BNG\Desktop\subhra\ANDON\IDF 8 & 2\AndonXBeeTerminal_IDF8_multi_Version_mutalaid\app.c
           high_interrupt   0x000008    program     extern C:\Users\IDEONICS-BNG\Desktop\subhra\ANDON\IDF 8 & 2\AndonXBeeTerminal_IDF8_multi_Version_mutalaid\interruptvector.c
            issueResolved   0x0025f2    program     extern C:\Users\IDEONICS-BNG\Desktop\subhra\ANDON\IDF 8 & 2\AndonXBeeTerminal_IDF8_multi_Version_mutalaid\app.c
                     jEnd   0x0049ba    program     static E:\c18v3.46\pic18-lt\cxx-framework\src\traditional\stdclib\memset.asm
                     jEnd   0x0049e6    program     static E:\c18v3.46\pic18-lt\cxx-framework\src\traditional\stdclib\strcmp.asm
                     jEnd   0x004a6e    program     static E:\c18v3.46\pic18-lt\cxx-framework\src\traditional\stdclib\scpyp2r.asm
                     jEnd   0x004a8a    program     static E:\c18v3.46\pic18-lt\cxx-framework\src\traditional\stdclib\strlen.asm
                    jLoop   0x004a80    program     static E:\c18v3.46\pic18-lt\cxx-framework\src\traditional\stdclib\strlen.asm
                    jLoop   0x004a64    program     static E:\c18v3.46\pic18-lt\cxx-framework\src\traditional\stdclib\scpyp2r.asm
                    jLoop   0x004a24    program     static E:\c18v3.46\pic18-lt\cxx-framework\src\traditional\stdclib\strcpy.asm
                    jLoop   0x0049dc    program     static E:\c18v3.46\pic18-lt\cxx-framework\src\traditional\stdclib\strcmp.asm
                    jLoop   0x00499c    program     static E:\c18v3.46\pic18-lt\cxx-framework\src\traditional\stdclib\memset.asm
                   keyMap   0x004f26    program     extern C:\Users\IDEONICS-BNG\Desktop\subhra\ANDON\IDF 8 & 2\AndonXBeeTerminal_IDF8_multi_Version_mutalaid\UI.c
                    login   0x000320    program     extern C:\Users\IDEONICS-BNG\Desktop\subhra\ANDON\IDF 8 & 2\AndonXBeeTerminal_IDF8_multi_Version_mutalaid\app.c
                     loop   0x00515a    program     static                          
                   loop_h   0x00511a    program     static E:\c18v3.46\pic18-lt\cxx-framework\src\traditional\proc\p18f46k22.asm
                   loop_l   0x005124    program     static E:\c18v3.46\pic18-lt\cxx-framework\src\traditional\proc\p18f46k22.asm
            low_interrupt   0x000018    program     extern C:\Users\IDEONICS-BNG\Desktop\subhra\ANDON\IDF 8 & 2\AndonXBeeTerminal_IDF8_multi_Version_mutalaid\interruptvector.c
                     main   0x004b5a    program     extern C:\Users\IDEONICS-BNG\Desktop\subhra\ANDON\IDF 8 & 2\AndonXBeeTerminal_IDF8_multi_Version_mutalaid\main.c
                   mapKey   0x003122    program     extern C:\Users\IDEONICS-BNG\Desktop\subhra\ANDON\IDF 8 & 2\AndonXBeeTerminal_IDF8_multi_Version_mutalaid\UI.c
                   memset   0x004988    program     extern E:\c18v3.46\pic18-lt\cxx-framework\src\traditional\stdclib\memset.asm
              parsePacket   0x003ec4    program     extern C:\Users\IDEONICS-BNG\Desktop\subhra\ANDON\IDF 8 & 2\AndonXBeeTerminal_IDF8_multi_Version_mutalaid\communication.c
                 putUImsg   0x0035b2    program     extern C:\Users\IDEONICS-BNG\Desktop\subhra\ANDON\IDF 8 & 2\AndonXBeeTerminal_IDF8_multi_Version_mutalaid\UI.c
    rawWriteCommand8ToLcd   0x004136    program     static C:\Users\IDEONICS-BNG\Desktop\subhra\ANDON\IDF 8 & 2\AndonXBeeTerminal_IDF8_multi_Version_mutalaid\lcd.c
             resolveIssue   0x001f90    program     extern C:\Users\IDEONICS-BNG\Desktop\subhra\ANDON\IDF 8 & 2\AndonXBeeTerminal_IDF8_multi_Version_mutalaid\app.c
               scanKeypad   0x00465e    program     static C:\Users\IDEONICS-BNG\Desktop\subhra\ANDON\IDF 8 & 2\AndonXBeeTerminal_IDF8_multi_Version_mutalaid\keypad.c
                 setUImsg   0x003526    program     extern C:\Users\IDEONICS-BNG\Desktop\subhra\ANDON\IDF 8 & 2\AndonXBeeTerminal_IDF8_multi_Version_mutalaid\UI.c
                showUImsg   0x0034ca    program     extern C:\Users\IDEONICS-BNG\Desktop\subhra\ANDON\IDF 8 & 2\AndonXBeeTerminal_IDF8_multi_Version_mutalaid\UI.c
                   strcmp   0x0049bc    program     extern E:\c18v3.46\pic18-lt\cxx-framework\src\traditional\stdclib\strcmp.asm
                   strcpy   0x0049fc    program     extern E:\c18v3.46\pic18-lt\cxx-framework\src\traditional\stdclib\strcpy.asm
            strcpypgm2ram   0x004a3e    program     extern E:\c18v3.46\pic18-lt\cxx-framework\src\traditional\stdclib\scpyp2r.asm
                   strlen   0x004a70    program     extern E:\c18v3.46\pic18-lt\cxx-framework\src\traditional\stdclib\strlen.asm
                     test   0x004ce4    program     static                          
                  timeout   0x000006    program     static C:\Users\IDEONICS-BNG\Desktop\subhra\ANDON\IDF 8 & 2\AndonXBeeTerminal_IDF8_multi_Version_mutalaid\app.c
                   update   0x002c0c    program     extern C:\Users\IDEONICS-BNG\Desktop\subhra\ANDON\IDF 8 & 2\AndonXBeeTerminal_IDF8_multi_Version_mutalaid\app.c
         updateIndication   0x002548    program     static C:\Users\IDEONICS-BNG\Desktop\subhra\ANDON\IDF 8 & 2\AndonXBeeTerminal_IDF8_multi_Version_mutalaid\app.c
                updateLog   0x0024a4    program     static C:\Users\IDEONICS-BNG\Desktop\subhra\ANDON\IDF 8 & 2\AndonXBeeTerminal_IDF8_multi_Version_mutalaid\app.c
          updateMutualAid   0x002584    program     extern C:\Users\IDEONICS-BNG\Desktop\subhra\ANDON\IDF 8 & 2\AndonXBeeTerminal_IDF8_multi_Version_mutalaid\app.c
          update_timeouts   0x002756    program     static C:\Users\IDEONICS-BNG\Desktop\subhra\ANDON\IDF 8 & 2\AndonXBeeTerminal_IDF8_multi_Version_mutalaid\app.c
               writetoLCD   0x004440    program     extern C:\Users\IDEONICS-BNG\Desktop\subhra\ANDON\IDF 8 & 2\AndonXBeeTerminal_IDF8_multi_Version_mutalaid\lcd.c
               zero_block   0x00511a    program     static E:\c18v3.46\pic18-lt\cxx-framework\src\traditional\proc\p18f46k22.asm
                   ADCON0   0x000fc2       data     extern E:\c18v3.46\pic18-lt\cxx-framework\src\traditional\proc\p18f46k22.asm
               ADCON0bits   0x000fc2       data     extern E:\c18v3.46\pic18-lt\cxx-framework\src\traditional\proc\p18f46k22.asm
                   ADCON1   0x000fc1       data     extern E:\c18v3.46\pic18-lt\cxx-framework\src\traditional\proc\p18f46k22.asm
               ADCON1bits   0x000fc1       data     extern E:\c18v3.46\pic18-lt\cxx-framework\src\traditional\proc\p18f46k22.asm
                   ADCON2   0x000fc0       data     extern E:\c18v3.46\pic18-lt\cxx-framework\src\traditional\proc\p18f46k22.asm
               ADCON2bits   0x000fc0       data     extern E:\c18v3.46\pic18-lt\cxx-framework\src\traditional\proc\p18f46k22.asm
                    ADRES   0x000fc3       data     extern E:\c18v3.46\pic18-lt\cxx-framework\src\traditional\proc\p18f46k22.asm
                   ADRESH   0x000fc4       data     extern E:\c18v3.46\pic18-lt\cxx-framework\src\traditional\proc\p18f46k22.asm
                   ADRESL   0x000fc3       data     extern E:\c18v3.46\pic18-lt\cxx-framework\src\traditional\proc\p18f46k22.asm
                   ANSELA   0x000f38       data     extern E:\c18v3.46\pic18-lt\cxx-framework\src\traditional\proc\p18f46k22.asm
               ANSELAbits   0x000f38       data     extern E:\c18v3.46\pic18-lt\cxx-framework\src\traditional\proc\p18f46k22.asm
                   ANSELB   0x000f39       data     extern E:\c18v3.46\pic18-lt\cxx-framework\src\traditional\proc\p18f46k22.asm
               ANSELBbits   0x000f39       data     extern E:\c18v3.46\pic18-lt\cxx-framework\src\traditional\proc\p18f46k22.asm
                   ANSELC   0x000f3a       data     extern E:\c18v3.46\pic18-lt\cxx-framework\src\traditional\proc\p18f46k22.asm
               ANSELCbits   0x000f3a       data     extern E:\c18v3.46\pic18-lt\cxx-framework\src\traditional\proc\p18f46k22.asm
                   ANSELD   0x000f3b       data     extern E:\c18v3.46\pic18-lt\cxx-framework\src\traditional\proc\p18f46k22.asm
               ANSELDbits   0x000f3b       data     extern E:\c18v3.46\pic18-lt\cxx-framework\src\traditional\proc\p18f46k22.asm
                   ANSELE   0x000f3c       data     extern E:\c18v3.46\pic18-lt\cxx-framework\src\traditional\proc\p18f46k22.asm
               ANSELEbits   0x000f3c       data     extern E:\c18v3.46\pic18-lt\cxx-framework\src\traditional\proc\p18f46k22.asm
             AppTimestamp   0x000e1a       data     extern C:\Users\IDEONICS-BNG\Desktop\subhra\ANDON\IDF 8 & 2\AndonXBeeTerminal_IDF8_multi_Version_mutalaid\timer.c
                 BAUD1CON   0x000fb8       data     extern E:\c18v3.46\pic18-lt\cxx-framework\src\traditional\proc\p18f46k22.asm
             BAUD1CONbits   0x000fb8       data     extern E:\c18v3.46\pic18-lt\cxx-framework\src\traditional\proc\p18f46k22.asm
                 BAUD2CON   0x000f70       data     extern E:\c18v3.46\pic18-lt\cxx-framework\src\traditional\proc\p18f46k22.asm
             BAUD2CONbits   0x000f70       data     extern E:\c18v3.46\pic18-lt\cxx-framework\src\traditional\proc\p18f46k22.asm
                  BAUDCON   0x000fb8       data     extern E:\c18v3.46\pic18-lt\cxx-framework\src\traditional\proc\p18f46k22.asm
                 BAUDCON1   0x000fb8       data     extern E:\c18v3.46\pic18-lt\cxx-framework\src\traditional\proc\p18f46k22.asm
             BAUDCON1bits   0x000fb8       data     extern E:\c18v3.46\pic18-lt\cxx-framework\src\traditional\proc\p18f46k22.asm
                 BAUDCON2   0x000f70       data     extern E:\c18v3.46\pic18-lt\cxx-framework\src\traditional\proc\p18f46k22.asm
             BAUDCON2bits   0x000f70       data     extern E:\c18v3.46\pic18-lt\cxx-framework\src\traditional\proc\p18f46k22.asm
              BAUDCONbits   0x000fb8       data     extern E:\c18v3.46\pic18-lt\cxx-framework\src\traditional\proc\p18f46k22.asm
                  BAUDCTL   0x000fb8       data     extern E:\c18v3.46\pic18-lt\cxx-framework\src\traditional\proc\p18f46k22.asm
              BAUDCTLbits   0x000fb8       data     extern E:\c18v3.46\pic18-lt\cxx-framework\src\traditional\proc\p18f46k22.asm
                      BSR   0x000fe0       data     extern E:\c18v3.46\pic18-lt\cxx-framework\src\traditional\proc\p18f46k22.asm
                  CCP1CON   0x000fbd       data     extern E:\c18v3.46\pic18-lt\cxx-framework\src\traditional\proc\p18f46k22.asm
              CCP1CONbits   0x000fbd       data     extern E:\c18v3.46\pic18-lt\cxx-framework\src\traditional\proc\p18f46k22.asm
                   CCP2AS   0x000f64       data     extern E:\c18v3.46\pic18-lt\cxx-framework\src\traditional\proc\p18f46k22.asm
               CCP2ASbits   0x000f64       data     extern E:\c18v3.46\pic18-lt\cxx-framework\src\traditional\proc\p18f46k22.asm
                  CCP2CON   0x000f66       data     extern E:\c18v3.46\pic18-lt\cxx-framework\src\traditional\proc\p18f46k22.asm
              CCP2CONbits   0x000f66       data     extern E:\c18v3.46\pic18-lt\cxx-framework\src\traditional\proc\p18f46k22.asm
                   CCP3AS   0x000f5b       data     extern E:\c18v3.46\pic18-lt\cxx-framework\src\traditional\proc\p18f46k22.asm
               CCP3ASbits   0x000f5b       data     extern E:\c18v3.46\pic18-lt\cxx-framework\src\traditional\proc\p18f46k22.asm
                  CCP3CON   0x000f5d       data     extern E:\c18v3.46\pic18-lt\cxx-framework\src\traditional\proc\p18f46k22.asm
              CCP3CONbits   0x000f5d       data     extern E:\c18v3.46\pic18-lt\cxx-framework\src\traditional\proc\p18f46k22.asm
                  CCP4CON   0x000f57       data     extern E:\c18v3.46\pic18-lt\cxx-framework\src\traditional\proc\p18f46k22.asm
              CCP4CONbits   0x000f57       data     extern E:\c18v3.46\pic18-lt\cxx-framework\src\traditional\proc\p18f46k22.asm
                  CCP5CON   0x000f54       data     extern E:\c18v3.46\pic18-lt\cxx-framework\src\traditional\proc\p18f46k22.asm
              CCP5CONbits   0x000f54       data     extern E:\c18v3.46\pic18-lt\cxx-framework\src\traditional\proc\p18f46k22.asm
                    CCPR1   0x000fbe       data     extern E:\c18v3.46\pic18-lt\cxx-framework\src\traditional\proc\p18f46k22.asm
                   CCPR1H   0x000fbf       data     extern E:\c18v3.46\pic18-lt\cxx-framework\src\traditional\proc\p18f46k22.asm
                   CCPR1L   0x000fbe       data     extern E:\c18v3.46\pic18-lt\cxx-framework\src\traditional\proc\p18f46k22.asm
                    CCPR2   0x000f67       data     extern E:\c18v3.46\pic18-lt\cxx-framework\src\traditional\proc\p18f46k22.asm
                   CCPR2H   0x000f68       data     extern E:\c18v3.46\pic18-lt\cxx-framework\src\traditional\proc\p18f46k22.asm
                   CCPR2L   0x000f67       data     extern E:\c18v3.46\pic18-lt\cxx-framework\src\traditional\proc\p18f46k22.asm
                    CCPR3   0x000f5e       data     extern E:\c18v3.46\pic18-lt\cxx-framework\src\traditional\proc\p18f46k22.asm
                   CCPR3H   0x000f5f       data     extern E:\c18v3.46\pic18-lt\cxx-framework\src\traditional\proc\p18f46k22.asm
                   CCPR3L   0x000f5e       data     extern E:\c18v3.46\pic18-lt\cxx-framework\src\traditional\proc\p18f46k22.asm
                    CCPR4   0x000f58       data     extern E:\c18v3.46\pic18-lt\cxx-framework\src\traditional\proc\p18f46k22.asm
                   CCPR4H   0x000f59       data     extern E:\c18v3.46\pic18-lt\cxx-framework\src\traditional\proc\p18f46k22.asm
                   CCPR4L   0x000f58       data     extern E:\c18v3.46\pic18-lt\cxx-framework\src\traditional\proc\p18f46k22.asm
                    CCPR5   0x000f55       data     extern E:\c18v3.46\pic18-lt\cxx-framework\src\traditional\proc\p18f46k22.asm
                   CCPR5H   0x000f56       data     extern E:\c18v3.46\pic18-lt\cxx-framework\src\traditional\proc\p18f46k22.asm
                   CCPR5L   0x000f55       data     extern E:\c18v3.46\pic18-lt\cxx-framework\src\traditional\proc\p18f46k22.asm
                 CCPTMRS0   0x000f49       data     extern E:\c18v3.46\pic18-lt\cxx-framework\src\traditional\proc\p18f46k22.asm
             CCPTMRS0bits   0x000f49       data     extern E:\c18v3.46\pic18-lt\cxx-framework\src\traditional\proc\p18f46k22.asm
                 CCPTMRS1   0x000f48       data     extern E:\c18v3.46\pic18-lt\cxx-framework\src\traditional\proc\p18f46k22.asm
             CCPTMRS1bits   0x000f48       data     extern E:\c18v3.46\pic18-lt\cxx-framework\src\traditional\proc\p18f46k22.asm
                  CM12CON   0x000f77       data     extern E:\c18v3.46\pic18-lt\cxx-framework\src\traditional\proc\p18f46k22.asm
              CM12CONbits   0x000f77       data     extern E:\c18v3.46\pic18-lt\cxx-framework\src\traditional\proc\p18f46k22.asm
                   CM1CON   0x000f79       data     extern E:\c18v3.46\pic18-lt\cxx-framework\src\traditional\proc\p18f46k22.asm
                  CM1CON0   0x000f79       data     extern E:\c18v3.46\pic18-lt\cxx-framework\src\traditional\proc\p18f46k22.asm
              CM1CON0bits   0x000f79       data     extern E:\c18v3.46\pic18-lt\cxx-framework\src\traditional\proc\p18f46k22.asm
               CM1CONbits   0x000f79       data     extern E:\c18v3.46\pic18-lt\cxx-framework\src\traditional\proc\p18f46k22.asm
                   CM2CON   0x000f78       data     extern E:\c18v3.46\pic18-lt\cxx-framework\src\traditional\proc\p18f46k22.asm
                  CM2CON0   0x000f78       data     extern E:\c18v3.46\pic18-lt\cxx-framework\src\traditional\proc\p18f46k22.asm
              CM2CON0bits   0x000f78       data     extern E:\c18v3.46\pic18-lt\cxx-framework\src\traditional\proc\p18f46k22.asm
                  CM2CON1   0x000f77       data     extern E:\c18v3.46\pic18-lt\cxx-framework\src\traditional\proc\p18f46k22.asm
              CM2CON1bits   0x000f77       data     extern E:\c18v3.46\pic18-lt\cxx-framework\src\traditional\proc\p18f46k22.asm
               CM2CONbits   0x000f78       data     extern E:\c18v3.46\pic18-lt\cxx-framework\src\traditional\proc\p18f46k22.asm
                 CTMUCON0   0x000f45       data     extern E:\c18v3.46\pic18-lt\cxx-framework\src\traditional\proc\p18f46k22.asm
             CTMUCON0bits   0x000f45       data     extern E:\c18v3.46\pic18-lt\cxx-framework\src\traditional\proc\p18f46k22.asm
                 CTMUCON1   0x000f44       data     extern E:\c18v3.46\pic18-lt\cxx-framework\src\traditional\proc\p18f46k22.asm
             CTMUCON1bits   0x000f44       data     extern E:\c18v3.46\pic18-lt\cxx-framework\src\traditional\proc\p18f46k22.asm
                 CTMUCONH   0x000f45       data     extern E:\c18v3.46\pic18-lt\cxx-framework\src\traditional\proc\p18f46k22.asm
             CTMUCONHbits   0x000f45       data     extern E:\c18v3.46\pic18-lt\cxx-framework\src\traditional\proc\p18f46k22.asm
                 CTMUCONL   0x000f44       data     extern E:\c18v3.46\pic18-lt\cxx-framework\src\traditional\proc\p18f46k22.asm
             CTMUCONLbits   0x000f44       data     extern E:\c18v3.46\pic18-lt\cxx-framework\src\traditional\proc\p18f46k22.asm
                 CTMUICON   0x000f43       data     extern E:\c18v3.46\pic18-lt\cxx-framework\src\traditional\proc\p18f46k22.asm
                CTMUICONH   0x000f43       data     extern E:\c18v3.46\pic18-lt\cxx-framework\src\traditional\proc\p18f46k22.asm
            CTMUICONHbits   0x000f43       data     extern E:\c18v3.46\pic18-lt\cxx-framework\src\traditional\proc\p18f46k22.asm
             CTMUICONbits   0x000f43       data     extern E:\c18v3.46\pic18-lt\cxx-framework\src\traditional\proc\p18f46k22.asm
                  DACCON0   0x000f41       data     extern E:\c18v3.46\pic18-lt\cxx-framework\src\traditional\proc\p18f46k22.asm
              DACCON0bits   0x000f41       data     extern E:\c18v3.46\pic18-lt\cxx-framework\src\traditional\proc\p18f46k22.asm
                  DACCON1   0x000f40       data     extern E:\c18v3.46\pic18-lt\cxx-framework\src\traditional\proc\p18f46k22.asm
              DACCON1bits   0x000f40       data     extern E:\c18v3.46\pic18-lt\cxx-framework\src\traditional\proc\p18f46k22.asm
                     DDRA   0x000f92       data     extern E:\c18v3.46\pic18-lt\cxx-framework\src\traditional\proc\p18f46k22.asm
                 DDRAbits   0x000f92       data     extern E:\c18v3.46\pic18-lt\cxx-framework\src\traditional\proc\p18f46k22.asm
                     DDRB   0x000f93       data     extern E:\c18v3.46\pic18-lt\cxx-framework\src\traditional\proc\p18f46k22.asm
                 DDRBbits   0x000f93       data     extern E:\c18v3.46\pic18-lt\cxx-framework\src\traditional\proc\p18f46k22.asm
                     DDRC   0x000f94       data     extern E:\c18v3.46\pic18-lt\cxx-framework\src\traditional\proc\p18f46k22.asm
                 DDRCbits   0x000f94       data     extern E:\c18v3.46\pic18-lt\cxx-framework\src\traditional\proc\p18f46k22.asm
                     DDRD   0x000f95       data     extern E:\c18v3.46\pic18-lt\cxx-framework\src\traditional\proc\p18f46k22.asm
                 DDRDbits   0x000f95       data     extern E:\c18v3.46\pic18-lt\cxx-framework\src\traditional\proc\p18f46k22.asm
                     DDRE   0x000f96       data     extern E:\c18v3.46\pic18-lt\cxx-framework\src\traditional\proc\p18f46k22.asm
                 DDREbits   0x000f96       data     extern E:\c18v3.46\pic18-lt\cxx-framework\src\traditional\proc\p18f46k22.asm
            DelayCounter1   0x00001c       data     extern E:\c18v3.46\pic18-lt\cxx-framework\src\traditional\delays\delayd1.asm
                  ECCP1AS   0x000fb6       data     extern E:\c18v3.46\pic18-lt\cxx-framework\src\traditional\proc\p18f46k22.asm
              ECCP1ASbits   0x000fb6       data     extern E:\c18v3.46\pic18-lt\cxx-framework\src\traditional\proc\p18f46k22.asm
                  ECCP2AS   0x000f64       data     extern E:\c18v3.46\pic18-lt\cxx-framework\src\traditional\proc\p18f46k22.asm
              ECCP2ASbits   0x000f64       data     extern E:\c18v3.46\pic18-lt\cxx-framework\src\traditional\proc\p18f46k22.asm
                  ECCP3AS   0x000f5b       data     extern E:\c18v3.46\pic18-lt\cxx-framework\src\traditional\proc\p18f46k22.asm
              ECCP3ASbits   0x000f5b       data     extern E:\c18v3.46\pic18-lt\cxx-framework\src\traditional\proc\p18f46k22.asm
                   ECCPAS   0x000fb6       data     extern E:\c18v3.46\pic18-lt\cxx-framework\src\traditional\proc\p18f46k22.asm
               ECCPASbits   0x000fb6       data     extern E:\c18v3.46\pic18-lt\cxx-framework\src\traditional\proc\p18f46k22.asm
                    EEADR   0x000fa9       data     extern E:\c18v3.46\pic18-lt\cxx-framework\src\traditional\proc\p18f46k22.asm
                   EEADRH   0x000faa       data     extern E:\c18v3.46\pic18-lt\cxx-framework\src\traditional\proc\p18f46k22.asm
               EEADRHbits   0x000faa       data     extern E:\c18v3.46\pic18-lt\cxx-framework\src\traditional\proc\p18f46k22.asm
                EEADRbits   0x000fa9       data     extern E:\c18v3.46\pic18-lt\cxx-framework\src\traditional\proc\p18f46k22.asm
                   EECON1   0x000fa6       data     extern E:\c18v3.46\pic18-lt\cxx-framework\src\traditional\proc\p18f46k22.asm
               EECON1bits   0x000fa6       data     extern E:\c18v3.46\pic18-lt\cxx-framework\src\traditional\proc\p18f46k22.asm
                   EECON2   0x000fa7       data     extern E:\c18v3.46\pic18-lt\cxx-framework\src\traditional\proc\p18f46k22.asm
                   EEDATA   0x000fa8       data     extern E:\c18v3.46\pic18-lt\cxx-framework\src\traditional\proc\p18f46k22.asm
                     FSR0   0x000fe9       data     extern E:\c18v3.46\pic18-lt\cxx-framework\src\traditional\proc\p18f46k22.asm
                    FSR0H   0x000fea       data     extern E:\c18v3.46\pic18-lt\cxx-framework\src\traditional\proc\p18f46k22.asm
                    FSR0L   0x000fe9       data     extern E:\c18v3.46\pic18-lt\cxx-framework\src\traditional\proc\p18f46k22.asm
                     FSR1   0x000fe1       data     extern E:\c18v3.46\pic18-lt\cxx-framework\src\traditional\proc\p18f46k22.asm
                    FSR1H   0x000fe2       data     extern E:\c18v3.46\pic18-lt\cxx-framework\src\traditional\proc\p18f46k22.asm
                    FSR1L   0x000fe1       data     extern E:\c18v3.46\pic18-lt\cxx-framework\src\traditional\proc\p18f46k22.asm
                     FSR2   0x000fd9       data     extern E:\c18v3.46\pic18-lt\cxx-framework\src\traditional\proc\p18f46k22.asm
                    FSR2H   0x000fda       data     extern E:\c18v3.46\pic18-lt\cxx-framework\src\traditional\proc\p18f46k22.asm
                    FSR2L   0x000fd9       data     extern E:\c18v3.46\pic18-lt\cxx-framework\src\traditional\proc\p18f46k22.asm
                   FVRCON   0x000f42       data     extern E:\c18v3.46\pic18-lt\cxx-framework\src\traditional\proc\p18f46k22.asm
               FVRCONbits   0x000f42       data     extern E:\c18v3.46\pic18-lt\cxx-framework\src\traditional\proc\p18f46k22.asm
                  HLVDCON   0x000f9c       data     extern E:\c18v3.46\pic18-lt\cxx-framework\src\traditional\proc\p18f46k22.asm
              HLVDCONbits   0x000f9c       data     extern E:\c18v3.46\pic18-lt\cxx-framework\src\traditional\proc\p18f46k22.asm
                    INDF0   0x000fef       data     extern E:\c18v3.46\pic18-lt\cxx-framework\src\traditional\proc\p18f46k22.asm
                    INDF1   0x000fe7       data     extern E:\c18v3.46\pic18-lt\cxx-framework\src\traditional\proc\p18f46k22.asm
                    INDF2   0x000fdf       data     extern E:\c18v3.46\pic18-lt\cxx-framework\src\traditional\proc\p18f46k22.asm
                   INTCON   0x000ff2       data     extern E:\c18v3.46\pic18-lt\cxx-framework\src\traditional\proc\p18f46k22.asm
                  INTCON2   0x000ff1       data     extern E:\c18v3.46\pic18-lt\cxx-framework\src\traditional\proc\p18f46k22.asm
              INTCON2bits   0x000ff1       data     extern E:\c18v3.46\pic18-lt\cxx-framework\src\traditional\proc\p18f46k22.asm
                  INTCON3   0x000ff0       data     extern E:\c18v3.46\pic18-lt\cxx-framework\src\traditional\proc\p18f46k22.asm
              INTCON3bits   0x000ff0       data     extern E:\c18v3.46\pic18-lt\cxx-framework\src\traditional\proc\p18f46k22.asm
               INTCONbits   0x000ff2       data     extern E:\c18v3.46\pic18-lt\cxx-framework\src\traditional\proc\p18f46k22.asm
                     IOCB   0x000f62       data     extern E:\c18v3.46\pic18-lt\cxx-framework\src\traditional\proc\p18f46k22.asm
                 IOCBbits   0x000f62       data     extern E:\c18v3.46\pic18-lt\cxx-framework\src\traditional\proc\p18f46k22.asm
                     IPR1   0x000f9f       data     extern E:\c18v3.46\pic18-lt\cxx-framework\src\traditional\proc\p18f46k22.asm
                 IPR1bits   0x000f9f       data     extern E:\c18v3.46\pic18-lt\cxx-framework\src\traditional\proc\p18f46k22.asm
                     IPR2   0x000fa2       data     extern E:\c18v3.46\pic18-lt\cxx-framework\src\traditional\proc\p18f46k22.asm
                 IPR2bits   0x000fa2       data     extern E:\c18v3.46\pic18-lt\cxx-framework\src\traditional\proc\p18f46k22.asm
                     IPR3   0x000fa5       data     extern E:\c18v3.46\pic18-lt\cxx-framework\src\traditional\proc\p18f46k22.asm
                 IPR3bits   0x000fa5       data     extern E:\c18v3.46\pic18-lt\cxx-framework\src\traditional\proc\p18f46k22.asm
                     IPR4   0x000f7c       data     extern E:\c18v3.46\pic18-lt\cxx-framework\src\traditional\proc\p18f46k22.asm
                 IPR4bits   0x000f7c       data     extern E:\c18v3.46\pic18-lt\cxx-framework\src\traditional\proc\p18f46k22.asm
                     IPR5   0x000f7f       data     extern E:\c18v3.46\pic18-lt\cxx-framework\src\traditional\proc\p18f46k22.asm
                 IPR5bits   0x000f7f       data     extern E:\c18v3.46\pic18-lt\cxx-framework\src\traditional\proc\p18f46k22.asm
                     LATA   0x000f89       data     extern E:\c18v3.46\pic18-lt\cxx-framework\src\traditional\proc\p18f46k22.asm
                 LATAbits   0x000f89       data     extern E:\c18v3.46\pic18-lt\cxx-framework\src\traditional\proc\p18f46k22.asm
                     LATB   0x000f8a       data     extern E:\c18v3.46\pic18-lt\cxx-framework\src\traditional\proc\p18f46k22.asm
                 LATBbits   0x000f8a       data     extern E:\c18v3.46\pic18-lt\cxx-framework\src\traditional\proc\p18f46k22.asm
                     LATC   0x000f8b       data     extern E:\c18v3.46\pic18-lt\cxx-framework\src\traditional\proc\p18f46k22.asm
                 LATCbits   0x000f8b       data     extern E:\c18v3.46\pic18-lt\cxx-framework\src\traditional\proc\p18f46k22.asm
                     LATD   0x000f8c       data     extern E:\c18v3.46\pic18-lt\cxx-framework\src\traditional\proc\p18f46k22.asm
                 LATDbits   0x000f8c       data     extern E:\c18v3.46\pic18-lt\cxx-framework\src\traditional\proc\p18f46k22.asm
                     LATE   0x000f8d       data     extern E:\c18v3.46\pic18-lt\cxx-framework\src\traditional\proc\p18f46k22.asm
                 LATEbits   0x000f8d       data     extern E:\c18v3.46\pic18-lt\cxx-framework\src\traditional\proc\p18f46k22.asm
                   LVDCON   0x000f9c       data     extern E:\c18v3.46\pic18-lt\cxx-framework\src\traditional\proc\p18f46k22.asm
               LVDCONbits   0x000f9c       data     extern E:\c18v3.46\pic18-lt\cxx-framework\src\traditional\proc\p18f46k22.asm
            Mutualidcount   0x000e0c       data     extern C:\Users\IDEONICS-BNG\Desktop\subhra\ANDON\IDF 8 & 2\AndonXBeeTerminal_IDF8_multi_Version_mutalaid\timer.c
                   OSCCON   0x000fd3       data     extern E:\c18v3.46\pic18-lt\cxx-framework\src\traditional\proc\p18f46k22.asm
                  OSCCON2   0x000fd2       data     extern E:\c18v3.46\pic18-lt\cxx-framework\src\traditional\proc\p18f46k22.asm
              OSCCON2bits   0x000fd2       data     extern E:\c18v3.46\pic18-lt\cxx-framework\src\traditional\proc\p18f46k22.asm
               OSCCONbits   0x000fd3       data     extern E:\c18v3.46\pic18-lt\cxx-framework\src\traditional\proc\p18f46k22.asm
                  OSCTUNE   0x000f9b       data     extern E:\c18v3.46\pic18-lt\cxx-framework\src\traditional\proc\p18f46k22.asm
              OSCTUNEbits   0x000f9b       data     extern E:\c18v3.46\pic18-lt\cxx-framework\src\traditional\proc\p18f46k22.asm
                       PC   0x000ff9       data     extern E:\c18v3.46\pic18-lt\cxx-framework\src\traditional\proc\p18f46k22.asm
                      PCL   0x000ff9       data     extern E:\c18v3.46\pic18-lt\cxx-framework\src\traditional\proc\p18f46k22.asm
                   PCLATH   0x000ffa       data     extern E:\c18v3.46\pic18-lt\cxx-framework\src\traditional\proc\p18f46k22.asm
                   PCLATU   0x000ffb       data     extern E:\c18v3.46\pic18-lt\cxx-framework\src\traditional\proc\p18f46k22.asm
                     PIE1   0x000f9d       data     extern E:\c18v3.46\pic18-lt\cxx-framework\src\traditional\proc\p18f46k22.asm
                 PIE1bits   0x000f9d       data     extern E:\c18v3.46\pic18-lt\cxx-framework\src\traditional\proc\p18f46k22.asm
                     PIE2   0x000fa0       data     extern E:\c18v3.46\pic18-lt\cxx-framework\src\traditional\proc\p18f46k22.asm
                 PIE2bits   0x000fa0       data     extern E:\c18v3.46\pic18-lt\cxx-framework\src\traditional\proc\p18f46k22.asm
                     PIE3   0x000fa3       data     extern E:\c18v3.46\pic18-lt\cxx-framework\src\traditional\proc\p18f46k22.asm
                 PIE3bits   0x000fa3       data     extern E:\c18v3.46\pic18-lt\cxx-framework\src\traditional\proc\p18f46k22.asm
                     PIE4   0x000f7a       data     extern E:\c18v3.46\pic18-lt\cxx-framework\src\traditional\proc\p18f46k22.asm
                 PIE4bits   0x000f7a       data     extern E:\c18v3.46\pic18-lt\cxx-framework\src\traditional\proc\p18f46k22.asm
                     PIE5   0x000f7d       data     extern E:\c18v3.46\pic18-lt\cxx-framework\src\traditional\proc\p18f46k22.asm
                 PIE5bits   0x000f7d       data     extern E:\c18v3.46\pic18-lt\cxx-framework\src\traditional\proc\p18f46k22.asm
                     PIR1   0x000f9e       data     extern E:\c18v3.46\pic18-lt\cxx-framework\src\traditional\proc\p18f46k22.asm
                 PIR1bits   0x000f9e       data     extern E:\c18v3.46\pic18-lt\cxx-framework\src\traditional\proc\p18f46k22.asm
                     PIR2   0x000fa1       data     extern E:\c18v3.46\pic18-lt\cxx-framework\src\traditional\proc\p18f46k22.asm
                 PIR2bits   0x000fa1       data     extern E:\c18v3.46\pic18-lt\cxx-framework\src\traditional\proc\p18f46k22.asm
                     PIR3   0x000fa4       data     extern E:\c18v3.46\pic18-lt\cxx-framework\src\traditional\proc\p18f46k22.asm
                 PIR3bits   0x000fa4       data     extern E:\c18v3.46\pic18-lt\cxx-framework\src\traditional\proc\p18f46k22.asm
                     PIR4   0x000f7b       data     extern E:\c18v3.46\pic18-lt\cxx-framework\src\traditional\proc\p18f46k22.asm
                 PIR4bits   0x000f7b       data     extern E:\c18v3.46\pic18-lt\cxx-framework\src\traditional\proc\p18f46k22.asm
                     PIR5   0x000f7e       data     extern E:\c18v3.46\pic18-lt\cxx-framework\src\traditional\proc\p18f46k22.asm
                 PIR5bits   0x000f7e       data     extern E:\c18v3.46\pic18-lt\cxx-framework\src\traditional\proc\p18f46k22.asm
                   PLUSW0   0x000feb       data     extern E:\c18v3.46\pic18-lt\cxx-framework\src\traditional\proc\p18f46k22.asm
                   PLUSW1   0x000fe3       data     extern E:\c18v3.46\pic18-lt\cxx-framework\src\traditional\proc\p18f46k22.asm
                   PLUSW2   0x000fdb       data     extern E:\c18v3.46\pic18-lt\cxx-framework\src\traditional\proc\p18f46k22.asm
                     PMD0   0x000f3f       data     extern E:\c18v3.46\pic18-lt\cxx-framework\src\traditional\proc\p18f46k22.asm
                 PMD0bits   0x000f3f       data     extern E:\c18v3.46\pic18-lt\cxx-framework\src\traditional\proc\p18f46k22.asm
                     PMD1   0x000f3e       data     extern E:\c18v3.46\pic18-lt\cxx-framework\src\traditional\proc\p18f46k22.asm
                 PMD1bits   0x000f3e       data     extern E:\c18v3.46\pic18-lt\cxx-framework\src\traditional\proc\p18f46k22.asm
                     PMD2   0x000f3d       data     extern E:\c18v3.46\pic18-lt\cxx-framework\src\traditional\proc\p18f46k22.asm
                 PMD2bits   0x000f3d       data     extern E:\c18v3.46\pic18-lt\cxx-framework\src\traditional\proc\p18f46k22.asm
                    PORTA   0x000f80       data     extern E:\c18v3.46\pic18-lt\cxx-framework\src\traditional\proc\p18f46k22.asm
                PORTAbits   0x000f80       data     extern E:\c18v3.46\pic18-lt\cxx-framework\src\traditional\proc\p18f46k22.asm
                    PORTB   0x000f81       data     extern E:\c18v3.46\pic18-lt\cxx-framework\src\traditional\proc\p18f46k22.asm
                PORTBbits   0x000f81       data     extern E:\c18v3.46\pic18-lt\cxx-framework\src\traditional\proc\p18f46k22.asm
[...]
               SPBRG1bits   0x000faf       data     extern E:\c18v3.46\pic18-lt\cxx-framework\src\traditional\proc\p18f46k22.asm
                SPBRGbits   0x000faf       data     extern E:\c18v3.46\pic18-lt\cxx-framework\src\traditional\proc\p18f46k22.asm
                   SPBRG1   0x000faf       data     extern E:\c18v3.46\pic18-lt\cxx-framework\src\traditional\proc\p18f46k22.asm
                    SPBRG   0x000faf       data     extern E:\c18v3.46\pic18-lt\cxx-framework\src\traditional\proc\p18f46k22.asm
               SP1BRGbits   0x000faf       data     extern E:\c18v3.46\pic18-lt\cxx-framework\src\traditional\proc\p18f46k22.asm
               SPBRGHbits   0x000fb0       data     extern E:\c18v3.46\pic18-lt\cxx-framework\src\traditional\proc\p18f46k22.asm
                  SP1BRGH   0x000fb0       data     extern E:\c18v3.46\pic18-lt\cxx-framework\src\traditional\proc\p18f46k22.asm
              SPBRGH1bits   0x000fb0       data     extern E:\c18v3.46\pic18-lt\cxx-framework\src\traditional\proc\p18f46k22.asm
                  SPBRGH1   0x000fb0       data     extern E:\c18v3.46\pic18-lt\cxx-framework\src\traditional\proc\p18f46k22.asm
                   SPBRGH   0x000fb0       data     extern E:\c18v3.46\pic18-lt\cxx-framework\src\traditional\proc\p18f46k22.asm
              SP1BRGHbits   0x000fb0       data     extern E:\c18v3.46\pic18-lt\cxx-framework\src\traditional\proc\p18f46k22.asm
                    T3CON   0x000fb1       data     extern E:\c18v3.46\pic18-lt\cxx-framework\src\traditional\proc\p18f46k22.asm
                T3CONbits   0x000fb1       data     extern E:\c18v3.46\pic18-lt\cxx-framework\src\traditional\proc\p18f46k22.asm
                    TMR3L   0x000fb2       data     extern E:\c18v3.46\pic18-lt\cxx-framework\src\traditional\proc\p18f46k22.asm
                    TMR3H   0x000fb3       data     extern E:\c18v3.46\pic18-lt\cxx-framework\src\traditional\proc\p18f46k22.asm
               T3GCONbits   0x000fb4       data     extern E:\c18v3.46\pic18-lt\cxx-framework\src\traditional\proc\p18f46k22.asm
                   T3GCON   0x000fb4       data     extern E:\c18v3.46\pic18-lt\cxx-framework\src\traditional\proc\p18f46k22.asm
                  ECCP1AS   0x000fb6       data     extern E:\c18v3.46\pic18-lt\cxx-framework\src\traditional\proc\p18f46k22.asm
              ECCP1ASbits   0x000fb6       data     extern E:\c18v3.46\pic18-lt\cxx-framework\src\traditional\proc\p18f46k22.asm
                   ECCPAS   0x000fb6       data     extern E:\c18v3.46\pic18-lt\cxx-framework\src\traditional\proc\p18f46k22.asm
               ECCPASbits   0x000fb6       data     extern E:\c18v3.46\pic18-lt\cxx-framework\src\traditional\proc\p18f46k22.asm
               PWMCONbits   0x000fb7       data     extern E:\c18v3.46\pic18-lt\cxx-framework\src\traditional\proc\p18f46k22.asm
                   PWMCON   0x000fb7       data     extern E:\c18v3.46\pic18-lt\cxx-framework\src\traditional\proc\p18f46k22.asm
              PWM1CONbits   0x000fb7       data     extern E:\c18v3.46\pic18-lt\cxx-framework\src\traditional\proc\p18f46k22.asm
                  PWM1CON   0x000fb7       data     extern E:\c18v3.46\pic18-lt\cxx-framework\src\traditional\proc\p18f46k22.asm
              BAUDCTLbits   0x000fb8       data     extern E:\c18v3.46\pic18-lt\cxx-framework\src\traditional\proc\p18f46k22.asm
                  BAUDCTL   0x000fb8       data     extern E:\c18v3.46\pic18-lt\cxx-framework\src\traditional\proc\p18f46k22.asm
              BAUDCONbits   0x000fb8       data     extern E:\c18v3.46\pic18-lt\cxx-framework\src\traditional\proc\p18f46k22.asm
             BAUDCON1bits   0x000fb8       data     extern E:\c18v3.46\pic18-lt\cxx-framework\src\traditional\proc\p18f46k22.asm
                 BAUDCON1   0x000fb8       data     extern E:\c18v3.46\pic18-lt\cxx-framework\src\traditional\proc\p18f46k22.asm
                  BAUDCON   0x000fb8       data     extern E:\c18v3.46\pic18-lt\cxx-framework\src\traditional\proc\p18f46k22.asm
             BAUD1CONbits   0x000fb8       data     extern E:\c18v3.46\pic18-lt\cxx-framework\src\traditional\proc\p18f46k22.asm
                 BAUD1CON   0x000fb8       data     extern E:\c18v3.46\pic18-lt\cxx-framework\src\traditional\proc\p18f46k22.asm
              PSTRCONbits   0x000fb9       data     extern E:\c18v3.46\pic18-lt\cxx-framework\src\traditional\proc\p18f46k22.asm
                  PSTRCON   0x000fb9       data     extern E:\c18v3.46\pic18-lt\cxx-framework\src\traditional\proc\p18f46k22.asm
             PSTR1CONbits   0x000fb9       data     extern E:\c18v3.46\pic18-lt\cxx-framework\src\traditional\proc\p18f46k22.asm
                 PSTR1CON   0x000fb9       data     extern E:\c18v3.46\pic18-lt\cxx-framework\src\traditional\proc\p18f46k22.asm
                    T2CON   0x000fba       data     extern E:\c18v3.46\pic18-lt\cxx-framework\src\traditional\proc\p18f46k22.asm
                T2CONbits   0x000fba       data     extern E:\c18v3.46\pic18-lt\cxx-framework\src\traditional\proc\p18f46k22.asm
                      PR2   0x000fbb       data     extern E:\c18v3.46\pic18-lt\cxx-framework\src\traditional\proc\p18f46k22.asm
                     TMR2   0x000fbc       data     extern E:\c18v3.46\pic18-lt\cxx-framework\src\traditional\proc\p18f46k22.asm
                  CCP1CON   0x000fbd       data     extern E:\c18v3.46\pic18-lt\cxx-framework\src\traditional\proc\p18f46k22.asm
              CCP1CONbits   0x000fbd       data     extern E:\c18v3.46\pic18-lt\cxx-framework\src\traditional\proc\p18f46k22.asm
                   CCPR1L   0x000fbe       data     extern E:\c18v3.46\pic18-lt\cxx-framework\src\traditional\proc\p18f46k22.asm
                    CCPR1   0x000fbe       data     extern E:\c18v3.46\pic18-lt\cxx-framework\src\traditional\proc\p18f46k22.asm
                   CCPR1H   0x000fbf       data     extern E:\c18v3.46\pic18-lt\cxx-framework\src\traditional\proc\p18f46k22.asm
                   ADCON2   0x000fc0       data     extern E:\c18v3.46\pic18-lt\cxx-framework\src\traditional\proc\p18f46k22.asm
               ADCON2bits   0x000fc0       data     extern E:\c18v3.46\pic18-lt\cxx-framework\src\traditional\proc\p18f46k22.asm
                   ADCON1   0x000fc1       data     extern E:\c18v3.46\pic18-lt\cxx-framework\src\traditional\proc\p18f46k22.asm
               ADCON1bits   0x000fc1       data     extern E:\c18v3.46\pic18-lt\cxx-framework\src\traditional\proc\p18f46k22.asm
               ADCON0bits   0x000fc2       data     extern E:\c18v3.46\pic18-lt\cxx-framework\src\traditional\proc\p18f46k22.asm
                   ADCON0   0x000fc2       data     extern E:\c18v3.46\pic18-lt\cxx-framework\src\traditional\proc\p18f46k22.asm
                    ADRES   0x000fc3       data     extern E:\c18v3.46\pic18-lt\cxx-framework\src\traditional\proc\p18f46k22.asm
                   ADRESL   0x000fc3       data     extern E:\c18v3.46\pic18-lt\cxx-framework\src\traditional\proc\p18f46k22.asm
                   ADRESH   0x000fc4       data     extern E:\c18v3.46\pic18-lt\cxx-framework\src\traditional\proc\p18f46k22.asm
                 SSP1CON2   0x000fc5       data     extern E:\c18v3.46\pic18-lt\cxx-framework\src\traditional\proc\p18f46k22.asm
             SSP1CON2bits   0x000fc5       data     extern E:\c18v3.46\pic18-lt\cxx-framework\src\traditional\proc\p18f46k22.asm
                  SSPCON2   0x000fc5       data     extern E:\c18v3.46\pic18-lt\cxx-framework\src\traditional\proc\p18f46k22.asm
              SSPCON2bits   0x000fc5       data     extern E:\c18v3.46\pic18-lt\cxx-framework\src\traditional\proc\p18f46k22.asm
                  SSPCON1   0x000fc6       data     extern E:\c18v3.46\pic18-lt\cxx-framework\src\traditional\proc\p18f46k22.asm
              SSPCON1bits   0x000fc6       data     extern E:\c18v3.46\pic18-lt\cxx-framework\src\traditional\proc\p18f46k22.asm
                 SSP1CON1   0x000fc6       data     extern E:\c18v3.46\pic18-lt\cxx-framework\src\traditional\proc\p18f46k22.asm
             SSP1CON1bits   0x000fc6       data     extern E:\c18v3.46\pic18-lt\cxx-framework\src\traditional\proc\p18f46k22.asm
             SSP1STATbits   0x000fc7       data     extern E:\c18v3.46\pic18-lt\cxx-framework\src\traditional\proc\p18f46k22.asm
                 SSP1STAT   0x000fc7       data     extern E:\c18v3.46\pic18-lt\cxx-framework\src\traditional\proc\p18f46k22.asm
                  SSPSTAT   0x000fc7       data     extern E:\c18v3.46\pic18-lt\cxx-framework\src\traditional\proc\p18f46k22.asm
              SSPSTATbits   0x000fc7       data     extern E:\c18v3.46\pic18-lt\cxx-framework\src\traditional\proc\p18f46k22.asm
              SSP1ADDbits   0x000fc8       data     extern E:\c18v3.46\pic18-lt\cxx-framework\src\traditional\proc\p18f46k22.asm
               SSPADDbits   0x000fc8       data     extern E:\c18v3.46\pic18-lt\cxx-framework\src\traditional\proc\p18f46k22.asm
                   SSPADD   0x000fc8       data     extern E:\c18v3.46\pic18-lt\cxx-framework\src\traditional\proc\p18f46k22.asm
                  SSP1ADD   0x000fc8       data     extern E:\c18v3.46\pic18-lt\cxx-framework\src\traditional\proc\p18f46k22.asm
              SSP1BUFbits   0x000fc9       data     extern E:\c18v3.46\pic18-lt\cxx-framework\src\traditional\proc\p18f46k22.asm
                  SSP1BUF   0x000fc9       data     extern E:\c18v3.46\pic18-lt\cxx-framework\src\traditional\proc\p18f46k22.asm
               SSPBUFbits   0x000fc9       data     extern E:\c18v3.46\pic18-lt\cxx-framework\src\traditional\proc\p18f46k22.asm
                   SSPBUF   0x000fc9       data     extern E:\c18v3.46\pic18-lt\cxx-framework\src\traditional\proc\p18f46k22.asm
               SSPMSKbits   0x000fca       data     extern E:\c18v3.46\pic18-lt\cxx-framework\src\traditional\proc\p18f46k22.asm
                   SSPMSK   0x000fca       data     extern E:\c18v3.46\pic18-lt\cxx-framework\src\traditional\proc\p18f46k22.asm
                  SSP1MSK   0x000fca       data     extern E:\c18v3.46\pic18-lt\cxx-framework\src\traditional\proc\p18f46k22.asm
              SSP1MSKbits   0x000fca       data     extern E:\c18v3.46\pic18-lt\cxx-framework\src\traditional\proc\p18f46k22.asm
              SSPCON3bits   0x000fcb       data     extern E:\c18v3.46\pic18-lt\cxx-framework\src\traditional\proc\p18f46k22.asm
                  SSPCON3   0x000fcb       data     extern E:\c18v3.46\pic18-lt\cxx-framework\src\traditional\proc\p18f46k22.asm
                 SSP1CON3   0x000fcb       data     extern E:\c18v3.46\pic18-lt\cxx-framework\src\traditional\proc\p18f46k22.asm
             SSP1CON3bits   0x000fcb       data     extern E:\c18v3.46\pic18-lt\cxx-framework\src\traditional\proc\p18f46k22.asm
               T1GCONbits   0x000fcc       data     extern E:\c18v3.46\pic18-lt\cxx-framework\src\traditional\proc\p18f46k22.asm
                   T1GCON   0x000fcc       data     extern E:\c18v3.46\pic18-lt\cxx-framework\src\traditional\proc\p18f46k22.asm
                    T1CON   0x000fcd       data     extern E:\c18v3.46\pic18-lt\cxx-framework\src\traditional\proc\p18f46k22.asm
                T1CONbits   0x000fcd       data     extern E:\c18v3.46\pic18-lt\cxx-framework\src\traditional\proc\p18f46k22.asm
                    TMR1L   0x000fce       data     extern E:\c18v3.46\pic18-lt\cxx-framework\src\traditional\proc\p18f46k22.asm
                    TMR1H   0x000fcf       data     extern E:\c18v3.46\pic18-lt\cxx-framework\src\traditional\proc\p18f46k22.asm
                 RCONbits   0x000fd0       data     extern E:\c18v3.46\pic18-lt\cxx-framework\src\traditional\proc\p18f46k22.asm
                     RCON   0x000fd0       data     extern E:\c18v3.46\pic18-lt\cxx-framework\src\traditional\proc\p18f46k22.asm
                   WDTCON   0x000fd1       data     extern E:\c18v3.46\pic18-lt\cxx-framework\src\traditional\proc\p18f46k22.asm
               WDTCONbits   0x000fd1       data     extern E:\c18v3.46\pic18-lt\cxx-framework\src\traditional\proc\p18f46k22.asm
                  OSCCON2   0x000fd2       data     extern E:\c18v3.46\pic18-lt\cxx-framework\src\traditional\proc\p18f46k22.asm
              OSCCON2bits   0x000fd2       data     extern E:\c18v3.46\pic18-lt\cxx-framework\src\traditional\proc\p18f46k22.asm
                   OSCCON   0x000fd3       data     extern E:\c18v3.46\pic18-lt\cxx-framework\src\traditional\proc\p18f46k22.asm
               OSCCONbits   0x000fd3       data     extern E:\c18v3.46\pic18-lt\cxx-framework\src\traditional\proc\p18f46k22.asm
                    T0CON   0x000fd5       data     extern E:\c18v3.46\pic18-lt\cxx-framework\src\traditional\proc\p18f46k22.asm
                T0CONbits   0x000fd5       data     extern E:\c18v3.46\pic18-lt\cxx-framework\src\traditional\proc\p18f46k22.asm
                    TMR0L   0x000fd6       data     extern E:\c18v3.46\pic18-lt\cxx-framework\src\traditional\proc\p18f46k22.asm
                    TMR0H   0x000fd7       data     extern E:\c18v3.46\pic18-lt\cxx-framework\src\traditional\proc\p18f46k22.asm
               STATUSbits   0x000fd8       data     extern E:\c18v3.46\pic18-lt\cxx-framework\src\traditional\proc\p18f46k22.asm
                   STATUS   0x000fd8       data     extern E:\c18v3.46\pic18-lt\cxx-framework\src\traditional\proc\p18f46k22.asm
                    FSR2L   0x000fd9       data     extern E:\c18v3.46\pic18-lt\cxx-framework\src\traditional\proc\p18f46k22.asm
                     FSR2   0x000fd9       data     extern E:\c18v3.46\pic18-lt\cxx-framework\src\traditional\proc\p18f46k22.asm
                    FSR2H   0x000fda       data     extern E:\c18v3.46\pic18-lt\cxx-framework\src\traditional\proc\p18f46k22.asm
                   PLUSW2   0x000fdb       data     extern E:\c18v3.46\pic18-lt\cxx-framework\src\traditional\proc\p18f46k22.asm
                  PREINC2   0x000fdc       data     extern E:\c18v3.46\pic18-lt\cxx-framework\src\traditional\proc\p18f46k22.asm
                 POSTDEC2   0x000fdd       data     extern E:\c18v3.46\pic18-lt\cxx-framework\src\traditional\proc\p18f46k22.asm
                 POSTINC2   0x000fde       data     extern E:\c18v3.46\pic18-lt\cxx-framework\src\traditional\proc\p18f46k22.asm
                    INDF2   0x000fdf       data     extern E:\c18v3.46\pic18-lt\cxx-framework\src\traditional\proc\p18f46k22.asm
                      BSR   0x000fe0       data     extern E:\c18v3.46\pic18-lt\cxx-framework\src\traditional\proc\p18f46k22.asm
                     FSR1   0x000fe1       data     extern E:\c18v3.46\pic18-lt\cxx-framework\src\traditional\proc\p18f46k22.asm
                    FSR1L   0x000fe1       data     extern E:\c18v3.46\pic18-lt\cxx-framework\src\traditional\proc\p18f46k22.asm
                    FSR1H   0x000fe2       data     extern E:\c18v3.46\pic18-lt\cxx-framework\src\traditional\proc\p18f46k22.asm
                   PLUSW1   0x000fe3       data     extern E:\c18v3.46\pic18-lt\cxx-framework\src\traditional\proc\p18f46k22.asm
                  PREINC1   0x000fe4       data     extern E:\c18v3.46\pic18-lt\cxx-framework\src\traditional\proc\p18f46k22.asm
                 POSTDEC1   0x000fe5       data     extern E:\c18v3.46\pic18-lt\cxx-framework\src\traditional\proc\p18f46k22.asm
                 POSTINC1   0x000fe6       data     extern E:\c18v3.46\pic18-lt\cxx-framework\src\traditional\proc\p18f46k22.asm
                    INDF1   0x000fe7       data     extern E:\c18v3.46\pic18-lt\cxx-framework\src\traditional\proc\p18f46k22.asm
                     WREG   0x000fe8       data     extern E:\c18v3.46\pic18-lt\cxx-framework\src\traditional\proc\p18f46k22.asm
                        W   0x000fe8       data     extern E:\c18v3.46\pic18-lt\cxx-framework\src\traditional\proc\p18f46k22.asm
                     FSR0   0x000fe9       data     extern E:\c18v3.46\pic18-lt\cxx-framework\src\traditional\proc\p18f46k22.asm
                    FSR0L   0x000fe9       data     extern E:\c18v3.46\pic18-lt\cxx-framework\src\traditional\proc\p18f46k22.asm
                    FSR0H   0x000fea       data     extern E:\c18v3.46\pic18-lt\cxx-framework\src\traditional\proc\p18f46k22.asm
                   PLUSW0   0x000feb       data     extern E:\c18v3.46\pic18-lt\cxx-framework\src\traditional\proc\p18f46k22.asm
                  PREINC0   0x000fec       data     extern E:\c18v3.46\pic18-lt\cxx-framework\src\traditional\proc\p18f46k22.asm
                 POSTDEC0   0x000fed       data     extern E:\c18v3.46\pic18-lt\cxx-framework\src\traditional\proc\p18f46k22.asm
                 POSTINC0   0x000fee       data     extern E:\c18v3.46\pic18-lt\cxx-framework\src\traditional\proc\p18f46k22.asm
                    INDF0   0x000fef       data     extern E:\c18v3.46\pic18-lt\cxx-framework\src\traditional\proc\p18f46k22.asm
                  INTCON3   0x000ff0       data     extern E:\c18v3.46\pic18-lt\cxx-framework\src\traditional\proc\p18f46k22.asm
              INTCON3bits   0x000ff0       data     extern E:\c18v3.46\pic18-lt\cxx-framework\src\traditional\proc\p18f46k22.asm
              INTCON2bits   0x000ff1       data     extern E:\c18v3.46\pic18-lt\cxx-framework\src\traditional\proc\p18f46k22.asm
                  INTCON2   0x000ff1       data     extern E:\c18v3.46\pic18-lt\cxx-framework\src\traditional\proc\p18f46k22.asm
                   INTCON   0x000ff2       data     extern E:\c18v3.46\pic18-lt\cxx-framework\src\traditional\proc\p18f46k22.asm
               INTCONbits   0x000ff2       data     extern E:\c18v3.46\pic18-lt\cxx-framework\src\traditional\proc\p18f46k22.asm
                    PRODL   0x000ff3       data     extern E:\c18v3.46\pic18-lt\cxx-framework\src\traditional\proc\p18f46k22.asm
                     PROD   0x000ff3       data     extern E:\c18v3.46\pic18-lt\cxx-framework\src\traditional\proc\p18f46k22.asm
                    PRODH   0x000ff4       data     extern E:\c18v3.46\pic18-lt\cxx-framework\src\traditional\proc\p18f46k22.asm
                   TABLAT   0x000ff5       data     extern E:\c18v3.46\pic18-lt\cxx-framework\src\traditional\proc\p18f46k22.asm
                   TBLPTR   0x000ff6       data     extern E:\c18v3.46\pic18-lt\cxx-framework\src\traditional\proc\p18f46k22.asm
                  TBLPTRL   0x000ff6       data     extern E:\c18v3.46\pic18-lt\cxx-framework\src\traditional\proc\p18f46k22.asm
                  TBLPTRH   0x000ff7       data     extern E:\c18v3.46\pic18-lt\cxx-framework\src\traditional\proc\p18f46k22.asm
                  TBLPTRU   0x000ff8       data     extern E:\c18v3.46\pic18-lt\cxx-framework\src\traditional\proc\p18f46k22.asm
              TBLPTRUbits   0x000ff8       data     extern E:\c18v3.46\pic18-lt\cxx-framework\src\traditional\proc\p18f46k22.asm
                      PCL   0x000ff9       data     extern E:\c18v3.46\pic18-lt\cxx-framework\src\traditional\proc\p18f46k22.asm
                       PC   0x000ff9       data     extern E:\c18v3.46\pic18-lt\cxx-framework\src\traditional\proc\p18f46k22.asm
                   PCLATH   0x000ffa       data     extern E:\c18v3.46\pic18-lt\cxx-framework\src\traditional\proc\p18f46k22.asm
                   PCLATU   0x000ffb       data     extern E:\c18v3.46\pic18-lt\cxx-framework\src\traditional\proc\p18f46k22.asm
                   STKPTR   0x000ffc       data     extern E:\c18v3.46\pic18-lt\cxx-framework\src\traditional\proc\p18f46k22.asm
               STKPTRbits   0x000ffc       data     extern E:\c18v3.46\pic18-lt\cxx-framework\src\traditional\proc\p18f46k22.asm
                     TOSL   0x000ffd       data     extern E:\c18v3.46\pic18-lt\cxx-framework\src\traditional\proc\p18f46k22.asm
                      TOS   0x000ffd       data     extern E:\c18v3.46\pic18-lt\cxx-framework\src\traditional\proc\p18f46k22.asm
                     TOSH   0x000ffe       data     extern E:\c18v3.46\pic18-lt\cxx-framework\src\traditional\proc\p18f46k22.asm
                     TOSU   0x000fff       data     extern E:\c18v3.46\pic18-lt\cxx-framework\src\traditional\proc\p18f46k22.asm


