MPLINK 4.48, Linker
Linker Map File - Created Mon Jan 18 19:25:05 2016

                                 Section Info
                  Section       Type    Address   Location Size(Bytes)
                ---------  ---------  ---------  ---------  ---------
               _entry_scn       code   0x000000    program   0x000006
           .romdata_app.o    romdata   0x000006    program   0x000002
              high_vector       code   0x000008    program   0x00000a
         .code_busy_eep.o       code   0x000012    program   0x000006
               low_vector       code   0x000018    program   0x000014
                   .cinit    romdata   0x00002c    program   0x000086
              .code_app.o       code   0x0000b2    program   0x0025fa
               .code_UI.o       code   0x0026ac    program   0x000c56
             .code_uart.o       code   0x003302    program   0x0005c0
    .code_communication.o       code   0x0038c2    program   0x00049e
              .code_lcd.o       code   0x003d60    program   0x00045e
           .code_keypad.o       code   0x0041be    program   0x0002a2
                      ISR       code   0x004460    program   0x0001de
                   STRING       code   0x00463e    program   0x000104
             .code_main.o       code   0x004742    program   0x0000b8
            .code_timer.o       code   0x0047fa    program   0x0000a8
               _cinit_scn       code   0x0048a2    program   0x00009e
          .code_write_B.o       code   0x004940    program   0x000078
           .code_u2open.o       code   0x0049b8    program   0x000078
             .stringtable    romdata   0x004a30    program   0x000075
        .idata_t0open.o_i    romdata   0x004aa5    program   0x000000
     .idata_heartBeat.o_i    romdata   0x004aa5    program   0x000001
        .romdata_t0open.o    romdata   0x004aa5    program   0x000000
        .idata_keypad.o_i    romdata   0x004aa5    program   0x000000
        .romdata_u1open.o    romdata   0x004aa5    program   0x000000
        .idata_u1open.o_i    romdata   0x004aa5    program   0x000000
        .idata_u2read.o_i    romdata   0x004aa5    program   0x000000
      .romdata_fxd0808u.o    romdata   0x004aa5    program   0x000000
         .romdata_timer.o    romdata   0x004aa5    program   0x000000
         .idata_timer.o_i    romdata   0x004aa5    program   0x000000
        .romdata_u2read.o    romdata   0x004aa5    program   0x000000
.romdata_interruptvector.o    romdata   0x004aa5    program   0x000000
       .idata_write_B.o_i    romdata   0x004aa5    program   0x000000
         .romdata_c018i.o    romdata   0x004aa5    program   0x000000
          .idata_main.o_i    romdata   0x004aa5    program   0x000000
          .romdata_main.o    romdata   0x004aa5    program   0x000000
         .romdata_board.o    romdata   0x004aa5    program   0x000000
       .romdata_write_B.o    romdata   0x004aa5    program   0x000000
        .romdata_u2defs.o    romdata   0x004aa5    program   0x000000
        .idata_u2defs.o_i    romdata   0x004aa5    program   0x000000
           .code_u1open.o       code   0x004aa6    program   0x000072
           .code_read_B.o       code   0x004b18    program   0x00005c
            .romdata_UI.o    romdata   0x004b74    program   0x000050
            .code_board.o       code   0x004bc4    program   0x000044
           .code_u2read.o       code   0x004c08    program   0x00003e
           .code_u1read.o       code   0x004c46    program   0x00003e
                     PROG       code   0x004c84    program   0x00003c
          .code_t0write.o       code   0x004cc0    program   0x000038
           .code_t0open.o       code   0x004cf8    program   0x000038
              D1KTCYXCODE       code   0x004d30    program   0x000020
                    .code       code   0x004d50    program   0x000020
        .code_heartBeat.o       code   0x004d70    program   0x00001e
             _startup_scn       code   0x004d8e    program   0x00001c
         .code_fxd0808u.o       code   0x004daa    program   0x00001c
           .romdata_lcd.o    romdata   0x004dc6    program   0x000011
        .idata_read_B.o_i    romdata   0x004dd7    program   0x000000
        .romdata_read_B.o    romdata   0x004dd7    program   0x000000
        .idata_u1defs.o_i    romdata   0x004dd7    program   0x000000
        .romdata___init.o    romdata   0x004dd7    program   0x000000
        .romdata_u1defs.o    romdata   0x004dd7    program   0x000000
        .romdata_u1read.o    romdata   0x004dd7    program   0x000000
        .idata___init.o_i    romdata   0x004dd7    program   0x000000
        .idata_u1read.o_i    romdata   0x004dd7    program   0x000000
       .idata_t0write.o_i    romdata   0x004dd7    program   0x000000
       .romdata_t0write.o    romdata   0x004dd7    program   0x000000
        .idata_u2open.o_i    romdata   0x004dd7    program   0x000000
        .romdata_u2open.o    romdata   0x004dd7    program   0x000000
         .idata_c018i.o_i    romdata   0x004dd7    program   0x000000
         .idata_board.o_i    romdata   0x004dd7    program   0x000000
 .romdata_communication.o    romdata   0x004dd7    program   0x000000
.idata_interruptvector.o_i    romdata   0x004dd7    program   0x000000
          .idata_uart.o_i    romdata   0x004dd7    program   0x000000
          .romdata_uart.o    romdata   0x004dd7    program   0x000000
        .romdata_keypad.o    romdata   0x004dd7    program   0x000000
     .romdata_heartBeat.o    romdata   0x004dd7    program   0x000000
           .idata_lcd.o_i    romdata   0x004dd7    program   0x000000
      .idata_fxd0808u.o_i    romdata   0x004dd7    program   0x000000
      .romdata_busy_eep.o    romdata   0x004dd7    program   0x000000
      .idata_busy_eep.o_i    romdata   0x004dd7    program   0x000000
           .idata_app.o_i    romdata   0x004dd7    program   0x000000
            .code_c018i.o       code   0x004dd8    program   0x000000
           .code___init.o       code   0x004dd8    program   0x000002
  .code_interruptvector.o       code   0x004dd8    program   0x000000
           .code_u2defs.o       code   0x004dd8    program   0x000000
           .code_u1defs.o       code   0x004dd8    program   0x000000
                UI_DATA_i    romdata   0x004dda    program   0x00008a
              UART_DATA_i    romdata   0x004e64    program   0x000106
             TIMER_DATA_i    romdata   0x004f6a    program   0x00001e
               LOG_DATA_i    romdata   0x004f88    program   0x0001c5
               LCD_DATA_i    romdata   0x00514d    program   0x000022
            KEYPAD_DATA_i    romdata   0x00516f    program   0x000049
               COM_DATA_i    romdata   0x0051b8    program   0x000114
               APP_DATA_i    romdata   0x0052cc    program   0x00015a
 .idata_communication.o_i    romdata   0x005426    program   0x000002
            .idata_UI.o_i    romdata   0x005428    program   0x000018
    .config_300001_main.o    romdata   0x300001    program   0x000001
    .config_300002_main.o    romdata   0x300002    program   0x000001
    .config_300003_main.o    romdata   0x300003    program   0x000001
    .config_300005_main.o    romdata   0x300005    program   0x000001
    .config_300006_main.o    romdata   0x300006    program   0x000001
    .config_300008_main.o    romdata   0x300008    program   0x000001
    .config_300009_main.o    romdata   0x300009    program   0x000001
    .config_30000a_main.o    romdata   0x30000a    program   0x000001
    .config_30000b_main.o    romdata   0x30000b    program   0x000001
    .config_30000c_main.o    romdata   0x30000c    program   0x000001
    .config_30000d_main.o    romdata   0x30000d    program   0x000001
                MATH_DATA      udata   0x000000       data   0x000014
                 .tmpdata      udata   0x000014       data   0x000008
                DELAYDAT1      udata   0x00001c       data   0x000001
                   .stack      udata   0x000060       data   0x0000a0
                 APP_DATA      idata   0x000100       data   0x00015a
                 LOG_DATA      idata   0x000600       data   0x0001c5
                 COM_DATA      idata   0x000900       data   0x000114
                UART_DATA      idata   0x000b00       data   0x000106
                  UI_DATA      idata   0x000d00       data   0x00008a
              KEYPAD_DATA      idata   0x000d8a       data   0x000049
              .idata_UI.o      idata   0x000dd3       data   0x000018
           .udata_c018i.o      udata   0x000deb       data   0x00000a
   .idata_communication.o      idata   0x000df5       data   0x000002
          .udata_u2defs.o      udata   0x000df7       data   0x000001
          .udata_u1defs.o      udata   0x000df8       data   0x000001
           .udata_board.o      udata   0x000df9       data   0x000001
       .idata_heartBeat.o      idata   0x000dfa       data   0x000001
        .idata_fxd0808u.o      idata   0x000dfb       data   0x000000
          .udata_u1open.o      udata   0x000dfb       data   0x000000
          .idata_u1open.o      idata   0x000dfb       data   0x000000
          .udata_u2open.o      udata   0x000dfb       data   0x000000
          .idata_u2open.o      idata   0x000dfb       data   0x000000
          .udata_t0open.o      udata   0x000dfb       data   0x000000
          .idata_t0open.o      idata   0x000dfb       data   0x000000
          .udata_u1read.o      udata   0x000dfb       data   0x000000
          .idata_u1read.o      idata   0x000dfb       data   0x000000
          .udata_u2read.o      udata   0x000dfb       data   0x000000
          .idata_u2read.o      idata   0x000dfb       data   0x000000
          .udata_read_B.o      udata   0x000dfb       data   0x000000
          .idata_read_B.o      idata   0x000dfb       data   0x000000
   .udata_communication.o      udata   0x000dfb       data   0x000000
          .idata_u1defs.o      idata   0x000dfb       data   0x000000
           .idata_board.o      idata   0x000dfb       data   0x000000
          .idata_u2defs.o      idata   0x000dfb       data   0x000000
         .udata_t0write.o      udata   0x000dfb       data   0x000000
         .idata_t0write.o      idata   0x000dfb       data   0x000000
         .udata_write_B.o      udata   0x000dfb       data   0x000000
         .idata_write_B.o      idata   0x000dfb       data   0x000000
          .udata___init.o      udata   0x000dfb       data   0x000000
          .idata___init.o      idata   0x000dfb       data   0x000000
            .udata_uart.o      udata   0x000dfb       data   0x000000
            .idata_uart.o      idata   0x000dfb       data   0x000000
           .idata_timer.o      idata   0x000dfb       data   0x000000
          .udata_keypad.o      udata   0x000dfb       data   0x000000
          .idata_keypad.o      idata   0x000dfb       data   0x000000
           .udata_timer.o      udata   0x000dfb       data   0x000000
       .udata_heartBeat.o      udata   0x000dfb       data   0x000000
             .udata_lcd.o      udata   0x000dfb       data   0x000000
             .idata_lcd.o      idata   0x000dfb       data   0x000000
              .udata_UI.o      udata   0x000dfb       data   0x000000
            .idata_main.o      idata   0x000dfb       data   0x000000
            .udata_main.o      udata   0x000dfb       data   0x000000
             .udata_app.o      udata   0x000dfb       data   0x000000
             .idata_app.o      idata   0x000dfb       data   0x000000
 .idata_interruptvector.o      idata   0x000dfb       data   0x000000
 .udata_interruptvector.o      udata   0x000dfb       data   0x000000
        .udata_busy_eep.o      udata   0x000dfb       data   0x000000
        .idata_busy_eep.o      idata   0x000dfb       data   0x000000
           .idata_c018i.o      idata   0x000dfb       data   0x000000
        .udata_fxd0808u.o      udata   0x000dfb       data   0x000000
               TIMER_DATA      idata   0x000e00       data   0x00001e
                 LCD_DATA      idata   0x000e1e       data   0x000022
              SFR_BANKED0      udata   0x000f38       data   0x000028
            SFR_UNBANKED0      udata   0x000f60       data   0x0000a0



                              Program Memory Usage 
                               Start         End      
                           ---------   ---------      
                            0x000000    0x004dd6      
                            0x004dd8    0x00543f      
                            0x300001    0x300003      
                            0x300005    0x300006      
                            0x300008    0x30000d      
            21578 out of 29720 program addresses used, program memory utilization is 72%



                              Symbols - Sorted by Name
                     Name    Address   Location    Storage File                     
                ---------  ---------  ---------  --------- ---------                
    APP_acknowledgeIssues   0x001f1a    program     extern C:\Users\IDEONICS-BNG\Desktop\subhra\ANDON\AndonTerminal\AndonXBeeTerminal_Attibila\app.c
        APP_checkPassword   0x0023bc    program     extern C:\Users\IDEONICS-BNG\Desktop\subhra\ANDON\AndonTerminal\AndonXBeeTerminal_Attibila\app.c
          APP_clearIssues   0x0023f8    program     extern C:\Users\IDEONICS-BNG\Desktop\subhra\ANDON\AndonTerminal\AndonXBeeTerminal_Attibila\app.c
          APP_comCallBack   0x002582    program     extern C:\Users\IDEONICS-BNG\Desktop\subhra\ANDON\AndonTerminal\AndonXBeeTerminal_Attibila\app.c
 APP_getAcknowledgedIssue   0x000dfc    program     extern C:\Users\IDEONICS-BNG\Desktop\subhra\ANDON\AndonTerminal\AndonXBeeTerminal_Attibila\app.c
         APP_getOpenIssue   0x000710    program     extern C:\Users\IDEONICS-BNG\Desktop\subhra\ANDON\AndonTerminal\AndonXBeeTerminal_Attibila\app.c
                 APP_init   0x0000b2    program     extern C:\Users\IDEONICS-BNG\Desktop\subhra\ANDON\AndonTerminal\AndonXBeeTerminal_Attibila\app.c
                APP_login   0x0003fe    program     extern C:\Users\IDEONICS-BNG\Desktop\subhra\ANDON\AndonTerminal\AndonXBeeTerminal_Attibila\app.c
               APP_logout   0x000498    program     extern C:\Users\IDEONICS-BNG\Desktop\subhra\ANDON\AndonTerminal\AndonXBeeTerminal_Attibila\app.c
          APP_raiseIssues   0x00188c    program     extern C:\Users\IDEONICS-BNG\Desktop\subhra\ANDON\AndonTerminal\AndonXBeeTerminal_Attibila\app.c
        APP_resolveIssues   0x0014e8    program     extern C:\Users\IDEONICS-BNG\Desktop\subhra\ANDON\AndonTerminal\AndonXBeeTerminal_Attibila\app.c
                 APP_task   0x000530    program     extern C:\Users\IDEONICS-BNG\Desktop\subhra\ANDON\AndonTerminal\AndonXBeeTerminal_Attibila\app.c
      APP_updateIssueInfo   0x001eea    program     extern C:\Users\IDEONICS-BNG\Desktop\subhra\ANDON\AndonTerminal\AndonXBeeTerminal_Attibila\app.c
               BOARD_init   0x004bc4    program     extern C:\Users\IDEONICS-BNG\Desktop\subhra\ANDON\AndonTerminal\AndonXBeeTerminal_Attibila\board.c
                 Busy_eep   0x000012    program     extern E:\c18v3.46\pic18-lt\cxx-framework\src\pmc_common\EEP\busy_eep.c
                 COM_init   0x0038c2    program     extern C:\Users\IDEONICS-BNG\Desktop\subhra\ANDON\AndonTerminal\AndonXBeeTerminal_Attibila\communication.c
                COM_reset   0x00392a    program     extern C:\Users\IDEONICS-BNG\Desktop\subhra\ANDON\AndonTerminal\AndonXBeeTerminal_Attibila\communication.c
              COM_restart   0x0038f8    program     extern C:\Users\IDEONICS-BNG\Desktop\subhra\ANDON\AndonTerminal\AndonXBeeTerminal_Attibila\communication.c
                 COM_task   0x003958    program     extern C:\Users\IDEONICS-BNG\Desktop\subhra\ANDON\AndonTerminal\AndonXBeeTerminal_Attibila\communication.c
               COM_txData   0x003c20    program     extern C:\Users\IDEONICS-BNG\Desktop\subhra\ANDON\AndonTerminal\AndonXBeeTerminal_Attibila\communication.c
                COM_txStr   0x003cb2    program     extern C:\Users\IDEONICS-BNG\Desktop\subhra\ANDON\AndonTerminal\AndonXBeeTerminal_Attibila\communication.c
                    D1K_1   0x004d3c    program     static E:\c18v3.46\pic18-lt\cxx-framework\src\traditional\delays\d1ktcyx.asm
                     D1Kx   0x004d3a    program     static E:\c18v3.46\pic18-lt\cxx-framework\src\traditional\delays\d1ktcyx.asm
              Delay1KTCYx   0x004d30    program     extern E:\c18v3.46\pic18-lt\cxx-framework\src\traditional\delays\d1ktcyx.asm
         EnableInterrupts   0x000022    program     extern C:\Users\IDEONICS-BNG\Desktop\subhra\ANDON\AndonTerminal\AndonXBeeTerminal_Attibila\interruptvector.c
                 FXD0808U   0x004daa    program     extern E:\c18v3.46\pic18-lt\cxx-framework\src\traditional\math\fxd0808u.c
                 FXM1616U   0x004c84    program     extern E:\c18v3.46\pic18-lt\cxx-framework\src\traditional\math\fxm1616u.asm
               GetAppTime   0x004842    program     extern C:\Users\IDEONICS-BNG\Desktop\subhra\ANDON\AndonTerminal\AndonXBeeTerminal_Attibila\timer.c
                  HB_init   0x004d70    program     extern C:\Users\IDEONICS-BNG\Desktop\subhra\ANDON\AndonTerminal\AndonXBeeTerminal_Attibila\heartBeat.c
                  HB_task   0x004d76    program     extern C:\Users\IDEONICS-BNG\Desktop\subhra\ANDON\AndonTerminal\AndonXBeeTerminal_Attibila\heartBeat.c
                  InitLcd   0x003ebc    program     extern C:\Users\IDEONICS-BNG\Desktop\subhra\ANDON\AndonTerminal\AndonXBeeTerminal_Attibila\lcd.c
              KEYPAD_init   0x0041be    program     extern C:\Users\IDEONICS-BNG\Desktop\subhra\ANDON\AndonTerminal\AndonXBeeTerminal_Attibila\keypad.c
              KEYPAD_read   0x004278    program     extern C:\Users\IDEONICS-BNG\Desktop\subhra\ANDON\AndonTerminal\AndonXBeeTerminal_Attibila\keypad.c
             KEYPAD_reset   0x0042fe    program     extern C:\Users\IDEONICS-BNG\Desktop\subhra\ANDON\AndonTerminal\AndonXBeeTerminal_Attibila\keypad.c
              KEYPAD_task   0x0041dc    program     extern C:\Users\IDEONICS-BNG\Desktop\subhra\ANDON\AndonTerminal\AndonXBeeTerminal_Attibila\keypad.c
                LCD_clear   0x004040    program     extern C:\Users\IDEONICS-BNG\Desktop\subhra\ANDON\AndonTerminal\AndonXBeeTerminal_Attibila\lcd.c
                 LCD_init   0x0040ea    program     extern C:\Users\IDEONICS-BNG\Desktop\subhra\ANDON\AndonTerminal\AndonXBeeTerminal_Attibila\lcd.c
              LCD_putChar   0x00404e    program     extern C:\Users\IDEONICS-BNG\Desktop\subhra\ANDON\AndonTerminal\AndonXBeeTerminal_Attibila\lcd.c
         LCD_setBackSpace   0x00402a    program     extern C:\Users\IDEONICS-BNG\Desktop\subhra\ANDON\AndonTerminal\AndonXBeeTerminal_Attibila\lcd.c
         LCD_writeCommand   0x003e20    program     extern C:\Users\IDEONICS-BNG\Desktop\subhra\ANDON\AndonTerminal\AndonXBeeTerminal_Attibila\lcd.c
            LCD_writeData   0x003e6e    program     extern C:\Users\IDEONICS-BNG\Desktop\subhra\ANDON\AndonTerminal\AndonXBeeTerminal_Attibila\lcd.c
               Open1USART   0x004aa6    program     extern E:\c18v3.46\pic18-lt\cxx-framework\src\pmc_common\USART\u1open.c
               Open2USART   0x0049b8    program     extern E:\c18v3.46\pic18-lt\cxx-framework\src\pmc_common\USART\u2open.c
               OpenTimer0   0x004cf8    program     extern E:\c18v3.46\pic18-lt\cxx-framework\src\pmc_common\Timers\t0open.c
               Read1USART   0x004c46    program     extern E:\c18v3.46\pic18-lt\cxx-framework\src\pmc_common\USART\u1read.c
               Read2USART   0x004c08    program     extern E:\c18v3.46\pic18-lt\cxx-framework\src\pmc_common\USART\u2read.c
               Read_b_eep   0x004b18    program     extern E:\c18v3.46\pic18-lt\cxx-framework\src\pmc_common\EEP\read_B.c
             ResetAppTime   0x004892    program     extern C:\Users\IDEONICS-BNG\Desktop\subhra\ANDON\AndonTerminal\AndonXBeeTerminal_Attibila\timer.c
               TIMER0_ISR   0x004460    program     extern C:\Users\IDEONICS-BNG\Desktop\subhra\ANDON\AndonTerminal\AndonXBeeTerminal_Attibila\timer.c
              TIMER0_init   0x0047fa    program     extern C:\Users\IDEONICS-BNG\Desktop\subhra\ANDON\AndonTerminal\AndonXBeeTerminal_Attibila\timer.c
            UART1_hasData   0x0037d8    program     extern C:\Users\IDEONICS-BNG\Desktop\subhra\ANDON\AndonTerminal\AndonXBeeTerminal_Attibila\uart.c
               UART1_init   0x0034da    program     extern C:\Users\IDEONICS-BNG\Desktop\subhra\ANDON\AndonTerminal\AndonXBeeTerminal_Attibila\uart.c
               UART1_read   0x003812    program     extern C:\Users\IDEONICS-BNG\Desktop\subhra\ANDON\AndonTerminal\AndonXBeeTerminal_Attibila\uart.c
           UART1_transmit   0x0035be    program     extern C:\Users\IDEONICS-BNG\Desktop\subhra\ANDON\AndonTerminal\AndonXBeeTerminal_Attibila\uart.c
              UART1_write   0x003542    program     extern C:\Users\IDEONICS-BNG\Desktop\subhra\ANDON\AndonTerminal\AndonXBeeTerminal_Attibila\uart.c
            UART2_hasData   0x00379e    program     extern C:\Users\IDEONICS-BNG\Desktop\subhra\ANDON\AndonTerminal\AndonXBeeTerminal_Attibila\uart.c
               UART2_init   0x00350a    program     extern C:\Users\IDEONICS-BNG\Desktop\subhra\ANDON\AndonTerminal\AndonXBeeTerminal_Attibila\uart.c
               UART2_read   0x00386a    program     extern C:\Users\IDEONICS-BNG\Desktop\subhra\ANDON\AndonTerminal\AndonXBeeTerminal_Attibila\uart.c
           UART2_transmit   0x0036ae    program     extern C:\Users\IDEONICS-BNG\Desktop\subhra\ANDON\AndonTerminal\AndonXBeeTerminal_Attibila\uart.c
              UART2_write   0x003580    program     extern C:\Users\IDEONICS-BNG\Desktop\subhra\ANDON\AndonTerminal\AndonXBeeTerminal_Attibila\uart.c
                  UI_init   0x0026ac    program     extern C:\Users\IDEONICS-BNG\Desktop\subhra\ANDON\AndonTerminal\AndonXBeeTerminal_Attibila\UI.c
              UI_setState   0x002fd6    program     extern C:\Users\IDEONICS-BNG\Desktop\subhra\ANDON\AndonTerminal\AndonXBeeTerminal_Attibila\UI.c
                  UI_task   0x0026c8    program     extern C:\Users\IDEONICS-BNG\Desktop\subhra\ANDON\AndonTerminal\AndonXBeeTerminal_Attibila\UI.c
     Uart1_ReceiveHandler   0x00456e    program     extern C:\Users\IDEONICS-BNG\Desktop\subhra\ANDON\AndonTerminal\AndonXBeeTerminal_Attibila\uart.c
    Uart1_TransmitHandler   0x0033d2    program     extern C:\Users\IDEONICS-BNG\Desktop\subhra\ANDON\AndonTerminal\AndonXBeeTerminal_Attibila\uart.c
     Uart2_ReceiveHandler   0x003302    program     extern C:\Users\IDEONICS-BNG\Desktop\subhra\ANDON\AndonTerminal\AndonXBeeTerminal_Attibila\uart.c
    Uart2_TransmitHandler   0x003456    program     extern C:\Users\IDEONICS-BNG\Desktop\subhra\ANDON\AndonTerminal\AndonXBeeTerminal_Attibila\uart.c
              WriteTimer0   0x004cc0    program     extern E:\c18v3.46\pic18-lt\cxx-framework\src\pmc_common\Timers\t0write.c
              Write_b_eep   0x004940    program     extern E:\c18v3.46\pic18-lt\cxx-framework\src\pmc_common\EEP\write_B.c
              _2jContinue   0x00465e    program     static E:\c18v3.46\pic18-lt\cxx-framework\src\traditional\stdclib\memset.asm
                   _3jEnd   0x004668    program     static E:\c18v3.46\pic18-lt\cxx-framework\src\traditional\stdclib\memset.asm
        _D1KTCYXCODE_0010   0x004d40    program     static E:\c18v3.46\pic18-lt\cxx-framework\src\traditional\delays\d1ktcyx.asm
        _D1KTCYXCODE_0016   0x004d46    program     static E:\c18v3.46\pic18-lt\cxx-framework\src\traditional\delays\d1ktcyx.asm
       ___case_1_lbl00076   0x0015b6    program     static                          
       ___case_1_lbl00131   0x001bb0    program     static                          
       ___case_3_lbl00082   0x0016d0    program     static                          
       ___case_3_lbl00145   0x001cbe    program     static                          
      ___default_lbl00093   0x001846    program     static                          
      ___default_lbl00146   0x001e24    program     static                          
         ___else_lbl00011   0x000270    program     static                          
         ___else_lbl00013   0x00025c    program     static                          
         ___else_lbl00087   0x0017ee    program     static                          
         ___else_lbl00089   0x00182a    program     static                          
         ___else_lbl00091   0x00180c    program     static                          
         ___else_lbl00110   0x001a84    program     static                          
         ___else_lbl00138   0x001dce    program     static                          
         ___else_lbl00140   0x001e06    program     static                          
         ___else_lbl00142   0x001dea    program     static                          
         ___else_lbl00195   0x00255c    program     static                          
          ___for_lbl00001   0x00023e    program     static                          
          ___for_lbl00002   0x000248    program     static                          
          ___for_lbl00003   0x0001ac    program     static                          
          ___for_lbl00004   0x0001b2    program     static                          
          ___for_lbl00005   0x000138    program     static                          
          ___for_lbl00009   0x0000f8    program     static                          
          ___for_lbl00032   0x0006e4    program     static                          
          ___for_lbl00033   0x0006e8    program     static                          
          ___for_lbl00035   0x000598    program     static                          
          ___for_lbl00077   0x0016a6    program     static                          
          ___for_lbl00078   0x0016ac    program     static                          
          ___for_lbl00079   0x001652    program     static                          
          ___for_lbl00083   0x0017c0    program     static                          
          ___for_lbl00084   0x0017c6    program     static                          
          ___for_lbl00085   0x00176c    program     static                          
          ___for_lbl00094   0x001874    program     static                          
          ___for_lbl00095   0x001878    program     static                          
          ___for_lbl00097   0x00184a    program     static                          
          ___for_lbl00099   0x001902    program     static                          
          ___for_lbl00100   0x001906    program     static                          
          ___for_lbl00103   0x00189a    program     static                          
          ___for_lbl00104   0x001ab0    program     static                          
          ___for_lbl00105   0x001ab4    program     static                          
          ___for_lbl00106   0x001a5c    program     static                          
          ___for_lbl00107   0x001a62    program     static                          
          ___for_lbl00108   0x001a0a    program     static                          
          ___for_lbl00112   0x001908    program     static                          
          ___for_lbl00116   0x001b9c    program     static                          
          ___for_lbl00117   0x001ba0    program     static                          
          ___for_lbl00121   0x001b14    program     static                          
          ___for_lbl00123   0x001cb8    program     static                          
          ___for_lbl00124   0x001cbc    program     static                          
          ___for_lbl00125   0x001c92    program     static                          
          ___for_lbl00126   0x001c98    program     static                          
          ___for_lbl00127   0x001c3e    program     static                          
          ___for_lbl00130   0x001bb2    program     static                          
          ___for_lbl00132   0x001e1e    program     static                          
          ___for_lbl00133   0x001e22    program     static                          
          ___for_lbl00134   0x001da2    program     static                          
          ___for_lbl00135   0x001da8    program     static                          
          ___for_lbl00136   0x001d4e    program     static                          
          ___for_lbl00144   0x001cc0    program     static                          
          ___for_lbl00154   0x001fda    program     static                          
          ___for_lbl00155   0x001fde    program     static                          
          ___for_lbl00157   0x001fb2    program     static                          
          ___for_lbl00174   0x0022fc    program     static                          
          ___for_lbl00175   0x002300    program     static                          
          ___for_lbl00178   0x002244    program     static                          
          ___for_lbl00188   0x0024fc    program     static                          
          ___for_lbl00189   0x002506    program     static                          
          ___for_lbl00190   0x002434    program     static                          
          ___for_lbl00191   0x002536    program     static                          
          ___for_lbl00192   0x002540    program     static                          
          ___for_lbl00193   0x00250a    program     static                          
           ___if_lbl00001   0x000010    program     static                          
           ___if_lbl00003   0x004794    program     static                          
           ___if_lbl00003   0x000020    program     static                          
           ___if_lbl00003   0x003dd0    program     static                          
           ___if_lbl00004   0x0047aa    program     static                          
           ___if_lbl00005   0x0047c0    program     static                          
           ___if_lbl00006   0x0047d6    program     static                          
           ___if_lbl00006   0x0001de    program     static                          
           ___if_lbl00007   0x00020c    program     static                          
           ___if_lbl00007   0x0047ec    program     static                          
           ___if_lbl00008   0x00023e    program     static                          
           ___if_lbl00010   0x00027a    program     static                          
           ___if_lbl00012   0x00027a    program     static                          
           ___if_lbl00014   0x00028a    program     static                          
           ___if_lbl00034   0x0006e4    program     static                          
           ___if_lbl00036   0x0006fc    program     static                          
           ___if_lbl00037   0x0006fc    program     static                          
           ___if_lbl00038   0x0006fc    program     static                          
           ___if_lbl00072   0x00157c    program     static                          
           ___if_lbl00073   0x00157c    program     static                          
           ___if_lbl00074   0x00157c    program     static                          
           ___if_lbl00080   0x0016cc    program     static                          
           ___if_lbl00081   0x0016ce    program     static                          
           ___if_lbl00086   0x00180a    program     static                          
           ___if_lbl00088   0x001842    program     static                          
           ___if_lbl00090   0x001842    program     static                          
           ___if_lbl00092   0x001844    program     static                          
           ___if_lbl00096   0x001874    program     static                          
           ___if_lbl00101   0x001902    program     static                          
           ___if_lbl00102   0x001902    program     static                          
           ___if_lbl00109   0x001a9c    program     static                          
           ___if_lbl00111   0x001ab0    program     static                          
           ___if_lbl00113   0x001ac0    program     static                          
           ___if_lbl00115   0x001b12    program     static                          
           ___if_lbl00118   0x001b9c    program     static                          
           ___if_lbl00119   0x001b9c    program     static                          
           ___if_lbl00120   0x001b9c    program     static                          
           ___if_lbl00128   0x001cb6    program     static                          
           ___if_lbl00129   0x001cb8    program     static                          
           ___if_lbl00137   0x001de8    program     static                          
           ___if_lbl00139   0x001e1c    program     static                          
           ___if_lbl00141   0x001e1c    program     static                          
           ___if_lbl00143   0x001e1e    program     static                          
           ___if_lbl00156   0x001fda    program     static                          
           ___if_lbl00176   0x0022fc    program     static                          
           ___if_lbl00177   0x0022fc    program     static                          
           ___if_lbl00194   0x00256e    program     static                          
       ___return_lbl00000   0x003dd8    program     static                          
       ___return_lbl00000   0x0047f0    program     static                          
       ___return_lbl00000   0x004dc4    program     static                          
       ___return_lbl00000   0x000004    program     static                          
       ___return_lbl00000   0x000010    program     static                          
       ___return_lbl00000   0x004b68    program     static                          
       ___return_lbl00000   0x000316    program     static                          
       ___return_lbl00001   0x004da8    program     static                          
       ___return_lbl00002   0x000020    program     static                          
       ___return_lbl00002   0x00493e    program     static                          
       ___return_lbl00004   0x003e18    program     static                          
       ___return_lbl00005   0x003e66    program     static                          
       ___return_lbl00006   0x003eb4    program     static                          
       ___return_lbl00031   0x0006fc    program     static                          
       ___return_lbl00071   0x001878    program     static                          
       ___return_lbl00098   0x001ac0    program     static                          
       ___return_lbl00114   0x001e26    program     static                          
       ___return_lbl00153   0x001fe0    program     static                          
       ___return_lbl00173   0x002306    program     static                          
       ___return_lbl00187   0x00256e    program     static                          
   ___switchexit_lbl00075   0x001848    program     static                          
   ___switchexit_lbl00122   0x001e26    program     static                          
        ___while_lbl00001   0x003d84    program     static                          
        ___while_lbl00001   0x00477e    program     static                          
        ___while_lbl00002   0x003dd2    program     static                          
        ___while_lbl00002   0x0047f0    program     static                          
               __config_0   0x300001    program     static C:\Users\IDEONICS-BNG\Desktop\subhra\ANDON\AndonTerminal\AndonXBeeTerminal_Attibila\main.c
               __config_1   0x300002    program     static C:\Users\IDEONICS-BNG\Desktop\subhra\ANDON\AndonTerminal\AndonXBeeTerminal_Attibila\main.c
              __config_10   0x30000d    program     static C:\Users\IDEONICS-BNG\Desktop\subhra\ANDON\AndonTerminal\AndonXBeeTerminal_Attibila\main.c
               __config_2   0x300003    program     static C:\Users\IDEONICS-BNG\Desktop\subhra\ANDON\AndonTerminal\AndonXBeeTerminal_Attibila\main.c
               __config_3   0x300005    program     static C:\Users\IDEONICS-BNG\Desktop\subhra\ANDON\AndonTerminal\AndonXBeeTerminal_Attibila\main.c
               __config_4   0x300006    program     static C:\Users\IDEONICS-BNG\Desktop\subhra\ANDON\AndonTerminal\AndonXBeeTerminal_Attibila\main.c
               __config_5   0x300008    program     static C:\Users\IDEONICS-BNG\Desktop\subhra\ANDON\AndonTerminal\AndonXBeeTerminal_Attibila\main.c
               __config_6   0x300009    program     static C:\Users\IDEONICS-BNG\Desktop\subhra\ANDON\AndonTerminal\AndonXBeeTerminal_Attibila\main.c
               __config_7   0x30000a    program     static C:\Users\IDEONICS-BNG\Desktop\subhra\ANDON\AndonTerminal\AndonXBeeTerminal_Attibila\main.c
               __config_8   0x30000b    program     static C:\Users\IDEONICS-BNG\Desktop\subhra\ANDON\AndonTerminal\AndonXBeeTerminal_Attibila\main.c
               __config_9   0x30000c    program     static C:\Users\IDEONICS-BNG\Desktop\subhra\ANDON\AndonTerminal\AndonXBeeTerminal_Attibila\main.c
                   __init   0x004dd8    program     extern E:\c18v3.46\pic18-lt\cxx-framework\src\traditional\stdclib\__init.c
               __string_0   0x004a9c    program     static C:\Users\IDEONICS-BNG\Desktop\subhra\ANDON\AndonTerminal\AndonXBeeTerminal_Attibila\UI.c
               __string_1   0x004a95    program     static C:\Users\IDEONICS-BNG\Desktop\subhra\ANDON\AndonTerminal\AndonXBeeTerminal_Attibila\UI.c
              __string_10   0x004a3d    program     static C:\Users\IDEONICS-BNG\Desktop\subhra\ANDON\AndonTerminal\AndonXBeeTerminal_Attibila\UI.c
              __string_11   0x004a30    program     static C:\Users\IDEONICS-BNG\Desktop\subhra\ANDON\AndonTerminal\AndonXBeeTerminal_Attibila\UI.c
               __string_2   0x004a8e    program     static C:\Users\IDEONICS-BNG\Desktop\subhra\ANDON\AndonTerminal\AndonXBeeTerminal_Attibila\UI.c
               __string_3   0x004a84    program     static C:\Users\IDEONICS-BNG\Desktop\subhra\ANDON\AndonTerminal\AndonXBeeTerminal_Attibila\UI.c
               __string_4   0x004a7c    program     static C:\Users\IDEONICS-BNG\Desktop\subhra\ANDON\AndonTerminal\AndonXBeeTerminal_Attibila\UI.c
               __string_5   0x004a74    program     static C:\Users\IDEONICS-BNG\Desktop\subhra\ANDON\AndonTerminal\AndonXBeeTerminal_Attibila\UI.c
               __string_6   0x004a69    program     static C:\Users\IDEONICS-BNG\Desktop\subhra\ANDON\AndonTerminal\AndonXBeeTerminal_Attibila\UI.c
               __string_7   0x004a60    program     static C:\Users\IDEONICS-BNG\Desktop\subhra\ANDON\AndonTerminal\AndonXBeeTerminal_Attibila\UI.c
               __string_8   0x004a57    program     static C:\Users\IDEONICS-BNG\Desktop\subhra\ANDON\AndonTerminal\AndonXBeeTerminal_Attibila\UI.c
               __string_9   0x004a4d    program     static C:\Users\IDEONICS-BNG\Desktop\subhra\ANDON\AndonTerminal\AndonXBeeTerminal_Attibila\UI.c
               __tmplbl_0   0x000582    program     static                          
            __zero_memory   0x004d50    program     extern E:\c18v3.46\pic18-lt\cxx-framework\src\traditional\proc\p18f46k22.asm
                _do_cinit   0x0048a2    program     extern E:\c18v3.46\pic18-lt\cxx-framework\src\traditional\startup\c018i.c
                   _entry   0x000000    program     extern E:\c18v3.46\pic18-lt\cxx-framework\src\traditional\startup\c018i.c
                 _startup   0x004d8e    program     extern E:\c18v3.46\pic18-lt\cxx-framework\src\traditional\startup\c018i.c
         acknowledgeIssue   0x00231e    program     extern C:\Users\IDEONICS-BNG\Desktop\subhra\ANDON\AndonTerminal\AndonXBeeTerminal_Attibila\app.c
                  busyLcd   0x003d60    program     static C:\Users\IDEONICS-BNG\Desktop\subhra\ANDON\AndonTerminal\AndonXBeeTerminal_Attibila\lcd.c
                 checksum   0x003cfc    program     extern C:\Users\IDEONICS-BNG\Desktop\subhra\ANDON\AndonTerminal\AndonXBeeTerminal_Attibila\communication.c
              clearScreen   0x004dc6    program     static C:\Users\IDEONICS-BNG\Desktop\subhra\ANDON\AndonTerminal\AndonXBeeTerminal_Attibila\lcd.c
            clearUIBuffer   0x003146    program     extern C:\Users\IDEONICS-BNG\Desktop\subhra\ANDON\AndonTerminal\AndonXBeeTerminal_Attibila\UI.c
             clearUIInput   0x003170    program     extern C:\Users\IDEONICS-BNG\Desktop\subhra\ANDON\AndonTerminal\AndonXBeeTerminal_Attibila\UI.c
                compare_l   0x004d66    program     static E:\c18v3.46\pic18-lt\cxx-framework\src\traditional\proc\p18f46k22.asm
                copy_loop   0x004914    program     static                          
            copy_one_byte   0x00491a    program     static                          
               dataPortIn   0x00419e    program     extern C:\Users\IDEONICS-BNG\Desktop\subhra\ANDON\AndonTerminal\AndonXBeeTerminal_Attibila\lcd.c
              dataPortOut   0x0041ae    program     extern C:\Users\IDEONICS-BNG\Desktop\subhra\ANDON\AndonTerminal\AndonXBeeTerminal_Attibila\lcd.c
                     done   0x00493e    program     static                          
             done_copying   0x004928    program     static                          
                  endloop   0x004dc0    program     static                          
                  getData   0x0030dc    program     extern C:\Users\IDEONICS-BNG\Desktop\subhra\ANDON\AndonTerminal\AndonXBeeTerminal_Attibila\UI.c
               getStation   0x003032    program     extern C:\Users\IDEONICS-BNG\Desktop\subhra\ANDON\AndonTerminal\AndonXBeeTerminal_Attibila\UI.c
             getStatusLog   0x001e3a    program     extern C:\Users\IDEONICS-BNG\Desktop\subhra\ANDON\AndonTerminal\AndonXBeeTerminal_Attibila\app.c
           high_interrupt   0x000008    program     extern C:\Users\IDEONICS-BNG\Desktop\subhra\ANDON\AndonTerminal\AndonXBeeTerminal_Attibila\interruptvector.c
            issueResolved   0x0020ce    program     extern C:\Users\IDEONICS-BNG\Desktop\subhra\ANDON\AndonTerminal\AndonXBeeTerminal_Attibila\app.c
                     jEnd   0x004740    program     static E:\c18v3.46\pic18-lt\cxx-framework\src\traditional\stdclib\strlen.asm
                     jEnd   0x004724    program     static E:\c18v3.46\pic18-lt\cxx-framework\src\traditional\stdclib\scpyp2r.asm
                     jEnd   0x00469c    program     static E:\c18v3.46\pic18-lt\cxx-framework\src\traditional\stdclib\strcmp.asm
                     jEnd   0x004670    program     static E:\c18v3.46\pic18-lt\cxx-framework\src\traditional\stdclib\memset.asm
                    jLoop   0x004736    program     static E:\c18v3.46\pic18-lt\cxx-framework\src\traditional\stdclib\strlen.asm
                    jLoop   0x00471a    program     static E:\c18v3.46\pic18-lt\cxx-framework\src\traditional\stdclib\scpyp2r.asm
                    jLoop   0x0046da    program     static E:\c18v3.46\pic18-lt\cxx-framework\src\traditional\stdclib\strcpy.asm
                    jLoop   0x004692    program     static E:\c18v3.46\pic18-lt\cxx-framework\src\traditional\stdclib\strcmp.asm
                    jLoop   0x004652    program     static E:\c18v3.46\pic18-lt\cxx-framework\src\traditional\stdclib\memset.asm
                   keyMap   0x004b74    program     extern C:\Users\IDEONICS-BNG\Desktop\subhra\ANDON\AndonTerminal\AndonXBeeTerminal_Attibila\UI.c
                    login   0x00032a    program     extern C:\Users\IDEONICS-BNG\Desktop\subhra\ANDON\AndonTerminal\AndonXBeeTerminal_Attibila\app.c
                     loop   0x004db2    program     static                          
                     loop   0x004d9e    program     static                          
                   loop_h   0x004d5e    program     static E:\c18v3.46\pic18-lt\cxx-framework\src\traditional\proc\p18f46k22.asm
                   loop_l   0x004d68    program     static E:\c18v3.46\pic18-lt\cxx-framework\src\traditional\proc\p18f46k22.asm
            low_interrupt   0x000018    program     extern C:\Users\IDEONICS-BNG\Desktop\subhra\ANDON\AndonTerminal\AndonXBeeTerminal_Attibila\interruptvector.c
                     main   0x004742    program     extern C:\Users\IDEONICS-BNG\Desktop\subhra\ANDON\AndonTerminal\AndonXBeeTerminal_Attibila\main.c
                   mapKey   0x002d3c    program     extern C:\Users\IDEONICS-BNG\Desktop\subhra\ANDON\AndonTerminal\AndonXBeeTerminal_Attibila\UI.c
                   memset   0x00463e    program     extern E:\c18v3.46\pic18-lt\cxx-framework\src\traditional\stdclib\memset.asm
              parsePacket   0x003b7e    program     extern C:\Users\IDEONICS-BNG\Desktop\subhra\ANDON\AndonTerminal\AndonXBeeTerminal_Attibila\communication.c
                 putUImsg   0x00327a    program     extern C:\Users\IDEONICS-BNG\Desktop\subhra\ANDON\AndonTerminal\AndonXBeeTerminal_Attibila\UI.c
    rawWriteCommand8ToLcd   0x003df0    program     static C:\Users\IDEONICS-BNG\Desktop\subhra\ANDON\AndonTerminal\AndonXBeeTerminal_Attibila\lcd.c
             resolveIssue   0x001ad4    program     extern C:\Users\IDEONICS-BNG\Desktop\subhra\ANDON\AndonTerminal\AndonXBeeTerminal_Attibila\app.c
               scanKeypad   0x004318    program     static C:\Users\IDEONICS-BNG\Desktop\subhra\ANDON\AndonTerminal\AndonXBeeTerminal_Attibila\keypad.c
                 setUImsg   0x0031ee    program     extern C:\Users\IDEONICS-BNG\Desktop\subhra\ANDON\AndonTerminal\AndonXBeeTerminal_Attibila\UI.c
                showUImsg   0x003192    program     extern C:\Users\IDEONICS-BNG\Desktop\subhra\ANDON\AndonTerminal\AndonXBeeTerminal_Attibila\UI.c
                   strcmp   0x004672    program     extern E:\c18v3.46\pic18-lt\cxx-framework\src\traditional\stdclib\strcmp.asm
                   strcpy   0x0046b2    program     extern E:\c18v3.46\pic18-lt\cxx-framework\src\traditional\stdclib\strcpy.asm
            strcpypgm2ram   0x0046f4    program     extern E:\c18v3.46\pic18-lt\cxx-framework\src\traditional\stdclib\scpyp2r.asm
                   strlen   0x004726    program     extern E:\c18v3.46\pic18-lt\cxx-framework\src\traditional\stdclib\strlen.asm
                     test   0x0048bc    program     static                          
                  timeout   0x000006    program     static C:\Users\IDEONICS-BNG\Desktop\subhra\ANDON\AndonTerminal\AndonXBeeTerminal_Attibila\app.c
         updateIndication   0x00208e    program     static C:\Users\IDEONICS-BNG\Desktop\subhra\ANDON\AndonTerminal\AndonXBeeTerminal_Attibila\app.c
                updateLog   0x001fea    program     static C:\Users\IDEONICS-BNG\Desktop\subhra\ANDON\AndonTerminal\AndonXBeeTerminal_Attibila\app.c
          update_timeouts   0x002232    program     static C:\Users\IDEONICS-BNG\Desktop\subhra\ANDON\AndonTerminal\AndonXBeeTerminal_Attibila\app.c
               writetoLCD   0x0040fa    program     extern C:\Users\IDEONICS-BNG\Desktop\subhra\ANDON\AndonTerminal\AndonXBeeTerminal_Attibila\lcd.c
               zero_block   0x004d5e    program     static E:\c18v3.46\pic18-lt\cxx-framework\src\traditional\proc\p18f46k22.asm
                   ADCON0   0x000fc2       data     extern E:\c18v3.46\pic18-lt\cxx-framework\src\traditional\proc\p18f46k22.asm
               ADCON0bits   0x000fc2       data     extern E:\c18v3.46\pic18-lt\cxx-framework\src\traditional\proc\p18f46k22.asm
                   ADCON1   0x000fc1       data     extern E:\c18v3.46\pic18-lt\cxx-framework\src\traditional\proc\p18f46k22.asm
               ADCON1bits   0x000fc1       data     extern E:\c18v3.46\pic18-lt\cxx-framework\src\traditional\proc\p18f46k22.asm
                   ADCON2   0x000fc0       data     extern E:\c18v3.46\pic18-lt\cxx-framework\src\traditional\proc\p18f46k22.asm
               ADCON2bits   0x000fc0       data     extern E:\c18v3.46\pic18-lt\cxx-framework\src\traditional\proc\p18f46k22.asm
                    ADRES   0x000fc3       data     extern E:\c18v3.46\pic18-lt\cxx-framework\src\traditional\proc\p18f46k22.asm
                   ADRESH   0x000fc4       data     extern E:\c18v3.46\pic18-lt\cxx-framework\src\traditional\proc\p18f46k22.asm
                   ADRESL   0x000fc3       data     extern E:\c18v3.46\pic18-lt\cxx-framework\src\traditional\proc\p18f46k22.asm
                   ANSELA   0x000f38       data     extern E:\c18v3.46\pic18-lt\cxx-framework\src\traditional\proc\p18f46k22.asm
               ANSELAbits   0x000f38       data     extern E:\c18v3.46\pic18-lt\cxx-framework\src\traditional\proc\p18f46k22.asm
                   ANSELB   0x000f39       data     extern E:\c18v3.46\pic18-lt\cxx-framework\src\traditional\proc\p18f46k22.asm
               ANSELBbits   0x000f39       data     extern E:\c18v3.46\pic18-lt\cxx-framework\src\traditional\proc\p18f46k22.asm
                   ANSELC   0x000f3a       data     extern E:\c18v3.46\pic18-lt\cxx-framework\src\traditional\proc\p18f46k22.asm
               ANSELCbits   0x000f3a       data     extern E:\c18v3.46\pic18-lt\cxx-framework\src\traditional\proc\p18f46k22.asm
                   ANSELD   0x000f3b       data     extern E:\c18v3.46\pic18-lt\cxx-framework\src\traditional\proc\p18f46k22.asm
               ANSELDbits   0x000f3b       data     extern E:\c18v3.46\pic18-lt\cxx-framework\src\traditional\proc\p18f46k22.asm
                   ANSELE   0x000f3c       data     extern E:\c18v3.46\pic18-lt\cxx-framework\src\traditional\proc\p18f46k22.asm
               ANSELEbits   0x000f3c       data     extern E:\c18v3.46\pic18-lt\cxx-framework\src\traditional\proc\p18f46k22.asm
             AppTimestamp   0x000e1a       data     extern C:\Users\IDEONICS-BNG\Desktop\subhra\ANDON\AndonTerminal\AndonXBeeTerminal_Attibila\timer.c
                 BAUD1CON   0x000fb8       data     extern E:\c18v3.46\pic18-lt\cxx-framework\src\traditional\proc\p18f46k22.asm
             BAUD1CONbits   0x000fb8       data     extern E:\c18v3.46\pic18-lt\cxx-framework\src\traditional\proc\p18f46k22.asm
                 BAUD2CON   0x000f70       data     extern E:\c18v3.46\pic18-lt\cxx-framework\src\traditional\proc\p18f46k22.asm
             BAUD2CONbits   0x000f70       data     extern E:\c18v3.46\pic18-lt\cxx-framework\src\traditional\proc\p18f46k22.asm
                  BAUDCON   0x000fb8       data     extern E:\c18v3.46\pic18-lt\cxx-framework\src\traditional\proc\p18f46k22.asm
                 BAUDCON1   0x000fb8       data     extern E:\c18v3.46\pic18-lt\cxx-framework\src\traditional\proc\p18f46k22.asm
             BAUDCON1bits   0x000fb8       data     extern E:\c18v3.46\pic18-lt\cxx-framework\src\traditional\proc\p18f46k22.asm
                 BAUDCON2   0x000f70       data     extern E:\c18v3.46\pic18-lt\cxx-framework\src\traditional\proc\p18f46k22.asm
             BAUDCON2bits   0x000f70       data     extern E:\c18v3.46\pic18-lt\cxx-framework\src\traditional\proc\p18f46k22.asm
              BAUDCONbits   0x000fb8       data     extern E:\c18v3.46\pic18-lt\cxx-framework\src\traditional\proc\p18f46k22.asm
                  BAUDCTL   0x000fb8       data     extern E:\c18v3.46\pic18-lt\cxx-framework\src\traditional\proc\p18f46k22.asm
              BAUDCTLbits   0x000fb8       data     extern E:\c18v3.46\pic18-lt\cxx-framework\src\traditional\proc\p18f46k22.asm
                      BSR   0x000fe0       data     extern E:\c18v3.46\pic18-lt\cxx-framework\src\traditional\proc\p18f46k22.asm
                  CCP1CON   0x000fbd       data     extern E:\c18v3.46\pic18-lt\cxx-framework\src\traditional\proc\p18f46k22.asm
              CCP1CONbits   0x000fbd       data     extern E:\c18v3.46\pic18-lt\cxx-framework\src\traditional\proc\p18f46k22.asm
                   CCP2AS   0x000f64       data     extern E:\c18v3.46\pic18-lt\cxx-framework\src\traditional\proc\p18f46k22.asm
               CCP2ASbits   0x000f64       data     extern E:\c18v3.46\pic18-lt\cxx-framework\src\traditional\proc\p18f46k22.asm
                  CCP2CON   0x000f66       data     extern E:\c18v3.46\pic18-lt\cxx-framework\src\traditional\proc\p18f46k22.asm
              CCP2CONbits   0x000f66       data     extern E:\c18v3.46\pic18-lt\cxx-framework\src\traditional\proc\p18f46k22.asm
                   CCP3AS   0x000f5b       data     extern E:\c18v3.46\pic18-lt\cxx-framework\src\traditional\proc\p18f46k22.asm
               CCP3ASbits   0x000f5b       data     extern E:\c18v3.46\pic18-lt\cxx-framework\src\traditional\proc\p18f46k22.asm
                  CCP3CON   0x000f5d       data     extern E:\c18v3.46\pic18-lt\cxx-framework\src\traditional\proc\p18f46k22.asm
              CCP3CONbits   0x000f5d       data     extern E:\c18v3.46\pic18-lt\cxx-framework\src\traditional\proc\p18f46k22.asm
                  CCP4CON   0x000f57       data     extern E:\c18v3.46\pic18-lt\cxx-framework\src\traditional\proc\p18f46k22.asm
              CCP4CONbits   0x000f57       data     extern E:\c18v3.46\pic18-lt\cxx-framework\src\traditional\proc\p18f46k22.asm
                  CCP5CON   0x000f54       data     extern E:\c18v3.46\pic18-lt\cxx-framework\src\traditional\proc\p18f46k22.asm
              CCP5CONbits   0x000f54       data     extern E:\c18v3.46\pic18-lt\cxx-framework\src\traditional\proc\p18f46k22.asm
                    CCPR1   0x000fbe       data     extern E:\c18v3.46\pic18-lt\cxx-framework\src\traditional\proc\p18f46k22.asm
                   CCPR1H   0x000fbf       data     extern E:\c18v3.46\pic18-lt\cxx-framework\src\traditional\proc\p18f46k22.asm
                   CCPR1L   0x000fbe       data     extern E:\c18v3.46\pic18-lt\cxx-framework\src\traditional\proc\p18f46k22.asm
                    CCPR2   0x000f67       data     extern E:\c18v3.46\pic18-lt\cxx-framework\src\traditional\proc\p18f46k22.asm
                   CCPR2H   0x000f68       data     extern E:\c18v3.46\pic18-lt\cxx-framework\src\traditional\proc\p18f46k22.asm
                   CCPR2L   0x000f67       data     extern E:\c18v3.46\pic18-lt\cxx-framework\src\traditional\proc\p18f46k22.asm
                    CCPR3   0x000f5e       data     extern E:\c18v3.46\pic18-lt\cxx-framework\src\traditional\proc\p18f46k22.asm
                   CCPR3H   0x000f5f       data     extern E:\c18v3.46\pic18-lt\cxx-framework\src\traditional\proc\p18f46k22.asm
                   CCPR3L   0x000f5e       data     extern E:\c18v3.46\pic18-lt\cxx-framework\src\traditional\proc\p18f46k22.asm
                    CCPR4   0x000f58       data     extern E:\c18v3.46\pic18-lt\cxx-framework\src\traditional\proc\p18f46k22.asm
                   CCPR4H   0x000f59       data     extern E:\c18v3.46\pic18-lt\cxx-framework\src\traditional\proc\p18f46k22.asm
                   CCPR4L   0x000f58       data     extern E:\c18v3.46\pic18-lt\cxx-framework\src\traditional\proc\p18f46k22.asm
                    CCPR5   0x000f55       data     extern E:\c18v3.46\pic18-lt\cxx-framework\src\traditional\proc\p18f46k22.asm
                   CCPR5H   0x000f56       data     extern E:\c18v3.46\pic18-lt\cxx-framework\src\traditional\proc\p18f46k22.asm
                   CCPR5L   0x000f55       data     extern E:\c18v3.46\pic18-lt\cxx-framework\src\traditional\proc\p18f46k22.asm
                 CCPTMRS0   0x000f49       data     extern E:\c18v3.46\pic18-lt\cxx-framework\src\traditional\proc\p18f46k22.asm
             CCPTMRS0bits   0x000f49       data     extern E:\c18v3.46\pic18-lt\cxx-framework\src\traditional\proc\p18f46k22.asm
                 CCPTMRS1   0x000f48       data     extern E:\c18v3.46\pic18-lt\cxx-framework\src\traditional\proc\p18f46k22.asm
             CCPTMRS1bits   0x000f48       data     extern E:\c18v3.46\pic18-lt\cxx-framework\src\traditional\proc\p18f46k22.asm
                  CM12CON   0x000f77       data     extern E:\c18v3.46\pic18-lt\cxx-framework\src\traditional\proc\p18f46k22.asm
              CM12CONbits   0x000f77       data     extern E:\c18v3.46\pic18-lt\cxx-framework\src\traditional\proc\p18f46k22.asm
                   CM1CON   0x000f79       data     extern E:\c18v3.46\pic18-lt\cxx-framework\src\traditional\proc\p18f46k22.asm
                  CM1CON0   0x000f79       data     extern E:\c18v3.46\pic18-lt\cxx-framework\src\traditional\proc\p18f46k22.asm
              CM1CON0bits   0x000f79       data     extern E:\c18v3.46\pic18-lt\cxx-framework\src\traditional\proc\p18f46k22.asm
               CM1CONbits   0x000f79       data     extern E:\c18v3.46\pic18-lt\cxx-framework\src\traditional\proc\p18f46k22.asm
                   CM2CON   0x000f78       data     extern E:\c18v3.46\pic18-lt\cxx-framework\src\traditional\proc\p18f46k22.asm
                  CM2CON0   0x000f78       data     extern E:\c18v3.46\pic18-lt\cxx-framework\src\traditional\proc\p18f46k22.asm
              CM2CON0bits   0x000f78       data     extern E:\c18v3.46\pic18-lt\cxx-framework\src\traditional\proc\p18f46k22.asm
                  CM2CON1   0x000f77       data     extern E:\c18v3.46\pic18-lt\cxx-framework\src\traditional\proc\p18f46k22.asm
              CM2CON1bits   0x000f77       data     extern E:\c18v3.46\pic18-lt\cxx-framework\src\traditional\proc\p18f46k22.asm
               CM2CONbits   0x000f78       data     extern E:\c18v3.46\pic18-lt\cxx-framework\src\traditional\proc\p18f46k22.asm
                 CTMUCON0   0x000f45       data     extern E:\c18v3.46\pic18-lt\cxx-framework\src\traditional\proc\p18f46k22.asm
             CTMUCON0bits   0x000f45       data     extern E:\c18v3.46\pic18-lt\cxx-framework\src\traditional\proc\p18f46k22.asm
                 CTMUCON1   0x000f44       data     extern E:\c18v3.46\pic18-lt\cxx-framework\src\traditional\proc\p18f46k22.asm
             CTMUCON1bits   0x000f44       data     extern E:\c18v3.46\pic18-lt\cxx-framework\src\traditional\proc\p18f46k22.asm
                 CTMUCONH   0x000f45       data     extern E:\c18v3.46\pic18-lt\cxx-framework\src\traditional\proc\p18f46k22.asm
             CTMUCONHbits   0x000f45       data     extern E:\c18v3.46\pic18-lt\cxx-framework\src\traditional\proc\p18f46k22.asm
                 CTMUCONL   0x000f44       data     extern E:\c18v3.46\pic18-lt\cxx-framework\src\traditional\proc\p18f46k22.asm
             CTMUCONLbits   0x000f44       data     extern E:\c18v3.46\pic18-lt\cxx-framework\src\traditional\proc\p18f46k22.asm
                 CTMUICON   0x000f43       data     extern E:\c18v3.46\pic18-lt\cxx-framework\src\traditional\proc\p18f46k22.asm
                CTMUICONH   0x000f43       data     extern E:\c18v3.46\pic18-lt\cxx-framework\src\traditional\proc\p18f46k22.asm
            CTMUICONHbits   0x000f43       data     extern E:\c18v3.46\pic18-lt\cxx-framework\src\traditional\proc\p18f46k22.asm
             CTMUICONbits   0x000f43       data     extern E:\c18v3.46\pic18-lt\cxx-framework\src\traditional\proc\p18f46k22.asm
                  DACCON0   0x000f41       data     extern E:\c18v3.46\pic18-lt\cxx-framework\src\traditional\proc\p18f46k22.asm
              DACCON0bits   0x000f41       data     extern E:\c18v3.46\pic18-lt\cxx-framework\src\traditional\proc\p18f46k22.asm
                  DACCON1   0x000f40       data     extern E:\c18v3.46\pic18-lt\cxx-framework\src\traditional\proc\p18f46k22.asm
              DACCON1bits   0x000f40       data     extern E:\c18v3.46\pic18-lt\cxx-framework\src\traditional\proc\p18f46k22.asm
                     DDRA   0x000f92       data     extern E:\c18v3.46\pic18-lt\cxx-framework\src\traditional\proc\p18f46k22.asm
                 DDRAbits   0x000f92       data     extern E:\c18v3.46\pic18-lt\cxx-framework\src\traditional\proc\p18f46k22.asm
                     DDRB   0x000f93       data     extern E:\c18v3.46\pic18-lt\cxx-framework\src\traditional\proc\p18f46k22.asm
                 DDRBbits   0x000f93       data     extern E:\c18v3.46\pic18-lt\cxx-framework\src\traditional\proc\p18f46k22.asm
                     DDRC   0x000f94       data     extern E:\c18v3.46\pic18-lt\cxx-framework\src\traditional\proc\p18f46k22.asm
                 DDRCbits   0x000f94       data     extern E:\c18v3.46\pic18-lt\cxx-framework\src\traditional\proc\p18f46k22.asm
                     DDRD   0x000f95       data     extern E:\c18v3.46\pic18-lt\cxx-framework\src\traditional\proc\p18f46k22.asm
                 DDRDbits   0x000f95       data     extern E:\c18v3.46\pic18-lt\cxx-framework\src\traditional\proc\p18f46k22.asm
                     DDRE   0x000f96       data     extern E:\c18v3.46\pic18-lt\cxx-framework\src\traditional\proc\p18f46k22.asm
                 DDREbits   0x000f96       data     extern E:\c18v3.46\pic18-lt\cxx-framework\src\traditional\proc\p18f46k22.asm
            DelayCounter1   0x00001c       data     extern E:\c18v3.46\pic18-lt\cxx-framework\src\traditional\delays\delayd1.asm
                  ECCP1AS   0x000fb6       data     extern E:\c18v3.46\pic18-lt\cxx-framework\src\traditional\proc\p18f46k22.asm
              ECCP1ASbits   0x000fb6       data     extern E:\c18v3.46\pic18-lt\cxx-framework\src\traditional\proc\p18f46k22.asm
                  ECCP2AS   0x000f64       data     extern E:\c18v3.46\pic18-lt\cxx-framework\src\traditional\proc\p18f46k22.asm
              ECCP2ASbits   0x000f64       data     extern E:\c18v3.46\pic18-lt\cxx-framework\src\traditional\proc\p18f46k22.asm
                  ECCP3AS   0x000f5b       data     extern E:\c18v3.46\pic18-lt\cxx-framework\src\traditional\proc\p18f46k22.asm
              ECCP3ASbits   0x000f5b       data     extern E:\c18v3.46\pic18-lt\cxx-framework\src\traditional\proc\p18f46k22.asm
                   ECCPAS   0x000fb6       data     extern E:\c18v3.46\pic18-lt\cxx-framework\src\traditional\proc\p18f46k22.asm
               ECCPASbits   0x000fb6       data     extern E:\c18v3.46\pic18-lt\cxx-framework\src\traditional\proc\p18f46k22.asm
                    EEADR   0x000fa9       data     extern E:\c18v3.46\pic18-lt\cxx-framework\src\traditional\proc\p18f46k22.asm
                   EEADRH   0x000faa       data     extern E:\c18v3.46\pic18-lt\cxx-framework\src\traditional\proc\p18f46k22.asm
               EEADRHbits   0x000faa       data     extern E:\c18v3.46\pic18-lt\cxx-framework\src\traditional\proc\p18f46k22.asm
                EEADRbits   0x000fa9       data     extern E:\c18v3.46\pic18-lt\cxx-framework\src\traditional\proc\p18f46k22.asm
                   EECON1   0x000fa6       data     extern E:\c18v3.46\pic18-lt\cxx-framework\src\traditional\proc\p18f46k22.asm
               EECON1bits   0x000fa6       data     extern E:\c18v3.46\pic18-lt\cxx-framework\src\traditional\proc\p18f46k22.asm
                   EECON2   0x000fa7       data     extern E:\c18v3.46\pic18-lt\cxx-framework\src\traditional\proc\p18f46k22.asm
                   EEDATA   0x000fa8       data     extern E:\c18v3.46\pic18-lt\cxx-framework\src\traditional\proc\p18f46k22.asm
                     FSR0   0x000fe9       data     extern E:\c18v3.46\pic18-lt\cxx-framework\src\traditional\proc\p18f46k22.asm
                    FSR0H   0x000fea       data     extern E:\c18v3.46\pic18-lt\cxx-framework\src\traditional\proc\p18f46k22.asm
                    FSR0L   0x000fe9       data     extern E:\c18v3.46\pic18-lt\cxx-framework\src\traditional\proc\p18f46k22.asm
                     FSR1   0x000fe1       data     extern E:\c18v3.46\pic18-lt\cxx-framework\src\traditional\proc\p18f46k22.asm
                    FSR1H   0x000fe2       data     extern E:\c18v3.46\pic18-lt\cxx-framework\src\traditional\proc\p18f46k22.asm
                    FSR1L   0x000fe1       data     extern E:\c18v3.46\pic18-lt\cxx-framework\src\traditional\proc\p18f46k22.asm
                     FSR2   0x000fd9       data     extern E:\c18v3.46\pic18-lt\cxx-framework\src\traditional\proc\p18f46k22.asm
                    FSR2H   0x000fda       data     extern E:\c18v3.46\pic18-lt\cxx-framework\src\traditional\proc\p18f46k22.asm
                    FSR2L   0x000fd9       data     extern E:\c18v3.46\pic18-lt\cxx-framework\src\traditional\proc\p18f46k22.asm
                   FVRCON   0x000f42       data     extern E:\c18v3.46\pic18-lt\cxx-framework\src\traditional\proc\p18f46k22.asm
               FVRCONbits   0x000f42       data     extern E:\c18v3.46\pic18-lt\cxx-framework\src\traditional\proc\p18f46k22.asm
                  HLVDCON   0x000f9c       data     extern E:\c18v3.46\pic18-lt\cxx-framework\src\traditional\proc\p18f46k22.asm
              HLVDCONbits   0x000f9c       data     extern E:\c18v3.46\pic18-lt\cxx-framework\src\traditional\proc\p18f46k22.asm
                    INDF0   0x000fef       data     extern E:\c18v3.46\pic18-lt\cxx-framework\src\traditional\proc\p18f46k22.asm
                    INDF1   0x000fe7       data     extern E:\c18v3.46\pic18-lt\cxx-framework\src\traditional\proc\p18f46k22.asm
                    INDF2   0x000fdf       data     extern E:\c18v3.46\pic18-lt\cxx-framework\src\traditional\proc\p18f46k22.asm
                   INTCON   0x000ff2       data     extern E:\c18v3.46\pic18-lt\cxx-framework\src\traditional\proc\p18f46k22.asm
                  INTCON2   0x000ff1       data     extern E:\c18v3.46\pic18-lt\cxx-framework\src\traditional\proc\p18f46k22.asm
              INTCON2bits   0x000ff1       data     extern E:\c18v3.46\pic18-lt\cxx-framework\src\traditional\proc\p18f46k22.asm
                  INTCON3   0x000ff0       data     extern E:\c18v3.46\pic18-lt\cxx-framework\src\traditional\proc\p18f46k22.asm
              INTCON3bits   0x000ff0       data     extern E:\c18v3.46\pic18-lt\cxx-framework\src\traditional\proc\p18f46k22.asm
               INTCONbits   0x000ff2       data     extern E:\c18v3.46\pic18-lt\cxx-framework\src\traditional\proc\p18f46k22.asm
                     IOCB   0x000f62       data     extern E:\c18v3.46\pic18-lt\cxx-framework\src\traditional\proc\p18f46k22.asm
                 IOCBbits   0x000f62       data     extern E:\c18v3.46\pic18-lt\cxx-framework\src\traditional\proc\p18f46k22.asm
                     IPR1   0x000f9f       data     extern E:\c18v3.46\pic18-lt\cxx-framework\src\traditional\proc\p18f46k22.asm
                 IPR1bits   0x000f9f       data     extern E:\c18v3.46\pic18-lt\cxx-framework\src\traditional\proc\p18f46k22.asm
                     IPR2   0x000fa2       data     extern E:\c18v3.46\pic18-lt\cxx-framework\src\traditional\proc\p18f46k22.asm
                 IPR2bits   0x000fa2       data     extern E:\c18v3.46\pic18-lt\cxx-framework\src\traditional\proc\p18f46k22.asm
                     IPR3   0x000fa5       data     extern E:\c18v3.46\pic18-lt\cxx-framework\src\traditional\proc\p18f46k22.asm
                 IPR3bits   0x000fa5       data     extern E:\c18v3.46\pic18-lt\cxx-framework\src\traditional\proc\p18f46k22.asm
                     IPR4   0x000f7c       data     extern E:\c18v3.46\pic18-lt\cxx-framework\src\traditional\proc\p18f46k22.asm
                 IPR4bits   0x000f7c       data     extern E:\c18v3.46\pic18-lt\cxx-framework\src\traditional\proc\p18f46k22.asm
                     IPR5   0x000f7f       data     extern E:\c18v3.46\pic18-lt\cxx-framework\src\traditional\proc\p18f46k22.asm
                 IPR5bits   0x000f7f       data     extern E:\c18v3.46\pic18-lt\cxx-framework\src\traditional\proc\p18f46k22.asm
                     LATA   0x000f89       data     extern E:\c18v3.46\pic18-lt\cxx-framework\src\traditional\proc\p18f46k22.asm
                 LATAbits   0x000f89       data     extern E:\c18v3.46\pic18-lt\cxx-framework\src\traditional\proc\p18f46k22.asm
                     LATB   0x000f8a       data     extern E:\c18v3.46\pic18-lt\cxx-framework\src\traditional\proc\p18f46k22.asm
                 LATBbits   0x000f8a       data     extern E:\c18v3.46\pic18-lt\cxx-framework\src\traditional\proc\p18f46k22.asm
                     LATC   0x000f8b       data     extern E:\c18v3.46\pic18-lt\cxx-framework\src\traditional\proc\p18f46k22.asm
                 LATCbits   0x000f8b       data     extern E:\c18v3.46\pic18-lt\cxx-framework\src\traditional\proc\p18f46k22.asm
                     LATD   0x000f8c       data     extern E:\c18v3.46\pic18-lt\cxx-framework\src\traditional\proc\p18f46k22.asm
                 LATDbits   0x000f8c       data     extern E:\c18v3.46\pic18-lt\cxx-framework\src\traditional\proc\p18f46k22.asm
                     LATE   0x000f8d       data     extern E:\c18v3.46\pic18-lt\cxx-framework\src\traditional\proc\p18f46k22.asm
                 LATEbits   0x000f8d       data     extern E:\c18v3.46\pic18-lt\cxx-framework\src\traditional\proc\p18f46k22.asm
                   LVDCON   0x000f9c       data     extern E:\c18v3.46\pic18-lt\cxx-framework\src\traditional\proc\p18f46k22.asm
               LVDCONbits   0x000f9c       data     extern E:\c18v3.46\pic18-lt\cxx-framework\src\traditional\proc\p18f46k22.asm
                   OSCCON   0x000fd3       data     extern E:\c18v3.46\pic18-lt\cxx-framework\src\traditional\proc\p18f46k22.asm
                  OSCCON2   0x000fd2       data     extern E:\c18v3.46\pic18-lt\cxx-framework\src\traditional\proc\p18f46k22.asm
              OSCCON2bits   0x000fd2       data     extern E:\c18v3.46\pic18-lt\cxx-framework\src\traditional\proc\p18f46k22.asm
               OSCCONbits   0x000fd3       data     extern E:\c18v3.46\pic18-lt\cxx-framework\src\traditional\proc\p18f46k22.asm
                  OSCTUNE   0x000f9b       data     extern E:\c18v3.46\pic18-lt\cxx-framework\src\traditional\proc\p18f46k22.asm
              OSCTUNEbits   0x000f9b       data     extern E:\c18v3.46\pic18-lt\cxx-framework\src\traditional\proc\p18f46k22.asm
                       PC   0x000ff9       data     extern E:\c18v3.46\pic18-lt\cxx-framework\src\traditional\proc\p18f46k22.asm
                      PCL   0x000ff9       data     extern E:\c18v3.46\pic18-lt\cxx-framework\src\traditional\proc\p18f46k22.asm
                   PCLATH   0x000ffa       data     extern E:\c18v3.46\pic18-lt\cxx-framework\src\traditional\proc\p18f46k22.asm
                   PCLATU   0x000ffb       data     extern E:\c18v3.46\pic18-lt\cxx-framework\src\traditional\proc\p18f46k22.asm
                     PIE1   0x000f9d       data     extern E:\c18v3.46\pic18-lt\cxx-framework\src\traditional\proc\p18f46k22.asm
                 PIE1bits   0x000f9d       data     extern E:\c18v3.46\pic18-lt\cxx-framework\src\traditional\proc\p18f46k22.asm
                     PIE2   0x000fa0       data     extern E:\c18v3.46\pic18-lt\cxx-framework\src\traditional\proc\p18f46k22.asm
                 PIE2bits   0x000fa0       data     extern E:\c18v3.46\pic18-lt\cxx-framework\src\traditional\proc\p18f46k22.asm
                     PIE3   0x000fa3       data     extern E:\c18v3.46\pic18-lt\cxx-framework\src\traditional\proc\p18f46k22.asm
                 PIE3bits   0x000fa3       data     extern E:\c18v3.46\pic18-lt\cxx-framework\src\traditional\proc\p18f46k22.asm
                     PIE4   0x000f7a       data     extern E:\c18v3.46\pic18-lt\cxx-framework\src\traditional\proc\p18f46k22.asm
                 PIE4bits   0x000f7a       data     extern E:\c18v3.46\pic18-lt\cxx-framework\src\traditional\proc\p18f46k22.asm
                     PIE5   0x000f7d       data     extern E:\c18v3.46\pic18-lt\cxx-framework\src\traditional\proc\p18f46k22.asm
                 PIE5bits   0x000f7d       data     extern E:\c18v3.46\pic18-lt\cxx-framework\src\traditional\proc\p18f46k22.asm
                     PIR1   0x000f9e       data     extern E:\c18v3.46\pic18-lt\cxx-framework\src\traditional\proc\p18f46k22.asm
                 PIR1bits   0x000f9e       data     extern E:\c18v3.46\pic18-lt\cxx-framework\src\traditional\proc\p18f46k22.asm
                     PIR2   0x000fa1       data     extern E:\c18v3.46\pic18-lt\cxx-framework\src\traditional\proc\p18f46k22.asm
                 PIR2bits   0x000fa1       data     extern E:\c18v3.46\pic18-lt\cxx-framework\src\traditional\proc\p18f46k22.asm
                     PIR3   0x000fa4       data     extern E:\c18v3.46\pic18-lt\cxx-framework\src\traditional\proc\p18f46k22.asm
                 PIR3bits   0x000fa4       data     extern E:\c18v3.46\pic18-lt\cxx-framework\src\traditional\proc\p18f46k22.asm
                     PIR4   0x000f7b       data     extern E:\c18v3.46\pic18-lt\cxx-framework\src\traditional\proc\p18f46k22.asm
                 PIR4bits   0x000f7b       data     extern E:\c18v3.46\pic18-lt\cxx-framework\src\traditional\proc\p18f46k22.asm
                     PIR5   0x000f7e       data     extern E:\c18v3.46\pic18-lt\cxx-framework\src\traditional\proc\p18f46k22.asm
                 PIR5bits   0x000f7e       data     extern E:\c18v3.46\pic18-lt\cxx-framework\src\traditional\proc\p18f46k22.asm
                   PLUSW0   0x000feb       data     extern E:\c18v3.46\pic18-lt\cxx-framework\src\traditional\proc\p18f46k22.asm
                   PLUSW1   0x000fe3       data     extern E:\c18v3.46\pic18-lt\cxx-framework\src\traditional\proc\p18f46k22.asm
                   PLUSW2   0x000fdb       data     extern E:\c18v3.46\pic18-lt\cxx-framework\src\traditional\proc\p18f46k22.asm
                     PMD0   0x000f3f       data     extern E:\c18v3.46\pic18-lt\cxx-framework\src\traditional\proc\p18f46k22.asm
                 PMD0bits   0x000f3f       data     extern E:\c18v3.46\pic18-lt\cxx-framework\src\traditional\proc\p18f46k22.asm
                     PMD1   0x000f3e       data     extern E:\c18v3.46\pic18-lt\cxx-framework\src\traditional\proc\p18f46k22.asm
                 PMD1bits   0x000f3e       data     extern E:\c18v3.46\pic18-lt\cxx-framework\src\traditional\proc\p18f46k22.asm
                     PMD2   0x000f3d       data     extern E:\c18v3.46\pic18-lt\cxx-framework\src\traditional\proc\p18f46k22.asm
                 PMD2bits   0x000f3d       data     extern E:\c18v3.46\pic18-lt\cxx-framework\src\traditional\proc\p18f46k22.asm
                    PORTA   0x000f80       data     extern E:\c18v3.46\pic18-lt\cxx-framework\src\traditional\proc\p18f46k22.asm
                PORTAbits   0x000f80       data     extern E:\c18v3.46\pic18-lt\cxx-framework\src\traditional\proc\p18f46k22.asm
                    PORTB   0x000f81       data     extern E:\c18v3.46\pic18-lt\cxx-framework\src\traditional\proc\p18f46k22.asm
                PORTBbits   0x000f81       data     extern E:\c18v3.46\pic18-lt\cxx-framework\src\traditional\proc\p18f46k22.asm
                    PORTC   0x000f82       data     extern E:\c18v3.46\pic18-lt\cxx-framework\src\traditional\proc\p18f46k22.asm
                PORTCbits   0x000f82       data     extern E:\c18v3.46\pic18-lt\cxx-framework\src\traditional\proc\p18f46k22.asm
                    PORTD   0x000f83       data     extern E:\c18v3.46\pic18-lt\cxx-framework\src\traditional\proc\p18f46k22.asm
                PORTDbits   0x000f83       data     extern E:\c18v3.46\pic18-lt\cxx-framework\src\traditional\proc\p18f46k22.asm
                    PORTE   0x000f84       data     extern E:\c18v3.46\pic18-lt\cxx-framework\src\traditional\proc\p18f46k22.asm
                PORTEbits   0x000f84       data     extern E:\c18v3.46\pic18-lt\cxx-framework\src\traditional\proc\p18f46k22.asm
                 POSTDEC0   0x000fed       data     extern E:\c18v3.46\pic18-lt\cxx-framework\src\traditional\proc\p18f46k22.asm
                 POSTDEC1   0x000fe5       data     extern E:\c18v3.46\pic18-lt\cxx-framework\src\traditional\proc\p18f46k22.asm
                 POSTDEC2   0x000fdd       data     extern E:\c18v3.46\pic18-lt\cxx-framework\src\traditional\proc\p18f46k22.asm
                 POSTINC0   0x000fee       data     extern E:\c18v3.46\pic18-lt\cxx-framework\src\traditional\proc\p18f46k22.asm
                 POSTINC1   0x000fe6       data     extern E:\c18v3.46\pic18-lt\cxx-framework\src\traditional\proc\p18f46k22.asm
                 POSTINC2   0x000fde       data     extern E:\c18v3.46\pic18-lt\cxx-framework\src\traditional\proc\p18f46k22.asm
                      PR2   0x000fbb       data     extern E:\c18v3.46\pic18-lt\cxx-framework\src\traditional\proc\p18f46k22.asm
                      PR4   0x000f52       data     extern E:\c18v3.46\pic18-lt\cxx-framework\src\traditional\proc\p18f46k22.asm
                      PR6   0x000f4b       data     extern E:\c18v3.46\pic18-lt\cxx-framework\src\traditional\proc\p18f46k22.asm
                  PREINC0   0x000fec       data     extern E:\c18v3.46\pic18-lt\cxx-framework\src\traditional\proc\p18f46k22.asm
                  PREINC1   0x000fe4       data     extern E:\c18v3.46\pic18-lt\cxx-framework\src\traditional\proc\p18f46k22.asm
                  PREINC2   0x000fdc       data     extern E:\c18v3.46\pic18-lt\cxx-framework\src\traditional\proc\p18f46k22.asm
                     PROD   0x000ff3       data     extern E:\c18v3.46\pic18-lt\cxx-framework\src\traditional\proc\p18f46k22.asm
                    PRODH   0x000ff4       data     extern E:\c18v3.46\pic18-lt\cxx-framework\src\traditional\proc\p18f46k22.asm
                    PRODL   0x000ff3       data     extern E:\c18v3.46\pic18-lt\cxx-framework\src\traditional\proc\p18f46k22.asm
                 PSTR1CON   0x000fb9       data     extern E:\c18v3.46\pic18-lt\cxx-framework\src\traditional\proc\p18f46k22.asm
             PSTR1CONbits   0x000fb9       data     extern E:\c18v3.46\pic18-lt\cxx-framework\src\traditional\proc\p18f46k22.asm
                 PSTR2CON   0x000f63       data     extern E:\c18v3.46\pic18-lt\cxx-framework\src\traditional\proc\p18f46k22.asm
             PSTR2CONbits   0x000f63       data     extern E:\c18v3.46\pic18-lt\cxx-framework\src\traditional\proc\p18f46k22.asm
                 PSTR3CON   0x000f5a       data     extern E:\c18v3.46\pic18-lt\cxx-framework\src\traditional\proc\p18f46k22.asm
             PSTR3CONbits   0x000f5a       data     extern E:\c18v3.46\pic18-lt\cxx-framework\src\traditional\proc\p18f46k22.asm
                  PSTRCON   0x000fb9       data     extern E:\c18v3.46\pic18-lt\cxx-framework\src\traditional\proc\p18f46k22.asm
              PSTRCONbits   0x000fb9       data     extern E:\c18v3.46\pic18-lt\cxx-framework\src\traditional\proc\p18f46k22.asm
                  PWM1CON   0x000fb7       data     extern E:\c18v3.46\pic18-lt\cxx-framework\src\traditional\proc\p18f46k22.asm
              PWM1CONbits   0x000fb7       data     extern E:\c18v3.46\pic18-lt\cxx-framework\src\traditional\proc\p18f46k22.asm
                  PWM2CON   0x000f65       data     extern E:\c18v3.46\pic18-lt\cxx-framework\src\traditional\proc\p18f46k22.asm
              PWM2CONbits   0x000f65       data     extern E:\c18v3.46\pic18-lt\cxx-framework\src\traditional\proc\p18f46k22.asm
                  PWM3CON   0x000f5c       data     extern E:\c18v3.46\pic18-lt\cxx-framework\src\traditional\proc\p18f46k22.asm
              PWM3CONbits   0x000f5c       data     extern E:\c18v3.46\pic18-lt\cxx-framework\src\traditional\proc\p18f46k22.asm
                   PWMCON   0x000fb7       data     extern E:\c18v3.46\pic18-lt\cxx-framework\src\traditional\proc\p18f46k22.asm
               PWMCONbits   0x000fb7       data     extern E:\c18v3.46\pic18-lt\cxx-framework\src\traditional\proc\p18f46k22.asm
                   RC1REG   0x000fae       data     extern E:\c18v3.46\pic18-lt\cxx-framework\src\traditional\proc\p18f46k22.asm
               RC1REGbits   0x000fae       data     extern E:\c18v3.46\pic18-lt\cxx-framework\src\traditional\proc\p18f46k22.asm
                   RC1STA   0x000fab       data     extern E:\c18v3.46\pic18-lt\cxx-framework\src\traditional\proc\p18f46k22.asm
               RC1STAbits   0x000fab       data     extern E:\c18v3.46\pic18-lt\cxx-framework\src\traditional\proc\p18f46k22.asm
                   RC2REG   0x000f74       data     extern E:\c18v3.46\pic18-lt\cxx-framework\src\traditional\proc\p18f46k22.asm
                   RC2STA   0x000f71       data     extern E:\c18v3.46\pic18-lt\cxx-framework\src\traditional\proc\p18f46k22.asm
[...]
               SPBRG1bits   0x000faf       data     extern E:\c18v3.46\pic18-lt\cxx-framework\src\traditional\proc\p18f46k22.asm
                   SPBRG1   0x000faf       data     extern E:\c18v3.46\pic18-lt\cxx-framework\src\traditional\proc\p18f46k22.asm
                    SPBRG   0x000faf       data     extern E:\c18v3.46\pic18-lt\cxx-framework\src\traditional\proc\p18f46k22.asm
                   SP1BRG   0x000faf       data     extern E:\c18v3.46\pic18-lt\cxx-framework\src\traditional\proc\p18f46k22.asm
               SP1BRGbits   0x000faf       data     extern E:\c18v3.46\pic18-lt\cxx-framework\src\traditional\proc\p18f46k22.asm
                  SP1BRGH   0x000fb0       data     extern E:\c18v3.46\pic18-lt\cxx-framework\src\traditional\proc\p18f46k22.asm
                   SPBRGH   0x000fb0       data     extern E:\c18v3.46\pic18-lt\cxx-framework\src\traditional\proc\p18f46k22.asm
                  SPBRGH1   0x000fb0       data     extern E:\c18v3.46\pic18-lt\cxx-framework\src\traditional\proc\p18f46k22.asm
              SPBRGH1bits   0x000fb0       data     extern E:\c18v3.46\pic18-lt\cxx-framework\src\traditional\proc\p18f46k22.asm
               SPBRGHbits   0x000fb0       data     extern E:\c18v3.46\pic18-lt\cxx-framework\src\traditional\proc\p18f46k22.asm
              SP1BRGHbits   0x000fb0       data     extern E:\c18v3.46\pic18-lt\cxx-framework\src\traditional\proc\p18f46k22.asm
                    T3CON   0x000fb1       data     extern E:\c18v3.46\pic18-lt\cxx-framework\src\traditional\proc\p18f46k22.asm
                T3CONbits   0x000fb1       data     extern E:\c18v3.46\pic18-lt\cxx-framework\src\traditional\proc\p18f46k22.asm
                    TMR3L   0x000fb2       data     extern E:\c18v3.46\pic18-lt\cxx-framework\src\traditional\proc\p18f46k22.asm
                    TMR3H   0x000fb3       data     extern E:\c18v3.46\pic18-lt\cxx-framework\src\traditional\proc\p18f46k22.asm
                   T3GCON   0x000fb4       data     extern E:\c18v3.46\pic18-lt\cxx-framework\src\traditional\proc\p18f46k22.asm
               T3GCONbits   0x000fb4       data     extern E:\c18v3.46\pic18-lt\cxx-framework\src\traditional\proc\p18f46k22.asm
                  ECCP1AS   0x000fb6       data     extern E:\c18v3.46\pic18-lt\cxx-framework\src\traditional\proc\p18f46k22.asm
              ECCP1ASbits   0x000fb6       data     extern E:\c18v3.46\pic18-lt\cxx-framework\src\traditional\proc\p18f46k22.asm
                   ECCPAS   0x000fb6       data     extern E:\c18v3.46\pic18-lt\cxx-framework\src\traditional\proc\p18f46k22.asm
               ECCPASbits   0x000fb6       data     extern E:\c18v3.46\pic18-lt\cxx-framework\src\traditional\proc\p18f46k22.asm
                  PWM1CON   0x000fb7       data     extern E:\c18v3.46\pic18-lt\cxx-framework\src\traditional\proc\p18f46k22.asm
              PWM1CONbits   0x000fb7       data     extern E:\c18v3.46\pic18-lt\cxx-framework\src\traditional\proc\p18f46k22.asm
                   PWMCON   0x000fb7       data     extern E:\c18v3.46\pic18-lt\cxx-framework\src\traditional\proc\p18f46k22.asm
               PWMCONbits   0x000fb7       data     extern E:\c18v3.46\pic18-lt\cxx-framework\src\traditional\proc\p18f46k22.asm
             BAUDCON1bits   0x000fb8       data     extern E:\c18v3.46\pic18-lt\cxx-framework\src\traditional\proc\p18f46k22.asm
                 BAUDCON1   0x000fb8       data     extern E:\c18v3.46\pic18-lt\cxx-framework\src\traditional\proc\p18f46k22.asm
                  BAUDCON   0x000fb8       data     extern E:\c18v3.46\pic18-lt\cxx-framework\src\traditional\proc\p18f46k22.asm
              BAUDCONbits   0x000fb8       data     extern E:\c18v3.46\pic18-lt\cxx-framework\src\traditional\proc\p18f46k22.asm
                  BAUDCTL   0x000fb8       data     extern E:\c18v3.46\pic18-lt\cxx-framework\src\traditional\proc\p18f46k22.asm
              BAUDCTLbits   0x000fb8       data     extern E:\c18v3.46\pic18-lt\cxx-framework\src\traditional\proc\p18f46k22.asm
             BAUD1CONbits   0x000fb8       data     extern E:\c18v3.46\pic18-lt\cxx-framework\src\traditional\proc\p18f46k22.asm
                 BAUD1CON   0x000fb8       data     extern E:\c18v3.46\pic18-lt\cxx-framework\src\traditional\proc\p18f46k22.asm
              PSTRCONbits   0x000fb9       data     extern E:\c18v3.46\pic18-lt\cxx-framework\src\traditional\proc\p18f46k22.asm
                  PSTRCON   0x000fb9       data     extern E:\c18v3.46\pic18-lt\cxx-framework\src\traditional\proc\p18f46k22.asm
             PSTR1CONbits   0x000fb9       data     extern E:\c18v3.46\pic18-lt\cxx-framework\src\traditional\proc\p18f46k22.asm
                 PSTR1CON   0x000fb9       data     extern E:\c18v3.46\pic18-lt\cxx-framework\src\traditional\proc\p18f46k22.asm
                T2CONbits   0x000fba       data     extern E:\c18v3.46\pic18-lt\cxx-framework\src\traditional\proc\p18f46k22.asm
                    T2CON   0x000fba       data     extern E:\c18v3.46\pic18-lt\cxx-framework\src\traditional\proc\p18f46k22.asm
                      PR2   0x000fbb       data     extern E:\c18v3.46\pic18-lt\cxx-framework\src\traditional\proc\p18f46k22.asm
                     TMR2   0x000fbc       data     extern E:\c18v3.46\pic18-lt\cxx-framework\src\traditional\proc\p18f46k22.asm
              CCP1CONbits   0x000fbd       data     extern E:\c18v3.46\pic18-lt\cxx-framework\src\traditional\proc\p18f46k22.asm
                  CCP1CON   0x000fbd       data     extern E:\c18v3.46\pic18-lt\cxx-framework\src\traditional\proc\p18f46k22.asm
                    CCPR1   0x000fbe       data     extern E:\c18v3.46\pic18-lt\cxx-framework\src\traditional\proc\p18f46k22.asm
                   CCPR1L   0x000fbe       data     extern E:\c18v3.46\pic18-lt\cxx-framework\src\traditional\proc\p18f46k22.asm
                   CCPR1H   0x000fbf       data     extern E:\c18v3.46\pic18-lt\cxx-framework\src\traditional\proc\p18f46k22.asm
                   ADCON2   0x000fc0       data     extern E:\c18v3.46\pic18-lt\cxx-framework\src\traditional\proc\p18f46k22.asm
               ADCON2bits   0x000fc0       data     extern E:\c18v3.46\pic18-lt\cxx-framework\src\traditional\proc\p18f46k22.asm
               ADCON1bits   0x000fc1       data     extern E:\c18v3.46\pic18-lt\cxx-framework\src\traditional\proc\p18f46k22.asm
                   ADCON1   0x000fc1       data     extern E:\c18v3.46\pic18-lt\cxx-framework\src\traditional\proc\p18f46k22.asm
               ADCON0bits   0x000fc2       data     extern E:\c18v3.46\pic18-lt\cxx-framework\src\traditional\proc\p18f46k22.asm
                   ADCON0   0x000fc2       data     extern E:\c18v3.46\pic18-lt\cxx-framework\src\traditional\proc\p18f46k22.asm
                   ADRESL   0x000fc3       data     extern E:\c18v3.46\pic18-lt\cxx-framework\src\traditional\proc\p18f46k22.asm
                    ADRES   0x000fc3       data     extern E:\c18v3.46\pic18-lt\cxx-framework\src\traditional\proc\p18f46k22.asm
                   ADRESH   0x000fc4       data     extern E:\c18v3.46\pic18-lt\cxx-framework\src\traditional\proc\p18f46k22.asm
                 SSP1CON2   0x000fc5       data     extern E:\c18v3.46\pic18-lt\cxx-framework\src\traditional\proc\p18f46k22.asm
             SSP1CON2bits   0x000fc5       data     extern E:\c18v3.46\pic18-lt\cxx-framework\src\traditional\proc\p18f46k22.asm
                  SSPCON2   0x000fc5       data     extern E:\c18v3.46\pic18-lt\cxx-framework\src\traditional\proc\p18f46k22.asm
              SSPCON2bits   0x000fc5       data     extern E:\c18v3.46\pic18-lt\cxx-framework\src\traditional\proc\p18f46k22.asm
                 SSP1CON1   0x000fc6       data     extern E:\c18v3.46\pic18-lt\cxx-framework\src\traditional\proc\p18f46k22.asm
             SSP1CON1bits   0x000fc6       data     extern E:\c18v3.46\pic18-lt\cxx-framework\src\traditional\proc\p18f46k22.asm
                  SSPCON1   0x000fc6       data     extern E:\c18v3.46\pic18-lt\cxx-framework\src\traditional\proc\p18f46k22.asm
              SSPCON1bits   0x000fc6       data     extern E:\c18v3.46\pic18-lt\cxx-framework\src\traditional\proc\p18f46k22.asm
                 SSP1STAT   0x000fc7       data     extern E:\c18v3.46\pic18-lt\cxx-framework\src\traditional\proc\p18f46k22.asm
             SSP1STATbits   0x000fc7       data     extern E:\c18v3.46\pic18-lt\cxx-framework\src\traditional\proc\p18f46k22.asm
                  SSPSTAT   0x000fc7       data     extern E:\c18v3.46\pic18-lt\cxx-framework\src\traditional\proc\p18f46k22.asm
              SSPSTATbits   0x000fc7       data     extern E:\c18v3.46\pic18-lt\cxx-framework\src\traditional\proc\p18f46k22.asm
                  SSP1ADD   0x000fc8       data     extern E:\c18v3.46\pic18-lt\cxx-framework\src\traditional\proc\p18f46k22.asm
              SSP1ADDbits   0x000fc8       data     extern E:\c18v3.46\pic18-lt\cxx-framework\src\traditional\proc\p18f46k22.asm
               SSPADDbits   0x000fc8       data     extern E:\c18v3.46\pic18-lt\cxx-framework\src\traditional\proc\p18f46k22.asm
                   SSPADD   0x000fc8       data     extern E:\c18v3.46\pic18-lt\cxx-framework\src\traditional\proc\p18f46k22.asm
               SSPBUFbits   0x000fc9       data     extern E:\c18v3.46\pic18-lt\cxx-framework\src\traditional\proc\p18f46k22.asm
                  SSP1BUF   0x000fc9       data     extern E:\c18v3.46\pic18-lt\cxx-framework\src\traditional\proc\p18f46k22.asm
              SSP1BUFbits   0x000fc9       data     extern E:\c18v3.46\pic18-lt\cxx-framework\src\traditional\proc\p18f46k22.asm
                   SSPBUF   0x000fc9       data     extern E:\c18v3.46\pic18-lt\cxx-framework\src\traditional\proc\p18f46k22.asm
               SSPMSKbits   0x000fca       data     extern E:\c18v3.46\pic18-lt\cxx-framework\src\traditional\proc\p18f46k22.asm
                   SSPMSK   0x000fca       data     extern E:\c18v3.46\pic18-lt\cxx-framework\src\traditional\proc\p18f46k22.asm
              SSP1MSKbits   0x000fca       data     extern E:\c18v3.46\pic18-lt\cxx-framework\src\traditional\proc\p18f46k22.asm
                  SSP1MSK   0x000fca       data     extern E:\c18v3.46\pic18-lt\cxx-framework\src\traditional\proc\p18f46k22.asm
             SSP1CON3bits   0x000fcb       data     extern E:\c18v3.46\pic18-lt\cxx-framework\src\traditional\proc\p18f46k22.asm
                 SSP1CON3   0x000fcb       data     extern E:\c18v3.46\pic18-lt\cxx-framework\src\traditional\proc\p18f46k22.asm
              SSPCON3bits   0x000fcb       data     extern E:\c18v3.46\pic18-lt\cxx-framework\src\traditional\proc\p18f46k22.asm
                  SSPCON3   0x000fcb       data     extern E:\c18v3.46\pic18-lt\cxx-framework\src\traditional\proc\p18f46k22.asm
                   T1GCON   0x000fcc       data     extern E:\c18v3.46\pic18-lt\cxx-framework\src\traditional\proc\p18f46k22.asm
               T1GCONbits   0x000fcc       data     extern E:\c18v3.46\pic18-lt\cxx-framework\src\traditional\proc\p18f46k22.asm
                T1CONbits   0x000fcd       data     extern E:\c18v3.46\pic18-lt\cxx-framework\src\traditional\proc\p18f46k22.asm
                    T1CON   0x000fcd       data     extern E:\c18v3.46\pic18-lt\cxx-framework\src\traditional\proc\p18f46k22.asm
                    TMR1L   0x000fce       data     extern E:\c18v3.46\pic18-lt\cxx-framework\src\traditional\proc\p18f46k22.asm
                    TMR1H   0x000fcf       data     extern E:\c18v3.46\pic18-lt\cxx-framework\src\traditional\proc\p18f46k22.asm
                 RCONbits   0x000fd0       data     extern E:\c18v3.46\pic18-lt\cxx-framework\src\traditional\proc\p18f46k22.asm
                     RCON   0x000fd0       data     extern E:\c18v3.46\pic18-lt\cxx-framework\src\traditional\proc\p18f46k22.asm
                   WDTCON   0x000fd1       data     extern E:\c18v3.46\pic18-lt\cxx-framework\src\traditional\proc\p18f46k22.asm
               WDTCONbits   0x000fd1       data     extern E:\c18v3.46\pic18-lt\cxx-framework\src\traditional\proc\p18f46k22.asm
                  OSCCON2   0x000fd2       data     extern E:\c18v3.46\pic18-lt\cxx-framework\src\traditional\proc\p18f46k22.asm
              OSCCON2bits   0x000fd2       data     extern E:\c18v3.46\pic18-lt\cxx-framework\src\traditional\proc\p18f46k22.asm
               OSCCONbits   0x000fd3       data     extern E:\c18v3.46\pic18-lt\cxx-framework\src\traditional\proc\p18f46k22.asm
                   OSCCON   0x000fd3       data     extern E:\c18v3.46\pic18-lt\cxx-framework\src\traditional\proc\p18f46k22.asm
                T0CONbits   0x000fd5       data     extern E:\c18v3.46\pic18-lt\cxx-framework\src\traditional\proc\p18f46k22.asm
                    T0CON   0x000fd5       data     extern E:\c18v3.46\pic18-lt\cxx-framework\src\traditional\proc\p18f46k22.asm
                    TMR0L   0x000fd6       data     extern E:\c18v3.46\pic18-lt\cxx-framework\src\traditional\proc\p18f46k22.asm
                    TMR0H   0x000fd7       data     extern E:\c18v3.46\pic18-lt\cxx-framework\src\traditional\proc\p18f46k22.asm
                   STATUS   0x000fd8       data     extern E:\c18v3.46\pic18-lt\cxx-framework\src\traditional\proc\p18f46k22.asm
               STATUSbits   0x000fd8       data     extern E:\c18v3.46\pic18-lt\cxx-framework\src\traditional\proc\p18f46k22.asm
                    FSR2L   0x000fd9       data     extern E:\c18v3.46\pic18-lt\cxx-framework\src\traditional\proc\p18f46k22.asm
                     FSR2   0x000fd9       data     extern E:\c18v3.46\pic18-lt\cxx-framework\src\traditional\proc\p18f46k22.asm
                    FSR2H   0x000fda       data     extern E:\c18v3.46\pic18-lt\cxx-framework\src\traditional\proc\p18f46k22.asm
                   PLUSW2   0x000fdb       data     extern E:\c18v3.46\pic18-lt\cxx-framework\src\traditional\proc\p18f46k22.asm
                  PREINC2   0x000fdc       data     extern E:\c18v3.46\pic18-lt\cxx-framework\src\traditional\proc\p18f46k22.asm
                 POSTDEC2   0x000fdd       data     extern E:\c18v3.46\pic18-lt\cxx-framework\src\traditional\proc\p18f46k22.asm
                 POSTINC2   0x000fde       data     extern E:\c18v3.46\pic18-lt\cxx-framework\src\traditional\proc\p18f46k22.asm
                    INDF2   0x000fdf       data     extern E:\c18v3.46\pic18-lt\cxx-framework\src\traditional\proc\p18f46k22.asm
                      BSR   0x000fe0       data     extern E:\c18v3.46\pic18-lt\cxx-framework\src\traditional\proc\p18f46k22.asm
                     FSR1   0x000fe1       data     extern E:\c18v3.46\pic18-lt\cxx-framework\src\traditional\proc\p18f46k22.asm
                    FSR1L   0x000fe1       data     extern E:\c18v3.46\pic18-lt\cxx-framework\src\traditional\proc\p18f46k22.asm
                    FSR1H   0x000fe2       data     extern E:\c18v3.46\pic18-lt\cxx-framework\src\traditional\proc\p18f46k22.asm
                   PLUSW1   0x000fe3       data     extern E:\c18v3.46\pic18-lt\cxx-framework\src\traditional\proc\p18f46k22.asm
                  PREINC1   0x000fe4       data     extern E:\c18v3.46\pic18-lt\cxx-framework\src\traditional\proc\p18f46k22.asm
                 POSTDEC1   0x000fe5       data     extern E:\c18v3.46\pic18-lt\cxx-framework\src\traditional\proc\p18f46k22.asm
                 POSTINC1   0x000fe6       data     extern E:\c18v3.46\pic18-lt\cxx-framework\src\traditional\proc\p18f46k22.asm
                    INDF1   0x000fe7       data     extern E:\c18v3.46\pic18-lt\cxx-framework\src\traditional\proc\p18f46k22.asm
                     WREG   0x000fe8       data     extern E:\c18v3.46\pic18-lt\cxx-framework\src\traditional\proc\p18f46k22.asm
                        W   0x000fe8       data     extern E:\c18v3.46\pic18-lt\cxx-framework\src\traditional\proc\p18f46k22.asm
                     FSR0   0x000fe9       data     extern E:\c18v3.46\pic18-lt\cxx-framework\src\traditional\proc\p18f46k22.asm
                    FSR0L   0x000fe9       data     extern E:\c18v3.46\pic18-lt\cxx-framework\src\traditional\proc\p18f46k22.asm
                    FSR0H   0x000fea       data     extern E:\c18v3.46\pic18-lt\cxx-framework\src\traditional\proc\p18f46k22.asm
                   PLUSW0   0x000feb       data     extern E:\c18v3.46\pic18-lt\cxx-framework\src\traditional\proc\p18f46k22.asm
                  PREINC0   0x000fec       data     extern E:\c18v3.46\pic18-lt\cxx-framework\src\traditional\proc\p18f46k22.asm
                 POSTDEC0   0x000fed       data     extern E:\c18v3.46\pic18-lt\cxx-framework\src\traditional\proc\p18f46k22.asm
                 POSTINC0   0x000fee       data     extern E:\c18v3.46\pic18-lt\cxx-framework\src\traditional\proc\p18f46k22.asm
                    INDF0   0x000fef       data     extern E:\c18v3.46\pic18-lt\cxx-framework\src\traditional\proc\p18f46k22.asm
                  INTCON3   0x000ff0       data     extern E:\c18v3.46\pic18-lt\cxx-framework\src\traditional\proc\p18f46k22.asm
              INTCON3bits   0x000ff0       data     extern E:\c18v3.46\pic18-lt\cxx-framework\src\traditional\proc\p18f46k22.asm
                  INTCON2   0x000ff1       data     extern E:\c18v3.46\pic18-lt\cxx-framework\src\traditional\proc\p18f46k22.asm
              INTCON2bits   0x000ff1       data     extern E:\c18v3.46\pic18-lt\cxx-framework\src\traditional\proc\p18f46k22.asm
               INTCONbits   0x000ff2       data     extern E:\c18v3.46\pic18-lt\cxx-framework\src\traditional\proc\p18f46k22.asm
                   INTCON   0x000ff2       data     extern E:\c18v3.46\pic18-lt\cxx-framework\src\traditional\proc\p18f46k22.asm
                     PROD   0x000ff3       data     extern E:\c18v3.46\pic18-lt\cxx-framework\src\traditional\proc\p18f46k22.asm
                    PRODL   0x000ff3       data     extern E:\c18v3.46\pic18-lt\cxx-framework\src\traditional\proc\p18f46k22.asm
                    PRODH   0x000ff4       data     extern E:\c18v3.46\pic18-lt\cxx-framework\src\traditional\proc\p18f46k22.asm
                   TABLAT   0x000ff5       data     extern E:\c18v3.46\pic18-lt\cxx-framework\src\traditional\proc\p18f46k22.asm
                   TBLPTR   0x000ff6       data     extern E:\c18v3.46\pic18-lt\cxx-framework\src\traditional\proc\p18f46k22.asm
                  TBLPTRL   0x000ff6       data     extern E:\c18v3.46\pic18-lt\cxx-framework\src\traditional\proc\p18f46k22.asm
                  TBLPTRH   0x000ff7       data     extern E:\c18v3.46\pic18-lt\cxx-framework\src\traditional\proc\p18f46k22.asm
              TBLPTRUbits   0x000ff8       data     extern E:\c18v3.46\pic18-lt\cxx-framework\src\traditional\proc\p18f46k22.asm
                  TBLPTRU   0x000ff8       data     extern E:\c18v3.46\pic18-lt\cxx-framework\src\traditional\proc\p18f46k22.asm
                      PCL   0x000ff9       data     extern E:\c18v3.46\pic18-lt\cxx-framework\src\traditional\proc\p18f46k22.asm
                       PC   0x000ff9       data     extern E:\c18v3.46\pic18-lt\cxx-framework\src\traditional\proc\p18f46k22.asm
                   PCLATH   0x000ffa       data     extern E:\c18v3.46\pic18-lt\cxx-framework\src\traditional\proc\p18f46k22.asm
                   PCLATU   0x000ffb       data     extern E:\c18v3.46\pic18-lt\cxx-framework\src\traditional\proc\p18f46k22.asm
                   STKPTR   0x000ffc       data     extern E:\c18v3.46\pic18-lt\cxx-framework\src\traditional\proc\p18f46k22.asm
               STKPTRbits   0x000ffc       data     extern E:\c18v3.46\pic18-lt\cxx-framework\src\traditional\proc\p18f46k22.asm
                      TOS   0x000ffd       data     extern E:\c18v3.46\pic18-lt\cxx-framework\src\traditional\proc\p18f46k22.asm
                     TOSL   0x000ffd       data     extern E:\c18v3.46\pic18-lt\cxx-framework\src\traditional\proc\p18f46k22.asm
                     TOSH   0x000ffe       data     extern E:\c18v3.46\pic18-lt\cxx-framework\src\traditional\proc\p18f46k22.asm
                     TOSU   0x000fff       data     extern E:\c18v3.46\pic18-lt\cxx-framework\src\traditional\proc\p18f46k22.asm


