MPLINK 4.48, Linker
Linker Map File - Created Tue Nov 04 20:00:47 2014

                                 Section Info
                  Section       Type    Address   Location Size(Bytes)
                ---------  ---------  ---------  ---------  ---------
               _entry_scn       code   0x000000    program   0x000006
           .romdata_ias.o    romdata   0x000006    program   0x000002
              high_vector       code   0x000008    program   0x000012
                   .cinit    romdata   0x00001a    program   0x00007a
              .code_ias.o       code   0x000094    program   0x0027cc
               .code_UI.o       code   0x002860    program   0x0010b2
       .code_lcd_driver.o       code   0x003912    program   0x000472
    .code_communication.o       code   0x003d84    program   0x000426
      .code_uart_driver.o       code   0x0041aa    program   0x0002c2
    .code_keypad_driver.o       code   0x00446c    program   0x0001f4
     .code_timer_driver.o       code   0x004660    program   0x000190
                   STRING       code   0x0047f0    program   0x000104
             .stringtable    romdata   0x0048f4    program   0x0000a9
        .idata_t0open.o_i    romdata   0x00499d    program   0x000000
           .idata_ias.o_i    romdata   0x00499d    program   0x000000
        .romdata_u1open.o    romdata   0x00499d    program   0x000000
      .idata_busy_eep.o_i    romdata   0x00499d    program   0x000000
         .romdata_c018i.o    romdata   0x00499d    program   0x000000
       .romdata_t0write.o    romdata   0x00499d    program   0x000000
        .idata_u1open.o_i    romdata   0x00499d    program   0x000000
       .romdata_write_B.o    romdata   0x00499d    program   0x000000
          .romdata_main.o    romdata   0x00499d    program   0x000000
       .idata_write_B.o_i    romdata   0x00499d    program   0x000000
               _cinit_scn       code   0x00499e    program   0x00009e
            .code_c018i.o       code   0x00499e    program   0x000000
             .code_main.o       code   0x004a3c    program   0x00009e
          .code_write_B.o       code   0x004ada    program   0x000078
           .code_u1open.o       code   0x004b52    program   0x000072
           .code_read_B.o       code   0x004bc4    program   0x00005c
           .code_device.o       code   0x004c20    program   0x000048
           .code_u1read.o       code   0x004c68    program   0x00003e
                     PROG       code   0x004ca6    program   0x00003c
          .code_t0write.o       code   0x004ce2    program   0x000038
           .code_t0open.o       code   0x004d1a    program   0x000038
            .romdata_UI.o    romdata   0x004d52    program   0x000034
              D1KTCYXCODE       code   0x004d86    program   0x000020
                    .code       code   0x004da6    program   0x000020
             _startup_scn       code   0x004dc6    program   0x00001c
    .romdata_lcd_driver.o    romdata   0x004de2    program   0x000011
      .romdata_busy_eep.o    romdata   0x004df3    program   0x000000
   .romdata_uart_driver.o    romdata   0x004df3    program   0x000000
   .idata_uart_driver.o_i    romdata   0x004df3    program   0x000000
        .romdata_t0open.o    romdata   0x004df3    program   0x000000
        .idata_read_B.o_i    romdata   0x004df3    program   0x000000
        .idata_u1defs.o_i    romdata   0x004df3    program   0x000000
        .romdata_u1defs.o    romdata   0x004df3    program   0x000000
 .romdata_keypad_driver.o    romdata   0x004df3    program   0x000000
        .idata___init.o_i    romdata   0x004df3    program   0x000000
        .idata_device.o_i    romdata   0x004df3    program   0x000000
         .code_busy_eep.o       code   0x004df4    program   0x000006
 .romdata_communication.o    romdata   0x004dfa    program   0x000005
        .idata_u1read.o_i    romdata   0x004dff    program   0x000000
        .romdata_u1read.o    romdata   0x004dff    program   0x000000
        .romdata_read_B.o    romdata   0x004dff    program   0x000000
       .idata_t0write.o_i    romdata   0x004dff    program   0x000000
        .romdata___init.o    romdata   0x004dff    program   0x000000
         .idata_c018i.o_i    romdata   0x004dff    program   0x000000
        .romdata_device.o    romdata   0x004dff    program   0x000000
          .idata_main.o_i    romdata   0x004dff    program   0x000000
  .romdata_timer_driver.o    romdata   0x004dff    program   0x000000
           .code___init.o       code   0x004e00    program   0x000002
           .code_u1defs.o       code   0x004e00    program   0x000000
                ui_data_i    romdata   0x004e02    program   0x000088
               uartdata_i    romdata   0x004e8a    program   0x000086
                logdata_i    romdata   0x004f10    program   0x000385
                iasdata_i    romdata   0x005295    program   0x00041a
               com_data_i    romdata   0x0056af    program   0x000094
  .idata_timer_driver.o_i    romdata   0x005743    program   0x00000b
    .idata_lcd_driver.o_i    romdata   0x00574e    program   0x000022
 .idata_keypad_driver.o_i    romdata   0x005770    program   0x000003
 .idata_communication.o_i    romdata   0x005773    program   0x000002
            .idata_UI.o_i    romdata   0x005775    program   0x00001e
    .config_300001_main.o    romdata   0x300001    program   0x000001
    .config_300002_main.o    romdata   0x300002    program   0x000001
    .config_300003_main.o    romdata   0x300003    program   0x000001
    .config_300005_main.o    romdata   0x300005    program   0x000001
    .config_300006_main.o    romdata   0x300006    program   0x000001
    .config_300008_main.o    romdata   0x300008    program   0x000001
    .config_300009_main.o    romdata   0x300009    program   0x000001
    .config_30000a_main.o    romdata   0x30000a    program   0x000001
    .config_30000b_main.o    romdata   0x30000b    program   0x000001
    .config_30000c_main.o    romdata   0x30000c    program   0x000001
    .config_30000d_main.o    romdata   0x30000d    program   0x000001
                MATH_DATA      udata   0x000000       data   0x000014
                 .tmpdata      udata   0x000014       data   0x000004
            timer0ISR_tmp      udata   0x000018       data   0x000002
                DELAYDAT1      udata   0x00001a       data   0x000001
                  ui_data      idata   0x000100       data   0x000088
              KEYPAD_DATA      udata   0x000188       data   0x000012
              .idata_UI.o      idata   0x00019a       data   0x00001e
   .idata_keypad_driver.o      idata   0x0001b8       data   0x000003
   .idata_communication.o      idata   0x0001bb       data   0x000002
      .udata_lcd_driver.o      udata   0x0001bd       data   0x000001
         .udata_write_B.o      udata   0x0001be       data   0x000000
              .udata_UI.o      udata   0x0001be       data   0x000000
          .idata_u1defs.o      idata   0x0001be       data   0x000000
         .idata_t0write.o      idata   0x0001be       data   0x000000
         .udata_t0write.o      udata   0x0001be       data   0x000000
        .udata_busy_eep.o      udata   0x0001be       data   0x000000
        .idata_busy_eep.o      idata   0x0001be       data   0x000000
          .idata_read_B.o      idata   0x0001be       data   0x000000
          .udata_u1open.o      udata   0x0001be       data   0x000000
          .idata_u1open.o      idata   0x0001be       data   0x000000
          .udata_t0open.o      udata   0x0001be       data   0x000000
          .idata_t0open.o      idata   0x0001be       data   0x000000
          .udata_u1read.o      udata   0x0001be       data   0x000000
          .idata_u1read.o      idata   0x0001be       data   0x000000
          .udata_read_B.o      udata   0x0001be       data   0x000000
          .idata___init.o      idata   0x0001be       data   0x000000
           .idata_c018i.o      idata   0x0001be       data   0x000000
   .udata_communication.o      udata   0x0001be       data   0x000000
          .udata_device.o      udata   0x0001be       data   0x000000
          .idata_device.o      idata   0x0001be       data   0x000000
             .udata_ias.o      udata   0x0001be       data   0x000000
             .idata_ias.o      idata   0x0001be       data   0x000000
   .udata_keypad_driver.o      udata   0x0001be       data   0x000000
          .udata___init.o      udata   0x0001be       data   0x000000
            .udata_main.o      udata   0x0001be       data   0x000000
            .idata_main.o      idata   0x0001be       data   0x000000
    .udata_timer_driver.o      udata   0x0001be       data   0x000000
         .idata_write_B.o      idata   0x0001be       data   0x000000
     .udata_uart_driver.o      udata   0x0001be       data   0x000000
     .idata_uart_driver.o      idata   0x0001be       data   0x000000
                  iasdata      idata   0x000200       data   0x00041a
                  logdata      idata   0x000700       data   0x000385
                 com_data      idata   0x000c00       data   0x000094
                 uartdata      idata   0x000d00       data   0x000086
                   .stack      udata   0x000e00       data   0x000100
      .idata_lcd_driver.o      idata   0x000f00       data   0x000022
    .idata_timer_driver.o      idata   0x000f22       data   0x00000b
           .udata_c018i.o      udata   0x000f2d       data   0x00000a
          .udata_u1defs.o      udata   0x000f37       data   0x000001
              SFR_BANKED0      udata   0x000f38       data   0x000028
            SFR_UNBANKED0      udata   0x000f60       data   0x0000a0



                              Program Memory Usage 
                               Start         End      
                           ---------   ---------      
                            0x000000    0x00499c      
                            0x00499e    0x004df2      
                            0x004df4    0x004dfe      
                            0x004e00    0x005792      
                            0x300001    0x300003      
                            0x300005    0x300006      
                            0x300008    0x30000d      
            22427 out of 25624 program addresses used, program memory utilization is 87%



                              Symbols - Sorted by Name
                     Name    Address   Location    Storage File                     
                ---------  ---------  ---------  --------- ---------                
          APP_comCallBack   0x002738    program     extern C:\Saagar\Repository\Schneider_Hyderabad\Firmware_18F46K22_OLDUNITS_V1\ias.c
                 Busy_eep   0x004df4    program     extern E:\c18v3.46\pic18-lt\cxx-framework\src\pmc_common\EEP\busy_eep.c
                 COM_init   0x003d84    program     extern C:\Saagar\Repository\Schneider_Hyderabad\Firmware_18F46K22_OLDUNITS_V1\communication.c
                COM_reset   0x003dbe    program     extern C:\Saagar\Repository\Schneider_Hyderabad\Firmware_18F46K22_OLDUNITS_V1\communication.c
                 COM_task   0x003de8    program     extern C:\Saagar\Repository\Schneider_Hyderabad\Firmware_18F46K22_OLDUNITS_V1\communication.c
               COM_txData   0x004060    program     extern C:\Saagar\Repository\Schneider_Hyderabad\Firmware_18F46K22_OLDUNITS_V1\communication.c
                COM_txStr   0x0040f4    program     extern C:\Saagar\Repository\Schneider_Hyderabad\Firmware_18F46K22_OLDUNITS_V1\communication.c
       ClearKeytpadBuffer   0x004588    program     extern C:\Saagar\Repository\Schneider_Hyderabad\Firmware_18F46K22_OLDUNITS_V1\keypad_driver.c
                    D1K_1   0x004d92    program     static E:\c18v3.46\pic18-lt\cxx-framework\src\traditional\delays\d1ktcyx.asm
                     D1Kx   0x004d90    program     static E:\c18v3.46\pic18-lt\cxx-framework\src\traditional\delays\d1ktcyx.asm
              Delay1KTCYx   0x004d86    program     extern E:\c18v3.46\pic18-lt\cxx-framework\src\traditional\delays\d1ktcyx.asm
                 FXM1616U   0x004ca6    program     extern E:\c18v3.46\pic18-lt\cxx-framework\src\traditional\math\fxm1616u.asm
               GetAppTime   0x00478c    program     extern C:\Saagar\Repository\Schneider_Hyderabad\Firmware_18F46K22_OLDUNITS_V1\timer_driver.c
  GetDataFromKeypadBuffer   0x0044fa    program     extern C:\Saagar\Repository\Schneider_Hyderabad\Firmware_18F46K22_OLDUNITS_V1\keypad_driver.c
    IAS_acknowledgeIssues   0x0020d4    program     extern C:\Saagar\Repository\Schneider_Hyderabad\Firmware_18F46K22_OLDUNITS_V1\ias.c
        IAS_checkPassword   0x002572    program     extern C:\Saagar\Repository\Schneider_Hyderabad\Firmware_18F46K22_OLDUNITS_V1\ias.c
          IAS_clearIssues   0x0025ae    program     extern C:\Saagar\Repository\Schneider_Hyderabad\Firmware_18F46K22_OLDUNITS_V1\ias.c
 IAS_getAcknowledgedIssue   0x000eb2    program     extern C:\Saagar\Repository\Schneider_Hyderabad\Firmware_18F46K22_OLDUNITS_V1\ias.c
         IAS_getOpenIssue   0x0006b6    program     extern C:\Saagar\Repository\Schneider_Hyderabad\Firmware_18F46K22_OLDUNITS_V1\ias.c
                 IAS_init   0x000094    program     extern C:\Saagar\Repository\Schneider_Hyderabad\Firmware_18F46K22_OLDUNITS_V1\ias.c
                IAS_login   0x0003b0    program     extern C:\Saagar\Repository\Schneider_Hyderabad\Firmware_18F46K22_OLDUNITS_V1\ias.c
               IAS_logout   0x00043e    program     extern C:\Saagar\Repository\Schneider_Hyderabad\Firmware_18F46K22_OLDUNITS_V1\ias.c
          IAS_raiseIssues   0x001a52    program     extern C:\Saagar\Repository\Schneider_Hyderabad\Firmware_18F46K22_OLDUNITS_V1\ias.c
        IAS_resolveIssues   0x0016ae    program     extern C:\Saagar\Repository\Schneider_Hyderabad\Firmware_18F46K22_OLDUNITS_V1\ias.c
                 IAS_task   0x0004d6    program     extern C:\Saagar\Repository\Schneider_Hyderabad\Firmware_18F46K22_OLDUNITS_V1\ias.c
      IAS_updateIssueInfo   0x0020a6    program     extern C:\Saagar\Repository\Schneider_Hyderabad\Firmware_18F46K22_OLDUNITS_V1\ias.c
                  InitLcd   0x003a92    program     extern C:\Saagar\Repository\Schneider_Hyderabad\Firmware_18F46K22_OLDUNITS_V1\lcd_driver.c
               InitTimer0   0x00476e    program     extern C:\Saagar\Repository\Schneider_Hyderabad\Firmware_18F46K22_OLDUNITS_V1\timer_driver.c
          InitializeBoard   0x004c20    program     extern C:\Saagar\Repository\Schneider_Hyderabad\Firmware_18F46K22_OLDUNITS_V1\device.c
         InitializeKeypad   0x00446c    program     extern C:\Saagar\Repository\Schneider_Hyderabad\Firmware_18F46K22_OLDUNITS_V1\keypad_driver.c
            InitializeLcd   0x003cd0    program     extern C:\Saagar\Repository\Schneider_Hyderabad\Firmware_18F46K22_OLDUNITS_V1\lcd_driver.c
             LoginPressed   0x004578    program     extern C:\Saagar\Repository\Schneider_Hyderabad\Firmware_18F46K22_OLDUNITS_V1\keypad_driver.c
               Open1USART   0x004b52    program     extern E:\c18v3.46\pic18-lt\cxx-framework\src\pmc_common\USART\u1open.c
               OpenTimer0   0x004d1a    program     extern E:\c18v3.46\pic18-lt\cxx-framework\src\pmc_common\Timers\t0open.c
               Read1USART   0x004c68    program     extern E:\c18v3.46\pic18-lt\cxx-framework\src\pmc_common\USART\u1read.c
               Read_b_eep   0x004bc4    program     extern E:\c18v3.46\pic18-lt\cxx-framework\src\pmc_common\EEP\read_B.c
             ResetAppTime   0x0047dc    program     extern C:\Saagar\Repository\Schneider_Hyderabad\Firmware_18F46K22_OLDUNITS_V1\timer_driver.c
             UART_hasData   0x0043e2    program     extern C:\Saagar\Repository\Schneider_Hyderabad\Firmware_18F46K22_OLDUNITS_V1\uart_driver.c
                UART_init   0x0042ee    program     extern C:\Saagar\Repository\Schneider_Hyderabad\Firmware_18F46K22_OLDUNITS_V1\uart_driver.c
                UART_read   0x00441c    program     extern C:\Saagar\Repository\Schneider_Hyderabad\Firmware_18F46K22_OLDUNITS_V1\uart_driver.c
            UART_transmit   0x00435c    program     extern C:\Saagar\Repository\Schneider_Hyderabad\Firmware_18F46K22_OLDUNITS_V1\uart_driver.c
               UART_write   0x004324    program     extern C:\Saagar\Repository\Schneider_Hyderabad\Firmware_18F46K22_OLDUNITS_V1\uart_driver.c
                  UI_init   0x002860    program     extern C:\Saagar\Repository\Schneider_Hyderabad\Firmware_18F46K22_OLDUNITS_V1\UI.c
              UI_setState   0x00361e    program     extern C:\Saagar\Repository\Schneider_Hyderabad\Firmware_18F46K22_OLDUNITS_V1\UI.c
                  UI_task   0x002884    program     extern C:\Saagar\Repository\Schneider_Hyderabad\Firmware_18F46K22_OLDUNITS_V1\UI.c
       UartReceiveHandler   0x0041aa    program     extern C:\Saagar\Repository\Schneider_Hyderabad\Firmware_18F46K22_OLDUNITS_V1\uart_driver.c
      UartTransmitHandler   0x004274    program     extern C:\Saagar\Repository\Schneider_Hyderabad\Firmware_18F46K22_OLDUNITS_V1\uart_driver.c
         UpdateKeypadTask   0x004474    program     extern C:\Saagar\Repository\Schneider_Hyderabad\Firmware_18F46K22_OLDUNITS_V1\keypad_driver.c
        ViewIssuesPressed   0x004580    program     extern C:\Saagar\Repository\Schneider_Hyderabad\Firmware_18F46K22_OLDUNITS_V1\keypad_driver.c
              WriteTimer0   0x004ce2    program     extern E:\c18v3.46\pic18-lt\cxx-framework\src\pmc_common\Timers\t0write.c
              Write_b_eep   0x004ada    program     extern E:\c18v3.46\pic18-lt\cxx-framework\src\pmc_common\EEP\write_B.c
              _2jContinue   0x004810    program     static E:\c18v3.46\pic18-lt\cxx-framework\src\traditional\stdclib\memset.asm
                   _3jEnd   0x00481a    program     static E:\c18v3.46\pic18-lt\cxx-framework\src\traditional\stdclib\memset.asm
        _D1KTCYXCODE_0010   0x004d96    program     static E:\c18v3.46\pic18-lt\cxx-framework\src\traditional\delays\d1ktcyx.asm
        _D1KTCYXCODE_0016   0x004d9c    program     static E:\c18v3.46\pic18-lt\cxx-framework\src\traditional\delays\d1ktcyx.asm
       ___case_1_lbl00072   0x00177c    program     static                          
       ___case_1_lbl00127   0x001d76    program     static                          
       ___case_3_lbl00078   0x001896    program     static                          
       ___case_3_lbl00141   0x001e84    program     static                          
      ___default_lbl00089   0x001a0c    program     static                          
      ___default_lbl00142   0x001fea    program     static                          
           ___do_lbl00003   0x004a9e    program     static                          
           ___do_lbl00004   0x004a9e    program     static                          
           ___do_lbl00007   0x004a6c    program     static                          
         ___else_lbl00011   0x000248    program     static                          
         ___else_lbl00013   0x000234    program     static                          
         ___else_lbl00083   0x0019b4    program     static                          
         ___else_lbl00085   0x0019f0    program     static                          
         ___else_lbl00087   0x0019d2    program     static                          
         ___else_lbl00106   0x001c4a    program     static                          
         ___else_lbl00134   0x001f94    program     static                          
         ___else_lbl00136   0x001fcc    program     static                          
         ___else_lbl00138   0x001fb0    program     static                          
         ___else_lbl00191   0x002712    program     static                          
          ___for_lbl00001   0x004a9e    program     static                          
          ___for_lbl00001   0x000216    program     static                          
          ___for_lbl00002   0x004aa2    program     static                          
          ___for_lbl00002   0x000220    program     static                          
          ___for_lbl00003   0x000184    program     static                          
          ___for_lbl00004   0x00018a    program     static                          
          ___for_lbl00005   0x000110    program     static                          
          ___for_lbl00008   0x004a5a    program     static                          
          ___for_lbl00009   0x0000d0    program     static                          
          ___for_lbl00032   0x00068a    program     static                          
          ___for_lbl00033   0x0040c0    program     static                          
          ___for_lbl00033   0x00068e    program     static                          
          ___for_lbl00034   0x0040c6    program     static                          
          ___for_lbl00035   0x004096    program     static                          
          ___for_lbl00035   0x00053e    program     static                          
          ___for_lbl00073   0x00186c    program     static                          
          ___for_lbl00074   0x001872    program     static                          
          ___for_lbl00075   0x001818    program     static                          
          ___for_lbl00079   0x001986    program     static                          
          ___for_lbl00080   0x00198c    program     static                          
          ___for_lbl00081   0x001932    program     static                          
          ___for_lbl00090   0x001a3a    program     static                          
          ___for_lbl00091   0x001a3e    program     static                          
          ___for_lbl00093   0x001a10    program     static                          
          ___for_lbl00095   0x001ac8    program     static                          
          ___for_lbl00096   0x001acc    program     static                          
          ___for_lbl00099   0x001a60    program     static                          
          ___for_lbl00100   0x001c76    program     static                          
          ___for_lbl00101   0x001c7a    program     static                          
          ___for_lbl00102   0x001c22    program     static                          
          ___for_lbl00103   0x001c28    program     static                          
          ___for_lbl00104   0x001bd0    program     static                          
          ___for_lbl00108   0x001ace    program     static                          
          ___for_lbl00112   0x001d62    program     static                          
          ___for_lbl00113   0x001d66    program     static                          
          ___for_lbl00117   0x001cda    program     static                          
          ___for_lbl00119   0x001e7e    program     static                          
          ___for_lbl00120   0x001e82    program     static                          
          ___for_lbl00121   0x001e58    program     static                          
          ___for_lbl00122   0x001e5e    program     static                          
          ___for_lbl00123   0x001e04    program     static                          
          ___for_lbl00126   0x001d78    program     static                          
          ___for_lbl00128   0x001fe4    program     static                          
          ___for_lbl00129   0x001fe8    program     static                          
          ___for_lbl00130   0x001f68    program     static                          
          ___for_lbl00131   0x001f6e    program     static                          
          ___for_lbl00132   0x001f14    program     static                          
          ___for_lbl00140   0x001e86    program     static                          
          ___for_lbl00150   0x002194    program     static                          
          ___for_lbl00151   0x002198    program     static                          
          ___for_lbl00153   0x00216c    program     static                          
          ___for_lbl00170   0x0024b2    program     static                          
          ___for_lbl00171   0x0024b6    program     static                          
          ___for_lbl00174   0x0023fa    program     static                          
          ___for_lbl00184   0x0026b2    program     static                          
          ___for_lbl00185   0x0026bc    program     static                          
          ___for_lbl00186   0x0025ea    program     static                          
          ___for_lbl00187   0x0026ec    program     static                          
          ___for_lbl00188   0x0026f6    program     static                          
          ___for_lbl00189   0x0026c0    program     static                          
           ___if_lbl00001   0x000010    program     static                          
           ___if_lbl00002   0x000018    program     static                          
           ___if_lbl00003   0x00399a    program     static                          
           ___if_lbl00006   0x0001b6    program     static                          
           ___if_lbl00007   0x0001e4    program     static                          
           ___if_lbl00008   0x000216    program     static                          
           ___if_lbl00010   0x000252    program     static                          
           ___if_lbl00012   0x000252    program     static                          
           ___if_lbl00014   0x000262    program     static                          
           ___if_lbl00034   0x00068a    program     static                          
           ___if_lbl00036   0x0006a2    program     static                          
           ___if_lbl00037   0x0006a2    program     static                          
           ___if_lbl00038   0x0006a2    program     static                          
           ___if_lbl00068   0x001742    program     static                          
           ___if_lbl00069   0x001742    program     static                          
           ___if_lbl00070   0x001742    program     static                          
           ___if_lbl00076   0x001892    program     static                          
           ___if_lbl00077   0x001894    program     static                          
           ___if_lbl00082   0x0019d0    program     static                          
           ___if_lbl00084   0x001a08    program     static                          
           ___if_lbl00086   0x001a08    program     static                          
           ___if_lbl00088   0x001a0a    program     static                          
           ___if_lbl00092   0x001a3a    program     static                          
           ___if_lbl00097   0x001ac8    program     static                          
           ___if_lbl00098   0x001ac8    program     static                          
           ___if_lbl00105   0x001c62    program     static                          
           ___if_lbl00107   0x001c76    program     static                          
           ___if_lbl00109   0x001c86    program     static                          
           ___if_lbl00111   0x001cd8    program     static                          
           ___if_lbl00114   0x001d62    program     static                          
           ___if_lbl00115   0x001d62    program     static                          
           ___if_lbl00116   0x001d62    program     static                          
           ___if_lbl00124   0x001e7c    program     static                          
           ___if_lbl00125   0x001e7e    program     static                          
           ___if_lbl00133   0x001fae    program     static                          
           ___if_lbl00135   0x001fe2    program     static                          
           ___if_lbl00137   0x001fe2    program     static                          
           ___if_lbl00139   0x001fe4    program     static                          
           ___if_lbl00152   0x002194    program     static                          
           ___if_lbl00172   0x0024b2    program     static                          
           ___if_lbl00173   0x0024b2    program     static                          
           ___if_lbl00190   0x002724    program     static                          
       ___return_lbl00000   0x0039ae    program     static                          
       ___return_lbl00000   0x000004    program     static                          
       ___return_lbl00000   0x004c14    program     static                          
       ___return_lbl00000   0x0002d2    program     static                          
       ___return_lbl00000   0x004ac6    program     static                          
       ___return_lbl00000   0x000018    program     static                          
       ___return_lbl00001   0x004de0    program     static                          
       ___return_lbl00002   0x004a3a    program     static                          
       ___return_lbl00004   0x0039ee    program     static                          
       ___return_lbl00005   0x003a3c    program     static                          
       ___return_lbl00006   0x003a8a    program     static                          
       ___return_lbl00031   0x0006a2    program     static                          
       ___return_lbl00032   0x0040e0    program     static                          
       ___return_lbl00067   0x001a3e    program     static                          
       ___return_lbl00094   0x001c86    program     static                          
       ___return_lbl00110   0x001fec    program     static                          
       ___return_lbl00149   0x00219a    program     static                          
       ___return_lbl00169   0x0024bc    program     static                          
       ___return_lbl00183   0x002724    program     static                          
   ___switchexit_lbl00071   0x001a0e    program     static                          
   ___switchexit_lbl00118   0x001fec    program     static                          
        ___while_lbl00001   0x003936    program     static                          
        ___while_lbl00002   0x00399c    program     static                          
        ___while_lbl00005   0x004a7a    program     static                          
        ___while_lbl00006   0x004a9e    program     static                          
        ___while_lbl00009   0x004ab2    program     static                          
        ___while_lbl00010   0x004ac6    program     static                          
               __config_0   0x300001    program     static C:\Saagar\Repository\Schneider_Hyderabad\Firmware_18F46K22_OLDUNITS_V1\main.c
               __config_1   0x300002    program     static C:\Saagar\Repository\Schneider_Hyderabad\Firmware_18F46K22_OLDUNITS_V1\main.c
              __config_10   0x30000d    program     static C:\Saagar\Repository\Schneider_Hyderabad\Firmware_18F46K22_OLDUNITS_V1\main.c
               __config_2   0x300003    program     static C:\Saagar\Repository\Schneider_Hyderabad\Firmware_18F46K22_OLDUNITS_V1\main.c
               __config_3   0x300005    program     static C:\Saagar\Repository\Schneider_Hyderabad\Firmware_18F46K22_OLDUNITS_V1\main.c
               __config_4   0x300006    program     static C:\Saagar\Repository\Schneider_Hyderabad\Firmware_18F46K22_OLDUNITS_V1\main.c
               __config_5   0x300008    program     static C:\Saagar\Repository\Schneider_Hyderabad\Firmware_18F46K22_OLDUNITS_V1\main.c
               __config_6   0x300009    program     static C:\Saagar\Repository\Schneider_Hyderabad\Firmware_18F46K22_OLDUNITS_V1\main.c
               __config_7   0x30000a    program     static C:\Saagar\Repository\Schneider_Hyderabad\Firmware_18F46K22_OLDUNITS_V1\main.c
               __config_8   0x30000b    program     static C:\Saagar\Repository\Schneider_Hyderabad\Firmware_18F46K22_OLDUNITS_V1\main.c
               __config_9   0x30000c    program     static C:\Saagar\Repository\Schneider_Hyderabad\Firmware_18F46K22_OLDUNITS_V1\main.c
                   __init   0x004e00    program     extern E:\c18v3.46\pic18-lt\cxx-framework\src\traditional\stdclib\__init.c
               __string_0   0x00497c    program     static C:\Saagar\Repository\Schneider_Hyderabad\Firmware_18F46K22_OLDUNITS_V1\UI.c
               __string_1   0x004978    program     static C:\Saagar\Repository\Schneider_Hyderabad\Firmware_18F46K22_OLDUNITS_V1\UI.c
              __string_10   0x004922    program     static C:\Saagar\Repository\Schneider_Hyderabad\Firmware_18F46K22_OLDUNITS_V1\UI.c
              __string_11   0x004915    program     static C:\Saagar\Repository\Schneider_Hyderabad\Firmware_18F46K22_OLDUNITS_V1\UI.c
              __string_12   0x00490b    program     static C:\Saagar\Repository\Schneider_Hyderabad\Firmware_18F46K22_OLDUNITS_V1\UI.c
              __string_13   0x0048fb    program     static C:\Saagar\Repository\Schneider_Hyderabad\Firmware_18F46K22_OLDUNITS_V1\UI.c
              __string_14   0x0048f4    program     static C:\Saagar\Repository\Schneider_Hyderabad\Firmware_18F46K22_OLDUNITS_V1\UI.c
               __string_2   0x00496f    program     static C:\Saagar\Repository\Schneider_Hyderabad\Firmware_18F46K22_OLDUNITS_V1\UI.c
               __string_3   0x004965    program     static C:\Saagar\Repository\Schneider_Hyderabad\Firmware_18F46K22_OLDUNITS_V1\UI.c
               __string_4   0x00495e    program     static C:\Saagar\Repository\Schneider_Hyderabad\Firmware_18F46K22_OLDUNITS_V1\UI.c
               __string_5   0x004954    program     static C:\Saagar\Repository\Schneider_Hyderabad\Firmware_18F46K22_OLDUNITS_V1\UI.c
               __string_6   0x00494c    program     static C:\Saagar\Repository\Schneider_Hyderabad\Firmware_18F46K22_OLDUNITS_V1\UI.c
               __string_7   0x00493e    program     static C:\Saagar\Repository\Schneider_Hyderabad\Firmware_18F46K22_OLDUNITS_V1\UI.c
               __string_8   0x004935    program     static C:\Saagar\Repository\Schneider_Hyderabad\Firmware_18F46K22_OLDUNITS_V1\UI.c
               __string_9   0x004929    program     static C:\Saagar\Repository\Schneider_Hyderabad\Firmware_18F46K22_OLDUNITS_V1\UI.c
               __tmplbl_0   0x000528    program     static                          
              __tmplbl_40   0x003244    program     static                          
              __tmplbl_41   0x003244    program     static                          
              __tmplbl_42   0x003210    program     static                          
              __tmplbl_52   0x003244    program     static                          
              __tmplbl_53   0x003244    program     static                          
              __tmplbl_54   0x003244    program     static                          
            __zero_memory   0x004da6    program     extern E:\c18v3.46\pic18-lt\cxx-framework\src\traditional\proc\p18f46k22.asm
                _do_cinit   0x00499e    program     extern E:\c18v3.46\pic18-lt\cxx-framework\src\traditional\startup\c018i.c
                   _entry   0x000000    program     extern E:\c18v3.46\pic18-lt\cxx-framework\src\traditional\startup\c018i.c
                 _startup   0x004dc6    program     extern E:\c18v3.46\pic18-lt\cxx-framework\src\traditional\startup\c018i.c
         acknowledgeIssue   0x0024d4    program     extern C:\Saagar\Repository\Schneider_Hyderabad\Firmware_18F46K22_OLDUNITS_V1\ias.c
                    alert   0x004dfa    program     extern C:\Saagar\Repository\Schneider_Hyderabad\Firmware_18F46K22_OLDUNITS_V1\communication.c
                  busyLcd   0x003912    program     static C:\Saagar\Repository\Schneider_Hyderabad\Firmware_18F46K22_OLDUNITS_V1\lcd_driver.c
                 checksum   0x004146    program     extern C:\Saagar\Repository\Schneider_Hyderabad\Firmware_18F46K22_OLDUNITS_V1\communication.c
                 clearLCD   0x003c2e    program     extern C:\Saagar\Repository\Schneider_Hyderabad\Firmware_18F46K22_OLDUNITS_V1\lcd_driver.c
              clearScreen   0x004de2    program     static C:\Saagar\Repository\Schneider_Hyderabad\Firmware_18F46K22_OLDUNITS_V1\lcd_driver.c
            clearUIBuffer   0x00373e    program     extern C:\Saagar\Repository\Schneider_Hyderabad\Firmware_18F46K22_OLDUNITS_V1\UI.c
             clearUIInput   0x003764    program     extern C:\Saagar\Repository\Schneider_Hyderabad\Firmware_18F46K22_OLDUNITS_V1\UI.c
                compare_l   0x004dbc    program     static E:\c18v3.46\pic18-lt\cxx-framework\src\traditional\proc\p18f46k22.asm
                copy_loop   0x004a10    program     static                          
            copy_one_byte   0x004a16    program     static                          
                     done   0x004a3a    program     static                          
             done_copying   0x004a24    program     static                          
                  getData   0x0036e0    program     extern C:\Saagar\Repository\Schneider_Hyderabad\Firmware_18F46K22_OLDUNITS_V1\UI.c
               getStation   0x00364c    program     extern C:\Saagar\Repository\Schneider_Hyderabad\Firmware_18F46K22_OLDUNITS_V1\UI.c
             getStatusLog   0x002000    program     extern C:\Saagar\Repository\Schneider_Hyderabad\Firmware_18F46K22_OLDUNITS_V1\ias.c
           high_interrupt   0x000008    program     extern C:\Saagar\Repository\Schneider_Hyderabad\Firmware_18F46K22_OLDUNITS_V1\timer_driver.c
            issueResolved   0x002284    program     extern C:\Saagar\Repository\Schneider_Hyderabad\Firmware_18F46K22_OLDUNITS_V1\ias.c
                     jEnd   0x004822    program     static E:\c18v3.46\pic18-lt\cxx-framework\src\traditional\stdclib\memset.asm
                     jEnd   0x00484e    program     static E:\c18v3.46\pic18-lt\cxx-framework\src\traditional\stdclib\strcmp.asm
                     jEnd   0x0048f2    program     static E:\c18v3.46\pic18-lt\cxx-framework\src\traditional\stdclib\strlen.asm
                     jEnd   0x0048d6    program     static E:\c18v3.46\pic18-lt\cxx-framework\src\traditional\stdclib\scpyp2r.asm
                    jLoop   0x0048cc    program     static E:\c18v3.46\pic18-lt\cxx-framework\src\traditional\stdclib\scpyp2r.asm
                    jLoop   0x004804    program     static E:\c18v3.46\pic18-lt\cxx-framework\src\traditional\stdclib\memset.asm
                    jLoop   0x00488c    program     static E:\c18v3.46\pic18-lt\cxx-framework\src\traditional\stdclib\strcpy.asm
                    jLoop   0x004844    program     static E:\c18v3.46\pic18-lt\cxx-framework\src\traditional\stdclib\strcmp.asm
                    jLoop   0x0048e8    program     static E:\c18v3.46\pic18-lt\cxx-framework\src\traditional\stdclib\strlen.asm
                   keyMap   0x004d52    program     extern C:\Saagar\Repository\Schneider_Hyderabad\Firmware_18F46K22_OLDUNITS_V1\UI.c
                    login   0x0002e6    program     extern C:\Saagar\Repository\Schneider_Hyderabad\Firmware_18F46K22_OLDUNITS_V1\ias.c
                     loop   0x004dd6    program     static                          
                   loop_h   0x004db4    program     static E:\c18v3.46\pic18-lt\cxx-framework\src\traditional\proc\p18f46k22.asm
                   loop_l   0x004dbe    program     static E:\c18v3.46\pic18-lt\cxx-framework\src\traditional\proc\p18f46k22.asm
                     main   0x004a3c    program     extern C:\Saagar\Repository\Schneider_Hyderabad\Firmware_18F46K22_OLDUNITS_V1\main.c
                   mapKey   0x003258    program     extern C:\Saagar\Repository\Schneider_Hyderabad\Firmware_18F46K22_OLDUNITS_V1\UI.c
                   memset   0x0047f0    program     extern E:\c18v3.46\pic18-lt\cxx-framework\src\traditional\stdclib\memset.asm
              parsePacket   0x003fc8    program     extern C:\Saagar\Repository\Schneider_Hyderabad\Firmware_18F46K22_OLDUNITS_V1\communication.c
             putCharToLcd   0x003c3c    program     extern C:\Saagar\Repository\Schneider_Hyderabad\Firmware_18F46K22_OLDUNITS_V1\lcd_driver.c
                 putUImsg   0x00388a    program     extern C:\Saagar\Repository\Schneider_Hyderabad\Firmware_18F46K22_OLDUNITS_V1\UI.c
    rawWriteCommand8ToLcd   0x0039c6    program     static C:\Saagar\Repository\Schneider_Hyderabad\Firmware_18F46K22_OLDUNITS_V1\lcd_driver.c
     rawWriteCommandToLcd   0x0039f6    program     extern C:\Saagar\Repository\Schneider_Hyderabad\Firmware_18F46K22_OLDUNITS_V1\lcd_driver.c
        rawWriteDataToLcd   0x003a44    program     extern C:\Saagar\Repository\Schneider_Hyderabad\Firmware_18F46K22_OLDUNITS_V1\lcd_driver.c
             resolveIssue   0x001c9a    program     extern C:\Saagar\Repository\Schneider_Hyderabad\Firmware_18F46K22_OLDUNITS_V1\ias.c
               scanKeypad   0x004590    program     static C:\Saagar\Repository\Schneider_Hyderabad\Firmware_18F46K22_OLDUNITS_V1\keypad_driver.c
                 setUImsg   0x0037e2    program     extern C:\Saagar\Repository\Schneider_Hyderabad\Firmware_18F46K22_OLDUNITS_V1\UI.c
                setbckspc   0x003c18    program     extern C:\Saagar\Repository\Schneider_Hyderabad\Firmware_18F46K22_OLDUNITS_V1\lcd_driver.c
                showUImsg   0x003786    program     extern C:\Saagar\Repository\Schneider_Hyderabad\Firmware_18F46K22_OLDUNITS_V1\UI.c
                   strcmp   0x004824    program     extern E:\c18v3.46\pic18-lt\cxx-framework\src\traditional\stdclib\strcmp.asm
                   strcpy   0x004864    program     extern E:\c18v3.46\pic18-lt\cxx-framework\src\traditional\stdclib\strcpy.asm
            strcpypgm2ram   0x0048a6    program     extern E:\c18v3.46\pic18-lt\cxx-framework\src\traditional\stdclib\scpyp2r.asm
                   strlen   0x0048d8    program     extern E:\c18v3.46\pic18-lt\cxx-framework\src\traditional\stdclib\strlen.asm
                     test   0x0049b8    program     static                          
                  timeout   0x000006    program     static C:\Saagar\Repository\Schneider_Hyderabad\Firmware_18F46K22_OLDUNITS_V1\ias.c
                timer0ISR   0x004660    program     extern C:\Saagar\Repository\Schneider_Hyderabad\Firmware_18F46K22_OLDUNITS_V1\timer_driver.c
         updateIndication   0x002244    program     static C:\Saagar\Repository\Schneider_Hyderabad\Firmware_18F46K22_OLDUNITS_V1\ias.c
                updateLog   0x0021a4    program     static C:\Saagar\Repository\Schneider_Hyderabad\Firmware_18F46K22_OLDUNITS_V1\ias.c
          update_timeouts   0x0023e8    program     static C:\Saagar\Repository\Schneider_Hyderabad\Firmware_18F46K22_OLDUNITS_V1\ias.c
               writetoLCD   0x003ce0    program     extern C:\Saagar\Repository\Schneider_Hyderabad\Firmware_18F46K22_OLDUNITS_V1\lcd_driver.c
               zero_block   0x004db4    program     static E:\c18v3.46\pic18-lt\cxx-framework\src\traditional\proc\p18f46k22.asm
                   ADCON0   0x000fc2       data     extern E:\c18v3.46\pic18-lt\cxx-framework\src\traditional\proc\p18f46k22.asm
               ADCON0bits   0x000fc2       data     extern E:\c18v3.46\pic18-lt\cxx-framework\src\traditional\proc\p18f46k22.asm
                   ADCON1   0x000fc1       data     extern E:\c18v3.46\pic18-lt\cxx-framework\src\traditional\proc\p18f46k22.asm
               ADCON1bits   0x000fc1       data     extern E:\c18v3.46\pic18-lt\cxx-framework\src\traditional\proc\p18f46k22.asm
                   ADCON2   0x000fc0       data     extern E:\c18v3.46\pic18-lt\cxx-framework\src\traditional\proc\p18f46k22.asm
               ADCON2bits   0x000fc0       data     extern E:\c18v3.46\pic18-lt\cxx-framework\src\traditional\proc\p18f46k22.asm
                    ADRES   0x000fc3       data     extern E:\c18v3.46\pic18-lt\cxx-framework\src\traditional\proc\p18f46k22.asm
                   ADRESH   0x000fc4       data     extern E:\c18v3.46\pic18-lt\cxx-framework\src\traditional\proc\p18f46k22.asm
                   ADRESL   0x000fc3       data     extern E:\c18v3.46\pic18-lt\cxx-framework\src\traditional\proc\p18f46k22.asm
                   ANSELA   0x000f38       data     extern E:\c18v3.46\pic18-lt\cxx-framework\src\traditional\proc\p18f46k22.asm
               ANSELAbits   0x000f38       data     extern E:\c18v3.46\pic18-lt\cxx-framework\src\traditional\proc\p18f46k22.asm
                   ANSELB   0x000f39       data     extern E:\c18v3.46\pic18-lt\cxx-framework\src\traditional\proc\p18f46k22.asm
               ANSELBbits   0x000f39       data     extern E:\c18v3.46\pic18-lt\cxx-framework\src\traditional\proc\p18f46k22.asm
                   ANSELC   0x000f3a       data     extern E:\c18v3.46\pic18-lt\cxx-framework\src\traditional\proc\p18f46k22.asm
               ANSELCbits   0x000f3a       data     extern E:\c18v3.46\pic18-lt\cxx-framework\src\traditional\proc\p18f46k22.asm
                   ANSELD   0x000f3b       data     extern E:\c18v3.46\pic18-lt\cxx-framework\src\traditional\proc\p18f46k22.asm
               ANSELDbits   0x000f3b       data     extern E:\c18v3.46\pic18-lt\cxx-framework\src\traditional\proc\p18f46k22.asm
                   ANSELE   0x000f3c       data     extern E:\c18v3.46\pic18-lt\cxx-framework\src\traditional\proc\p18f46k22.asm
               ANSELEbits   0x000f3c       data     extern E:\c18v3.46\pic18-lt\cxx-framework\src\traditional\proc\p18f46k22.asm
             AppTimestamp   0x000f22       data     extern C:\Saagar\Repository\Schneider_Hyderabad\Firmware_18F46K22_OLDUNITS_V1\timer_driver.c
                 BAUD1CON   0x000fb8       data     extern E:\c18v3.46\pic18-lt\cxx-framework\src\traditional\proc\p18f46k22.asm
             BAUD1CONbits   0x000fb8       data     extern E:\c18v3.46\pic18-lt\cxx-framework\src\traditional\proc\p18f46k22.asm
                 BAUD2CON   0x000f70       data     extern E:\c18v3.46\pic18-lt\cxx-framework\src\traditional\proc\p18f46k22.asm
             BAUD2CONbits   0x000f70       data     extern E:\c18v3.46\pic18-lt\cxx-framework\src\traditional\proc\p18f46k22.asm
                  BAUDCON   0x000fb8       data     extern E:\c18v3.46\pic18-lt\cxx-framework\src\traditional\proc\p18f46k22.asm
                 BAUDCON1   0x000fb8       data     extern E:\c18v3.46\pic18-lt\cxx-framework\src\traditional\proc\p18f46k22.asm
             BAUDCON1bits   0x000fb8       data     extern E:\c18v3.46\pic18-lt\cxx-framework\src\traditional\proc\p18f46k22.asm
                 BAUDCON2   0x000f70       data     extern E:\c18v3.46\pic18-lt\cxx-framework\src\traditional\proc\p18f46k22.asm
             BAUDCON2bits   0x000f70       data     extern E:\c18v3.46\pic18-lt\cxx-framework\src\traditional\proc\p18f46k22.asm
              BAUDCONbits   0x000fb8       data     extern E:\c18v3.46\pic18-lt\cxx-framework\src\traditional\proc\p18f46k22.asm
                  BAUDCTL   0x000fb8       data     extern E:\c18v3.46\pic18-lt\cxx-framework\src\traditional\proc\p18f46k22.asm
              BAUDCTLbits   0x000fb8       data     extern E:\c18v3.46\pic18-lt\cxx-framework\src\traditional\proc\p18f46k22.asm
                      BSR   0x000fe0       data     extern E:\c18v3.46\pic18-lt\cxx-framework\src\traditional\proc\p18f46k22.asm
                  CCP1CON   0x000fbd       data     extern E:\c18v3.46\pic18-lt\cxx-framework\src\traditional\proc\p18f46k22.asm
              CCP1CONbits   0x000fbd       data     extern E:\c18v3.46\pic18-lt\cxx-framework\src\traditional\proc\p18f46k22.asm
                   CCP2AS   0x000f64       data     extern E:\c18v3.46\pic18-lt\cxx-framework\src\traditional\proc\p18f46k22.asm
               CCP2ASbits   0x000f64       data     extern E:\c18v3.46\pic18-lt\cxx-framework\src\traditional\proc\p18f46k22.asm
                  CCP2CON   0x000f66       data     extern E:\c18v3.46\pic18-lt\cxx-framework\src\traditional\proc\p18f46k22.asm
              CCP2CONbits   0x000f66       data     extern E:\c18v3.46\pic18-lt\cxx-framework\src\traditional\proc\p18f46k22.asm
                   CCP3AS   0x000f5b       data     extern E:\c18v3.46\pic18-lt\cxx-framework\src\traditional\proc\p18f46k22.asm
               CCP3ASbits   0x000f5b       data     extern E:\c18v3.46\pic18-lt\cxx-framework\src\traditional\proc\p18f46k22.asm
                  CCP3CON   0x000f5d       data     extern E:\c18v3.46\pic18-lt\cxx-framework\src\traditional\proc\p18f46k22.asm
              CCP3CONbits   0x000f5d       data     extern E:\c18v3.46\pic18-lt\cxx-framework\src\traditional\proc\p18f46k22.asm
                  CCP4CON   0x000f57       data     extern E:\c18v3.46\pic18-lt\cxx-framework\src\traditional\proc\p18f46k22.asm
              CCP4CONbits   0x000f57       data     extern E:\c18v3.46\pic18-lt\cxx-framework\src\traditional\proc\p18f46k22.asm
                  CCP5CON   0x000f54       data     extern E:\c18v3.46\pic18-lt\cxx-framework\src\traditional\proc\p18f46k22.asm
              CCP5CONbits   0x000f54       data     extern E:\c18v3.46\pic18-lt\cxx-framework\src\traditional\proc\p18f46k22.asm
                    CCPR1   0x000fbe       data     extern E:\c18v3.46\pic18-lt\cxx-framework\src\traditional\proc\p18f46k22.asm
                   CCPR1H   0x000fbf       data     extern E:\c18v3.46\pic18-lt\cxx-framework\src\traditional\proc\p18f46k22.asm
                   CCPR1L   0x000fbe       data     extern E:\c18v3.46\pic18-lt\cxx-framework\src\traditional\proc\p18f46k22.asm
                    CCPR2   0x000f67       data     extern E:\c18v3.46\pic18-lt\cxx-framework\src\traditional\proc\p18f46k22.asm
                   CCPR2H   0x000f68       data     extern E:\c18v3.46\pic18-lt\cxx-framework\src\traditional\proc\p18f46k22.asm
                   CCPR2L   0x000f67       data     extern E:\c18v3.46\pic18-lt\cxx-framework\src\traditional\proc\p18f46k22.asm
                    CCPR3   0x000f5e       data     extern E:\c18v3.46\pic18-lt\cxx-framework\src\traditional\proc\p18f46k22.asm
                   CCPR3H   0x000f5f       data     extern E:\c18v3.46\pic18-lt\cxx-framework\src\traditional\proc\p18f46k22.asm
                   CCPR3L   0x000f5e       data     extern E:\c18v3.46\pic18-lt\cxx-framework\src\traditional\proc\p18f46k22.asm
                    CCPR4   0x000f58       data     extern E:\c18v3.46\pic18-lt\cxx-framework\src\traditional\proc\p18f46k22.asm
                   CCPR4H   0x000f59       data     extern E:\c18v3.46\pic18-lt\cxx-framework\src\traditional\proc\p18f46k22.asm
                   CCPR4L   0x000f58       data     extern E:\c18v3.46\pic18-lt\cxx-framework\src\traditional\proc\p18f46k22.asm
                    CCPR5   0x000f55       data     extern E:\c18v3.46\pic18-lt\cxx-framework\src\traditional\proc\p18f46k22.asm
                   CCPR5H   0x000f56       data     extern E:\c18v3.46\pic18-lt\cxx-framework\src\traditional\proc\p18f46k22.asm
                   CCPR5L   0x000f55       data     extern E:\c18v3.46\pic18-lt\cxx-framework\src\traditional\proc\p18f46k22.asm
                 CCPTMRS0   0x000f49       data     extern E:\c18v3.46\pic18-lt\cxx-framework\src\traditional\proc\p18f46k22.asm
             CCPTMRS0bits   0x000f49       data     extern E:\c18v3.46\pic18-lt\cxx-framework\src\traditional\proc\p18f46k22.asm
                 CCPTMRS1   0x000f48       data     extern E:\c18v3.46\pic18-lt\cxx-framework\src\traditional\proc\p18f46k22.asm
             CCPTMRS1bits   0x000f48       data     extern E:\c18v3.46\pic18-lt\cxx-framework\src\traditional\proc\p18f46k22.asm
                  CM12CON   0x000f77       data     extern E:\c18v3.46\pic18-lt\cxx-framework\src\traditional\proc\p18f46k22.asm
              CM12CONbits   0x000f77       data     extern E:\c18v3.46\pic18-lt\cxx-framework\src\traditional\proc\p18f46k22.asm
                   CM1CON   0x000f79       data     extern E:\c18v3.46\pic18-lt\cxx-framework\src\traditional\proc\p18f46k22.asm
                  CM1CON0   0x000f79       data     extern E:\c18v3.46\pic18-lt\cxx-framework\src\traditional\proc\p18f46k22.asm
              CM1CON0bits   0x000f79       data     extern E:\c18v3.46\pic18-lt\cxx-framework\src\traditional\proc\p18f46k22.asm
               CM1CONbits   0x000f79       data     extern E:\c18v3.46\pic18-lt\cxx-framework\src\traditional\proc\p18f46k22.asm
                   CM2CON   0x000f78       data     extern E:\c18v3.46\pic18-lt\cxx-framework\src\traditional\proc\p18f46k22.asm
                  CM2CON0   0x000f78       data     extern E:\c18v3.46\pic18-lt\cxx-framework\src\traditional\proc\p18f46k22.asm
              CM2CON0bits   0x000f78       data     extern E:\c18v3.46\pic18-lt\cxx-framework\src\traditional\proc\p18f46k22.asm
                  CM2CON1   0x000f77       data     extern E:\c18v3.46\pic18-lt\cxx-framework\src\traditional\proc\p18f46k22.asm
              CM2CON1bits   0x000f77       data     extern E:\c18v3.46\pic18-lt\cxx-framework\src\traditional\proc\p18f46k22.asm
               CM2CONbits   0x000f78       data     extern E:\c18v3.46\pic18-lt\cxx-framework\src\traditional\proc\p18f46k22.asm
                 CTMUCON0   0x000f45       data     extern E:\c18v3.46\pic18-lt\cxx-framework\src\traditional\proc\p18f46k22.asm
             CTMUCON0bits   0x000f45       data     extern E:\c18v3.46\pic18-lt\cxx-framework\src\traditional\proc\p18f46k22.asm
                 CTMUCON1   0x000f44       data     extern E:\c18v3.46\pic18-lt\cxx-framework\src\traditional\proc\p18f46k22.asm
             CTMUCON1bits   0x000f44       data     extern E:\c18v3.46\pic18-lt\cxx-framework\src\traditional\proc\p18f46k22.asm
                 CTMUCONH   0x000f45       data     extern E:\c18v3.46\pic18-lt\cxx-framework\src\traditional\proc\p18f46k22.asm
             CTMUCONHbits   0x000f45       data     extern E:\c18v3.46\pic18-lt\cxx-framework\src\traditional\proc\p18f46k22.asm
                 CTMUCONL   0x000f44       data     extern E:\c18v3.46\pic18-lt\cxx-framework\src\traditional\proc\p18f46k22.asm
             CTMUCONLbits   0x000f44       data     extern E:\c18v3.46\pic18-lt\cxx-framework\src\traditional\proc\p18f46k22.asm
                 CTMUICON   0x000f43       data     extern E:\c18v3.46\pic18-lt\cxx-framework\src\traditional\proc\p18f46k22.asm
                CTMUICONH   0x000f43       data     extern E:\c18v3.46\pic18-lt\cxx-framework\src\traditional\proc\p18f46k22.asm
            CTMUICONHbits   0x000f43       data     extern E:\c18v3.46\pic18-lt\cxx-framework\src\traditional\proc\p18f46k22.asm
             CTMUICONbits   0x000f43       data     extern E:\c18v3.46\pic18-lt\cxx-framework\src\traditional\proc\p18f46k22.asm
                  DACCON0   0x000f41       data     extern E:\c18v3.46\pic18-lt\cxx-framework\src\traditional\proc\p18f46k22.asm
              DACCON0bits   0x000f41       data     extern E:\c18v3.46\pic18-lt\cxx-framework\src\traditional\proc\p18f46k22.asm
                  DACCON1   0x000f40       data     extern E:\c18v3.46\pic18-lt\cxx-framework\src\traditional\proc\p18f46k22.asm
              DACCON1bits   0x000f40       data     extern E:\c18v3.46\pic18-lt\cxx-framework\src\traditional\proc\p18f46k22.asm
                     DDRA   0x000f92       data     extern E:\c18v3.46\pic18-lt\cxx-framework\src\traditional\proc\p18f46k22.asm
                 DDRAbits   0x000f92       data     extern E:\c18v3.46\pic18-lt\cxx-framework\src\traditional\proc\p18f46k22.asm
                     DDRB   0x000f93       data     extern E:\c18v3.46\pic18-lt\cxx-framework\src\traditional\proc\p18f46k22.asm
                 DDRBbits   0x000f93       data     extern E:\c18v3.46\pic18-lt\cxx-framework\src\traditional\proc\p18f46k22.asm
                     DDRC   0x000f94       data     extern E:\c18v3.46\pic18-lt\cxx-framework\src\traditional\proc\p18f46k22.asm
                 DDRCbits   0x000f94       data     extern E:\c18v3.46\pic18-lt\cxx-framework\src\traditional\proc\p18f46k22.asm
                     DDRD   0x000f95       data     extern E:\c18v3.46\pic18-lt\cxx-framework\src\traditional\proc\p18f46k22.asm
                 DDRDbits   0x000f95       data     extern E:\c18v3.46\pic18-lt\cxx-framework\src\traditional\proc\p18f46k22.asm
                     DDRE   0x000f96       data     extern E:\c18v3.46\pic18-lt\cxx-framework\src\traditional\proc\p18f46k22.asm
                 DDREbits   0x000f96       data     extern E:\c18v3.46\pic18-lt\cxx-framework\src\traditional\proc\p18f46k22.asm
            DelayCounter1   0x00001a       data     extern E:\c18v3.46\pic18-lt\cxx-framework\src\traditional\delays\delayd1.asm
                  ECCP1AS   0x000fb6       data     extern E:\c18v3.46\pic18-lt\cxx-framework\src\traditional\proc\p18f46k22.asm
              ECCP1ASbits   0x000fb6       data     extern E:\c18v3.46\pic18-lt\cxx-framework\src\traditional\proc\p18f46k22.asm
                  ECCP2AS   0x000f64       data     extern E:\c18v3.46\pic18-lt\cxx-framework\src\traditional\proc\p18f46k22.asm
              ECCP2ASbits   0x000f64       data     extern E:\c18v3.46\pic18-lt\cxx-framework\src\traditional\proc\p18f46k22.asm
                  ECCP3AS   0x000f5b       data     extern E:\c18v3.46\pic18-lt\cxx-framework\src\traditional\proc\p18f46k22.asm
              ECCP3ASbits   0x000f5b       data     extern E:\c18v3.46\pic18-lt\cxx-framework\src\traditional\proc\p18f46k22.asm
                   ECCPAS   0x000fb6       data     extern E:\c18v3.46\pic18-lt\cxx-framework\src\traditional\proc\p18f46k22.asm
               ECCPASbits   0x000fb6       data     extern E:\c18v3.46\pic18-lt\cxx-framework\src\traditional\proc\p18f46k22.asm
                    EEADR   0x000fa9       data     extern E:\c18v3.46\pic18-lt\cxx-framework\src\traditional\proc\p18f46k22.asm
                   EEADRH   0x000faa       data     extern E:\c18v3.46\pic18-lt\cxx-framework\src\traditional\proc\p18f46k22.asm
               EEADRHbits   0x000faa       data     extern E:\c18v3.46\pic18-lt\cxx-framework\src\traditional\proc\p18f46k22.asm
                EEADRbits   0x000fa9       data     extern E:\c18v3.46\pic18-lt\cxx-framework\src\traditional\proc\p18f46k22.asm
                   EECON1   0x000fa6       data     extern E:\c18v3.46\pic18-lt\cxx-framework\src\traditional\proc\p18f46k22.asm
               EECON1bits   0x000fa6       data     extern E:\c18v3.46\pic18-lt\cxx-framework\src\traditional\proc\p18f46k22.asm
                   EECON2   0x000fa7       data     extern E:\c18v3.46\pic18-lt\cxx-framework\src\traditional\proc\p18f46k22.asm
                   EEDATA   0x000fa8       data     extern E:\c18v3.46\pic18-lt\cxx-framework\src\traditional\proc\p18f46k22.asm
                     FSR0   0x000fe9       data     extern E:\c18v3.46\pic18-lt\cxx-framework\src\traditional\proc\p18f46k22.asm
                    FSR0H   0x000fea       data     extern E:\c18v3.46\pic18-lt\cxx-framework\src\traditional\proc\p18f46k22.asm
                    FSR0L   0x000fe9       data     extern E:\c18v3.46\pic18-lt\cxx-framework\src\traditional\proc\p18f46k22.asm
                     FSR1   0x000fe1       data     extern E:\c18v3.46\pic18-lt\cxx-framework\src\traditional\proc\p18f46k22.asm
                    FSR1H   0x000fe2       data     extern E:\c18v3.46\pic18-lt\cxx-framework\src\traditional\proc\p18f46k22.asm
                    FSR1L   0x000fe1       data     extern E:\c18v3.46\pic18-lt\cxx-framework\src\traditional\proc\p18f46k22.asm
                     FSR2   0x000fd9       data     extern E:\c18v3.46\pic18-lt\cxx-framework\src\traditional\proc\p18f46k22.asm
                    FSR2H   0x000fda       data     extern E:\c18v3.46\pic18-lt\cxx-framework\src\traditional\proc\p18f46k22.asm
                    FSR2L   0x000fd9       data     extern E:\c18v3.46\pic18-lt\cxx-framework\src\traditional\proc\p18f46k22.asm
                   FVRCON   0x000f42       data     extern E:\c18v3.46\pic18-lt\cxx-framework\src\traditional\proc\p18f46k22.asm
               FVRCONbits   0x000f42       data     extern E:\c18v3.46\pic18-lt\cxx-framework\src\traditional\proc\p18f46k22.asm
                  HLVDCON   0x000f9c       data     extern E:\c18v3.46\pic18-lt\cxx-framework\src\traditional\proc\p18f46k22.asm
              HLVDCONbits   0x000f9c       data     extern E:\c18v3.46\pic18-lt\cxx-framework\src\traditional\proc\p18f46k22.asm
                    INDF0   0x000fef       data     extern E:\c18v3.46\pic18-lt\cxx-framework\src\traditional\proc\p18f46k22.asm
                    INDF1   0x000fe7       data     extern E:\c18v3.46\pic18-lt\cxx-framework\src\traditional\proc\p18f46k22.asm
                    INDF2   0x000fdf       data     extern E:\c18v3.46\pic18-lt\cxx-framework\src\traditional\proc\p18f46k22.asm
                   INTCON   0x000ff2       data     extern E:\c18v3.46\pic18-lt\cxx-framework\src\traditional\proc\p18f46k22.asm
                  INTCON2   0x000ff1       data     extern E:\c18v3.46\pic18-lt\cxx-framework\src\traditional\proc\p18f46k22.asm
              INTCON2bits   0x000ff1       data     extern E:\c18v3.46\pic18-lt\cxx-framework\src\traditional\proc\p18f46k22.asm
                  INTCON3   0x000ff0       data     extern E:\c18v3.46\pic18-lt\cxx-framework\src\traditional\proc\p18f46k22.asm
              INTCON3bits   0x000ff0       data     extern E:\c18v3.46\pic18-lt\cxx-framework\src\traditional\proc\p18f46k22.asm
               INTCONbits   0x000ff2       data     extern E:\c18v3.46\pic18-lt\cxx-framework\src\traditional\proc\p18f46k22.asm
                     IOCB   0x000f62       data     extern E:\c18v3.46\pic18-lt\cxx-framework\src\traditional\proc\p18f46k22.asm
                 IOCBbits   0x000f62       data     extern E:\c18v3.46\pic18-lt\cxx-framework\src\traditional\proc\p18f46k22.asm
                     IPR1   0x000f9f       data     extern E:\c18v3.46\pic18-lt\cxx-framework\src\traditional\proc\p18f46k22.asm
                 IPR1bits   0x000f9f       data     extern E:\c18v3.46\pic18-lt\cxx-framework\src\traditional\proc\p18f46k22.asm
                     IPR2   0x000fa2       data     extern E:\c18v3.46\pic18-lt\cxx-framework\src\traditional\proc\p18f46k22.asm
                 IPR2bits   0x000fa2       data     extern E:\c18v3.46\pic18-lt\cxx-framework\src\traditional\proc\p18f46k22.asm
                     IPR3   0x000fa5       data     extern E:\c18v3.46\pic18-lt\cxx-framework\src\traditional\proc\p18f46k22.asm
                 IPR3bits   0x000fa5       data     extern E:\c18v3.46\pic18-lt\cxx-framework\src\traditional\proc\p18f46k22.asm
                     IPR4   0x000f7c       data     extern E:\c18v3.46\pic18-lt\cxx-framework\src\traditional\proc\p18f46k22.asm
                 IPR4bits   0x000f7c       data     extern E:\c18v3.46\pic18-lt\cxx-framework\src\traditional\proc\p18f46k22.asm
                     IPR5   0x000f7f       data     extern E:\c18v3.46\pic18-lt\cxx-framework\src\traditional\proc\p18f46k22.asm
                 IPR5bits   0x000f7f       data     extern E:\c18v3.46\pic18-lt\cxx-framework\src\traditional\proc\p18f46k22.asm
                     LATA   0x000f89       data     extern E:\c18v3.46\pic18-lt\cxx-framework\src\traditional\proc\p18f46k22.asm
                 LATAbits   0x000f89       data     extern E:\c18v3.46\pic18-lt\cxx-framework\src\traditional\proc\p18f46k22.asm
                     LATB   0x000f8a       data     extern E:\c18v3.46\pic18-lt\cxx-framework\src\traditional\proc\p18f46k22.asm
                 LATBbits   0x000f8a       data     extern E:\c18v3.46\pic18-lt\cxx-framework\src\traditional\proc\p18f46k22.asm
                     LATC   0x000f8b       data     extern E:\c18v3.46\pic18-lt\cxx-framework\src\traditional\proc\p18f46k22.asm
                 LATCbits   0x000f8b       data     extern E:\c18v3.46\pic18-lt\cxx-framework\src\traditional\proc\p18f46k22.asm
                     LATD   0x000f8c       data     extern E:\c18v3.46\pic18-lt\cxx-framework\src\traditional\proc\p18f46k22.asm
                 LATDbits   0x000f8c       data     extern E:\c18v3.46\pic18-lt\cxx-framework\src\traditional\proc\p18f46k22.asm
                     LATE   0x000f8d       data     extern E:\c18v3.46\pic18-lt\cxx-framework\src\traditional\proc\p18f46k22.asm
                 LATEbits   0x000f8d       data     extern E:\c18v3.46\pic18-lt\cxx-framework\src\traditional\proc\p18f46k22.asm
                   LVDCON   0x000f9c       data     extern E:\c18v3.46\pic18-lt\cxx-framework\src\traditional\proc\p18f46k22.asm
               LVDCONbits   0x000f9c       data     extern E:\c18v3.46\pic18-lt\cxx-framework\src\traditional\proc\p18f46k22.asm
                    Login   0x0001b9       data     extern C:\Saagar\Repository\Schneider_Hyderabad\Firmware_18F46K22_OLDUNITS_V1\keypad_driver.c
                   OSCCON   0x000fd3       data     extern E:\c18v3.46\pic18-lt\cxx-framework\src\traditional\proc\p18f46k22.asm
                  OSCCON2   0x000fd2       data     extern E:\c18v3.46\pic18-lt\cxx-framework\src\traditional\proc\p18f46k22.asm
              OSCCON2bits   0x000fd2       data     extern E:\c18v3.46\pic18-lt\cxx-framework\src\traditional\proc\p18f46k22.asm
               OSCCONbits   0x000fd3       data     extern E:\c18v3.46\pic18-lt\cxx-framework\src\traditional\proc\p18f46k22.asm
                  OSCTUNE   0x000f9b       data     extern E:\c18v3.46\pic18-lt\cxx-framework\src\traditional\proc\p18f46k22.asm
              OSCTUNEbits   0x000f9b       data     extern E:\c18v3.46\pic18-lt\cxx-framework\src\traditional\proc\p18f46k22.asm
                       PC   0x000ff9       data     extern E:\c18v3.46\pic18-lt\cxx-framework\src\traditional\proc\p18f46k22.asm
                      PCL   0x000ff9       data     extern E:\c18v3.46\pic18-lt\cxx-framework\src\traditional\proc\p18f46k22.asm
                   PCLATH   0x000ffa       data     extern E:\c18v3.46\pic18-lt\cxx-framework\src\traditional\proc\p18f46k22.asm
                   PCLATU   0x000ffb       data     extern E:\c18v3.46\pic18-lt\cxx-framework\src\traditional\proc\p18f46k22.asm
                     PIE1   0x000f9d       data     extern E:\c18v3.46\pic18-lt\cxx-framework\src\traditional\proc\p18f46k22.asm
                 PIE1bits   0x000f9d       data     extern E:\c18v3.46\pic18-lt\cxx-framework\src\traditional\proc\p18f46k22.asm
                     PIE2   0x000fa0       data     extern E:\c18v3.46\pic18-lt\cxx-framework\src\traditional\proc\p18f46k22.asm
                 PIE2bits   0x000fa0       data     extern E:\c18v3.46\pic18-lt\cxx-framework\src\traditional\proc\p18f46k22.asm
                     PIE3   0x000fa3       data     extern E:\c18v3.46\pic18-lt\cxx-framework\src\traditional\proc\p18f46k22.asm
                 PIE3bits   0x000fa3       data     extern E:\c18v3.46\pic18-lt\cxx-framework\src\traditional\proc\p18f46k22.asm
                     PIE4   0x000f7a       data     extern E:\c18v3.46\pic18-lt\cxx-framework\src\traditional\proc\p18f46k22.asm
                 PIE4bits   0x000f7a       data     extern E:\c18v3.46\pic18-lt\cxx-framework\src\traditional\proc\p18f46k22.asm
                     PIE5   0x000f7d       data     extern E:\c18v3.46\pic18-lt\cxx-framework\src\traditional\proc\p18f46k22.asm
                 PIE5bits   0x000f7d       data     extern E:\c18v3.46\pic18-lt\cxx-framework\src\traditional\proc\p18f46k22.asm
                     PIR1   0x000f9e       data     extern E:\c18v3.46\pic18-lt\cxx-framework\src\traditional\proc\p18f46k22.asm
                 PIR1bits   0x000f9e       data     extern E:\c18v3.46\pic18-lt\cxx-framework\src\traditional\proc\p18f46k22.asm
                     PIR2   0x000fa1       data     extern E:\c18v3.46\pic18-lt\cxx-framework\src\traditional\proc\p18f46k22.asm
                 PIR2bits   0x000fa1       data     extern E:\c18v3.46\pic18-lt\cxx-framework\src\traditional\proc\p18f46k22.asm
                     PIR3   0x000fa4       data     extern E:\c18v3.46\pic18-lt\cxx-framework\src\traditional\proc\p18f46k22.asm
                 PIR3bits   0x000fa4       data     extern E:\c18v3.46\pic18-lt\cxx-framework\src\traditional\proc\p18f46k22.asm
                     PIR4   0x000f7b       data     extern E:\c18v3.46\pic18-lt\cxx-framework\src\traditional\proc\p18f46k22.asm
                 PIR4bits   0x000f7b       data     extern E:\c18v3.46\pic18-lt\cxx-framework\src\traditional\proc\p18f46k22.asm
                     PIR5   0x000f7e       data     extern E:\c18v3.46\pic18-lt\cxx-framework\src\traditional\proc\p18f46k22.asm
                 PIR5bits   0x000f7e       data     extern E:\c18v3.46\pic18-lt\cxx-framework\src\traditional\proc\p18f46k22.asm
                   PLUSW0   0x000feb       data     extern E:\c18v3.46\pic18-lt\cxx-framework\src\traditional\proc\p18f46k22.asm
                   PLUSW1   0x000fe3       data     extern E:\c18v3.46\pic18-lt\cxx-framework\src\traditional\proc\p18f46k22.asm
                   PLUSW2   0x000fdb       data     extern E:\c18v3.46\pic18-lt\cxx-framework\src\traditional\proc\p18f46k22.asm
                     PMD0   0x000f3f       data     extern E:\c18v3.46\pic18-lt\cxx-framework\src\traditional\proc\p18f46k22.asm
                 PMD0bits   0x000f3f       data     extern E:\c18v3.46\pic18-lt\cxx-framework\src\traditional\proc\p18f46k22.asm
                     PMD1   0x000f3e       data     extern E:\c18v3.46\pic18-lt\cxx-framework\src\traditional\proc\p18f46k22.asm
                 PMD1bits   0x000f3e       data     extern E:\c18v3.46\pic18-lt\cxx-framework\src\traditional\proc\p18f46k22.asm
                     PMD2   0x000f3d       data     extern E:\c18v3.46\pic18-lt\cxx-framework\src\traditional\proc\p18f46k22.asm
                 PMD2bits   0x000f3d       data     extern E:\c18v3.46\pic18-lt\cxx-framework\src\traditional\proc\p18f46k22.asm
                    PORTA   0x000f80       data     extern E:\c18v3.46\pic18-lt\cxx-framework\src\traditional\proc\p18f46k22.asm
                PORTAbits   0x000f80       data     extern E:\c18v3.46\pic18-lt\cxx-framework\src\traditional\proc\p18f46k22.asm
                    PORTB   0x000f81       data     extern E:\c18v3.46\pic18-lt\cxx-framework\src\traditional\proc\p18f46k22.asm
                PORTBbits   0x000f81       data     extern E:\c18v3.46\pic18-lt\cxx-framework\src\traditional\proc\p18f46k22.asm
                    PORTC   0x000f82       data     extern E:\c18v3.46\pic18-lt\cxx-framework\src\traditional\proc\p18f46k22.asm
                PORTCbits   0x000f82       data     extern E:\c18v3.46\pic18-lt\cxx-framework\src\traditional\proc\p18f46k22.asm
                    PORTD   0x000f83       data     extern E:\c18v3.46\pic18-lt\cxx-framework\src\traditional\proc\p18f46k22.asm
                PORTDbits   0x000f83       data     extern E:\c18v3.46\pic18-lt\cxx-framework\src\traditional\proc\p18f46k22.asm
                    PORTE   0x000f84       data     extern E:\c18v3.46\pic18-lt\cxx-framework\src\traditional\proc\p18f46k22.asm
                PORTEbits   0x000f84       data     extern E:\c18v3.46\pic18-lt\cxx-framework\src\traditional\proc\p18f46k22.asm
                 POSTDEC0   0x000fed       data     extern E:\c18v3.46\pic18-lt\cxx-framework\src\traditional\proc\p18f46k22.asm
                 POSTDEC1   0x000fe5       data     extern E:\c18v3.46\pic18-lt\cxx-framework\src\traditional\proc\p18f46k22.asm
                 POSTDEC2   0x000fdd       data     extern E:\c18v3.46\pic18-lt\cxx-framework\src\traditional\proc\p18f46k22.asm
                 POSTINC0   0x000fee       data     extern E:\c18v3.46\pic18-lt\cxx-framework\src\traditional\proc\p18f46k22.asm
                 POSTINC1   0x000fe6       data     extern E:\c18v3.46\pic18-lt\cxx-framework\src\traditional\proc\p18f46k22.asm
                 POSTINC2   0x000fde       data     extern E:\c18v3.46\pic18-lt\cxx-framework\src\traditional\proc\p18f46k22.asm
                      PR2   0x000fbb       data     extern E:\c18v3.46\pic18-lt\cxx-framework\src\traditional\proc\p18f46k22.asm
                      PR4   0x000f52       data     extern E:\c18v3.46\pic18-lt\cxx-framework\src\traditional\proc\p18f46k22.asm
                      PR6   0x000f4b       data     extern E:\c18v3.46\pic18-lt\cxx-framework\src\traditional\proc\p18f46k22.asm
                  PREINC0   0x000fec       data     extern E:\c18v3.46\pic18-lt\cxx-framework\src\traditional\proc\p18f46k22.asm
                  PREINC1   0x000fe4       data     extern E:\c18v3.46\pic18-lt\cxx-framework\src\traditional\proc\p18f46k22.asm
                  PREINC2   0x000fdc       data     extern E:\c18v3.46\pic18-lt\cxx-framework\src\traditional\proc\p18f46k22.asm
                     PROD   0x000ff3       data     extern E:\c18v3.46\pic18-lt\cxx-framework\src\traditional\proc\p18f46k22.asm
                    PRODH   0x000ff4       data     extern E:\c18v3.46\pic18-lt\cxx-framework\src\traditional\proc\p18f46k22.asm
                    PRODL   0x000ff3       data     extern E:\c18v3.46\pic18-lt\cxx-framework\src\traditional\proc\p18f46k22.asm
                 PSTR1CON   0x000fb9       data     extern E:\c18v3.46\pic18-lt\cxx-framework\src\traditional\proc\p18f46k22.asm
             PSTR1CONbits   0x000fb9       data     extern E:\c18v3.46\pic18-lt\cxx-framework\src\traditional\proc\p18f46k22.asm
                 PSTR2CON   0x000f63       data     extern E:\c18v3.46\pic18-lt\cxx-framework\src\traditional\proc\p18f46k22.asm
             PSTR2CONbits   0x000f63       data     extern E:\c18v3.46\pic18-lt\cxx-framework\src\traditional\proc\p18f46k22.asm
                 PSTR3CON   0x000f5a       data     extern E:\c18v3.46\pic18-lt\cxx-framework\src\traditional\proc\p18f46k22.asm
             PSTR3CONbits   0x000f5a       data     extern E:\c18v3.46\pic18-lt\cxx-framework\src\traditional\proc\p18f46k22.asm
                  PSTRCON   0x000fb9       data     extern E:\c18v3.46\pic18-lt\cxx-framework\src\traditional\proc\p18f46k22.asm
              PSTRCONbits   0x000fb9       data     extern E:\c18v3.46\pic18-lt\cxx-framework\src\traditional\proc\p18f46k22.asm
                  PWM1CON   0x000fb7       data     extern E:\c18v3.46\pic18-lt\cxx-framework\src\traditional\proc\p18f46k22.asm
              PWM1CONbits   0x000fb7       data     extern E:\c18v3.46\pic18-lt\cxx-framework\src\traditional\proc\p18f46k22.asm
                  PWM2CON   0x000f65       data     extern E:\c18v3.46\pic18-lt\cxx-framework\src\traditional\proc\p18f46k22.asm
              PWM2CONbits   0x000f65       data     extern E:\c18v3.46\pic18-lt\cxx-framework\src\traditional\proc\p18f46k22.asm
                  PWM3CON   0x000f5c       data     extern E:\c18v3.46\pic18-lt\cxx-framework\src\traditional\proc\p18f46k22.asm
              PWM3CONbits   0x000f5c       data     extern E:\c18v3.46\pic18-lt\cxx-framework\src\traditional\proc\p18f46k22.asm
                   PWMCON   0x000fb7       data     extern E:\c18v3.46\pic18-lt\cxx-framework\src\traditional\proc\p18f46k22.asm
               PWMCONbits   0x000fb7       data     extern E:\c18v3.46\pic18-lt\cxx-framework\src\traditional\proc\p18f46k22.asm
                   RC1REG   0x000fae       data     extern E:\c18v3.46\pic18-lt\cxx-framework\src\traditional\proc\p18f46k22.asm
               RC1REGbits   0x000fae       data     extern E:\c18v3.46\pic18-lt\cxx-framework\src\traditional\proc\p18f46k22.asm
                   RC1STA   0x000fab       data     extern E:\c18v3.46\pic18-lt\cxx-framework\src\traditional\proc\p18f46k22.asm
               RC1STAbits   0x000fab       data     extern E:\c18v3.46\pic18-lt\cxx-framework\src\traditional\proc\p18f46k22.asm
                   RC2REG   0x000f74       data     extern E:\c18v3.46\pic18-lt\cxx-framework\src\traditional\proc\p18f46k22.asm
                   RC2STA   0x000f71       data     extern E:\c18v3.46\pic18-lt\cxx-framework\src\traditional\proc\p18f46k22.asm
               RC2STAbits   0x000f71       data     extern E:\c18v3.46\pic18-lt\cxx-framework\src\traditional\proc\p18f46k22.asm
                     RCON   0x000fd0       data     extern E:\c18v3.46\pic18-lt\cxx-framework\src\traditional\proc\p18f46k22.asm
                 RCONbits   0x000fd0       data     extern E:\c18v3.46\pic18-lt\cxx-framework\src\traditional\proc\p18f46k22.asm
                    RCREG   0x000fae       data     extern E:\c18v3.46\pic18-lt\cxx-framework\src\traditional\proc\p18f46k22.asm
                   RCREG1   0x000fae       data     extern E:\c18v3.46\pic18-lt\cxx-framework\src\traditional\proc\p18f46k22.asm
               RCREG1bits   0x000fae       data     extern E:\c18v3.46\pic18-lt\cxx-framework\src\traditional\proc\p18f46k22.asm
                   RCREG2   0x000f74       data     extern E:\c18v3.46\pic18-lt\cxx-framework\src\traditional\proc\p18f46k22.asm
                RCREGbits   0x000fae       data     extern E:\c18v3.46\pic18-lt\cxx-framework\src\traditional\proc\p18f46k22.asm
                    RCSTA   0x000fab       data     extern E:\c18v3.46\pic18-lt\cxx-framework\src\traditional\proc\p18f46k22.asm
                   RCSTA1   0x000fab       data     extern E:\c18v3.46\pic18-lt\cxx-framework\src\traditional\proc\p18f46k22.asm
               RCSTA1bits   0x000fab       data     extern E:\c18v3.46\pic18-lt\cxx-framework\src\traditional\proc\p18f46k22.asm
                   RCSTA2   0x000f71       data     extern E:\c18v3.46\pic18-lt\cxx-framework\src\traditional\proc\p18f46k22.asm
               RCSTA2bits   0x000f71       data     extern E:\c18v3.46\pic18-lt\cxx-framework\src\traditional\proc\p18f46k22.asm
                RCSTAbits   0x000fab       data     extern E:\c18v3.46\pic18-lt\cxx-framework\src\traditional\proc\p18f46k22.asm
                     SIGN   0x000000       data     extern E:\c18v3.46\pic18-lt\cxx-framework\src\traditional\math\cmath18.asm
                   SLRCON   0x000f60       data     extern E:\c18v3.46\pic18-lt\cxx-framework\src\traditional\proc\p18f46k22.asm
               SLRCONbits   0x000f60       data     extern E:\c18v3.46\pic18-lt\cxx-framework\src\traditional\proc\p18f46k22.asm
                   SP1BRG   0x000faf       data     extern E:\c18v3.46\pic18-lt\cxx-framework\src\traditional\proc\p18f46k22.asm
                  SP1BRGH   0x000fb0       data     extern E:\c18v3.46\pic18-lt\cxx-framework\src\traditional\proc\p18f46k22.asm
              SP1BRGHbits   0x000fb0       data     extern E:\c18v3.46\pic18-lt\cxx-framework\src\traditional\proc\p18f46k22.asm
               SP1BRGbits   0x000faf       data     extern E:\c18v3.46\pic18-lt\cxx-framework\src\traditional\proc\p18f46k22.asm
                   SP2BRG   0x000f75       data     extern E:\c18v3.46\pic18-lt\cxx-framework\src\traditional\proc\p18f46k22.asm
                  SP2BRGH   0x000f76       data     extern E:\c18v3.46\pic18-lt\cxx-framework\src\traditional\proc\p18f46k22.asm
                    SPBRG   0x000faf       data     extern E:\c18v3.46\pic18-lt\cxx-framework\src\traditional\proc\p18f46k22.asm
                   SPBRG1   0x000faf       data     extern E:\c18v3.46\pic18-lt\cxx-framework\src\traditional\proc\p18f46k22.asm
               SPBRG1bits   0x000faf       data     extern E:\c18v3.46\pic18-lt\cxx-framework\src\traditional\proc\p18f46k22.asm
                   SPBRG2   0x000f75       data     extern E:\c18v3.46\pic18-lt\cxx-framework\src\traditional\proc\p18f46k22.asm
                   SPBRGH   0x000fb0       data     extern E:\c18v3.46\pic18-lt\cxx-framework\src\traditional\proc\p18f46k22.asm
                  SPBRGH1   0x000fb0       data     extern E:\c18v3.46\pic18-lt\cxx-framework\src\traditional\proc\p18f46k22.asm
              SPBRGH1bits   0x000fb0       data     extern E:\c18v3.46\pic18-lt\cxx-framework\src\traditional\proc\p18f46k22.asm
                  SPBRGH2   0x000f76       data     extern E:\c18v3.46\pic18-lt\cxx-framework\src\traditional\proc\p18f46k22.asm
               SPBRGHbits   0x000fb0       data     extern E:\c18v3.46\pic18-lt\cxx-framework\src\traditional\proc\p18f46k22.asm
[...]
                   SP1BRG   0x000faf       data     extern E:\c18v3.46\pic18-lt\cxx-framework\src\traditional\proc\p18f46k22.asm
                   SPBRG1   0x000faf       data     extern E:\c18v3.46\pic18-lt\cxx-framework\src\traditional\proc\p18f46k22.asm
               SPBRG1bits   0x000faf       data     extern E:\c18v3.46\pic18-lt\cxx-framework\src\traditional\proc\p18f46k22.asm
                SPBRGbits   0x000faf       data     extern E:\c18v3.46\pic18-lt\cxx-framework\src\traditional\proc\p18f46k22.asm
               SP1BRGbits   0x000faf       data     extern E:\c18v3.46\pic18-lt\cxx-framework\src\traditional\proc\p18f46k22.asm
               SPBRGHbits   0x000fb0       data     extern E:\c18v3.46\pic18-lt\cxx-framework\src\traditional\proc\p18f46k22.asm
              SPBRGH1bits   0x000fb0       data     extern E:\c18v3.46\pic18-lt\cxx-framework\src\traditional\proc\p18f46k22.asm
                  SPBRGH1   0x000fb0       data     extern E:\c18v3.46\pic18-lt\cxx-framework\src\traditional\proc\p18f46k22.asm
                   SPBRGH   0x000fb0       data     extern E:\c18v3.46\pic18-lt\cxx-framework\src\traditional\proc\p18f46k22.asm
                  SP1BRGH   0x000fb0       data     extern E:\c18v3.46\pic18-lt\cxx-framework\src\traditional\proc\p18f46k22.asm
              SP1BRGHbits   0x000fb0       data     extern E:\c18v3.46\pic18-lt\cxx-framework\src\traditional\proc\p18f46k22.asm
                T3CONbits   0x000fb1       data     extern E:\c18v3.46\pic18-lt\cxx-framework\src\traditional\proc\p18f46k22.asm
                    T3CON   0x000fb1       data     extern E:\c18v3.46\pic18-lt\cxx-framework\src\traditional\proc\p18f46k22.asm
                    TMR3L   0x000fb2       data     extern E:\c18v3.46\pic18-lt\cxx-framework\src\traditional\proc\p18f46k22.asm
                    TMR3H   0x000fb3       data     extern E:\c18v3.46\pic18-lt\cxx-framework\src\traditional\proc\p18f46k22.asm
                   T3GCON   0x000fb4       data     extern E:\c18v3.46\pic18-lt\cxx-framework\src\traditional\proc\p18f46k22.asm
               T3GCONbits   0x000fb4       data     extern E:\c18v3.46\pic18-lt\cxx-framework\src\traditional\proc\p18f46k22.asm
               ECCPASbits   0x000fb6       data     extern E:\c18v3.46\pic18-lt\cxx-framework\src\traditional\proc\p18f46k22.asm
                   ECCPAS   0x000fb6       data     extern E:\c18v3.46\pic18-lt\cxx-framework\src\traditional\proc\p18f46k22.asm
              ECCP1ASbits   0x000fb6       data     extern E:\c18v3.46\pic18-lt\cxx-framework\src\traditional\proc\p18f46k22.asm
                  ECCP1AS   0x000fb6       data     extern E:\c18v3.46\pic18-lt\cxx-framework\src\traditional\proc\p18f46k22.asm
                  PWM1CON   0x000fb7       data     extern E:\c18v3.46\pic18-lt\cxx-framework\src\traditional\proc\p18f46k22.asm
              PWM1CONbits   0x000fb7       data     extern E:\c18v3.46\pic18-lt\cxx-framework\src\traditional\proc\p18f46k22.asm
                   PWMCON   0x000fb7       data     extern E:\c18v3.46\pic18-lt\cxx-framework\src\traditional\proc\p18f46k22.asm
               PWMCONbits   0x000fb7       data     extern E:\c18v3.46\pic18-lt\cxx-framework\src\traditional\proc\p18f46k22.asm
              BAUDCTLbits   0x000fb8       data     extern E:\c18v3.46\pic18-lt\cxx-framework\src\traditional\proc\p18f46k22.asm
                  BAUDCTL   0x000fb8       data     extern E:\c18v3.46\pic18-lt\cxx-framework\src\traditional\proc\p18f46k22.asm
              BAUDCONbits   0x000fb8       data     extern E:\c18v3.46\pic18-lt\cxx-framework\src\traditional\proc\p18f46k22.asm
             BAUDCON1bits   0x000fb8       data     extern E:\c18v3.46\pic18-lt\cxx-framework\src\traditional\proc\p18f46k22.asm
                 BAUDCON1   0x000fb8       data     extern E:\c18v3.46\pic18-lt\cxx-framework\src\traditional\proc\p18f46k22.asm
                  BAUDCON   0x000fb8       data     extern E:\c18v3.46\pic18-lt\cxx-framework\src\traditional\proc\p18f46k22.asm
             BAUD1CONbits   0x000fb8       data     extern E:\c18v3.46\pic18-lt\cxx-framework\src\traditional\proc\p18f46k22.asm
                 BAUD1CON   0x000fb8       data     extern E:\c18v3.46\pic18-lt\cxx-framework\src\traditional\proc\p18f46k22.asm
              PSTRCONbits   0x000fb9       data     extern E:\c18v3.46\pic18-lt\cxx-framework\src\traditional\proc\p18f46k22.asm
                  PSTRCON   0x000fb9       data     extern E:\c18v3.46\pic18-lt\cxx-framework\src\traditional\proc\p18f46k22.asm
             PSTR1CONbits   0x000fb9       data     extern E:\c18v3.46\pic18-lt\cxx-framework\src\traditional\proc\p18f46k22.asm
                 PSTR1CON   0x000fb9       data     extern E:\c18v3.46\pic18-lt\cxx-framework\src\traditional\proc\p18f46k22.asm
                    T2CON   0x000fba       data     extern E:\c18v3.46\pic18-lt\cxx-framework\src\traditional\proc\p18f46k22.asm
                T2CONbits   0x000fba       data     extern E:\c18v3.46\pic18-lt\cxx-framework\src\traditional\proc\p18f46k22.asm
                      PR2   0x000fbb       data     extern E:\c18v3.46\pic18-lt\cxx-framework\src\traditional\proc\p18f46k22.asm
                     TMR2   0x000fbc       data     extern E:\c18v3.46\pic18-lt\cxx-framework\src\traditional\proc\p18f46k22.asm
                  CCP1CON   0x000fbd       data     extern E:\c18v3.46\pic18-lt\cxx-framework\src\traditional\proc\p18f46k22.asm
              CCP1CONbits   0x000fbd       data     extern E:\c18v3.46\pic18-lt\cxx-framework\src\traditional\proc\p18f46k22.asm
                   CCPR1L   0x000fbe       data     extern E:\c18v3.46\pic18-lt\cxx-framework\src\traditional\proc\p18f46k22.asm
                    CCPR1   0x000fbe       data     extern E:\c18v3.46\pic18-lt\cxx-framework\src\traditional\proc\p18f46k22.asm
                   CCPR1H   0x000fbf       data     extern E:\c18v3.46\pic18-lt\cxx-framework\src\traditional\proc\p18f46k22.asm
               ADCON2bits   0x000fc0       data     extern E:\c18v3.46\pic18-lt\cxx-framework\src\traditional\proc\p18f46k22.asm
                   ADCON2   0x000fc0       data     extern E:\c18v3.46\pic18-lt\cxx-framework\src\traditional\proc\p18f46k22.asm
               ADCON1bits   0x000fc1       data     extern E:\c18v3.46\pic18-lt\cxx-framework\src\traditional\proc\p18f46k22.asm
                   ADCON1   0x000fc1       data     extern E:\c18v3.46\pic18-lt\cxx-framework\src\traditional\proc\p18f46k22.asm
               ADCON0bits   0x000fc2       data     extern E:\c18v3.46\pic18-lt\cxx-framework\src\traditional\proc\p18f46k22.asm
                   ADCON0   0x000fc2       data     extern E:\c18v3.46\pic18-lt\cxx-framework\src\traditional\proc\p18f46k22.asm
                    ADRES   0x000fc3       data     extern E:\c18v3.46\pic18-lt\cxx-framework\src\traditional\proc\p18f46k22.asm
                   ADRESL   0x000fc3       data     extern E:\c18v3.46\pic18-lt\cxx-framework\src\traditional\proc\p18f46k22.asm
                   ADRESH   0x000fc4       data     extern E:\c18v3.46\pic18-lt\cxx-framework\src\traditional\proc\p18f46k22.asm
                  SSPCON2   0x000fc5       data     extern E:\c18v3.46\pic18-lt\cxx-framework\src\traditional\proc\p18f46k22.asm
              SSPCON2bits   0x000fc5       data     extern E:\c18v3.46\pic18-lt\cxx-framework\src\traditional\proc\p18f46k22.asm
             SSP1CON2bits   0x000fc5       data     extern E:\c18v3.46\pic18-lt\cxx-framework\src\traditional\proc\p18f46k22.asm
                 SSP1CON2   0x000fc5       data     extern E:\c18v3.46\pic18-lt\cxx-framework\src\traditional\proc\p18f46k22.asm
                  SSPCON1   0x000fc6       data     extern E:\c18v3.46\pic18-lt\cxx-framework\src\traditional\proc\p18f46k22.asm
              SSPCON1bits   0x000fc6       data     extern E:\c18v3.46\pic18-lt\cxx-framework\src\traditional\proc\p18f46k22.asm
             SSP1CON1bits   0x000fc6       data     extern E:\c18v3.46\pic18-lt\cxx-framework\src\traditional\proc\p18f46k22.asm
                 SSP1CON1   0x000fc6       data     extern E:\c18v3.46\pic18-lt\cxx-framework\src\traditional\proc\p18f46k22.asm
                  SSPSTAT   0x000fc7       data     extern E:\c18v3.46\pic18-lt\cxx-framework\src\traditional\proc\p18f46k22.asm
              SSPSTATbits   0x000fc7       data     extern E:\c18v3.46\pic18-lt\cxx-framework\src\traditional\proc\p18f46k22.asm
                 SSP1STAT   0x000fc7       data     extern E:\c18v3.46\pic18-lt\cxx-framework\src\traditional\proc\p18f46k22.asm
             SSP1STATbits   0x000fc7       data     extern E:\c18v3.46\pic18-lt\cxx-framework\src\traditional\proc\p18f46k22.asm
              SSP1ADDbits   0x000fc8       data     extern E:\c18v3.46\pic18-lt\cxx-framework\src\traditional\proc\p18f46k22.asm
                  SSP1ADD   0x000fc8       data     extern E:\c18v3.46\pic18-lt\cxx-framework\src\traditional\proc\p18f46k22.asm
                   SSPADD   0x000fc8       data     extern E:\c18v3.46\pic18-lt\cxx-framework\src\traditional\proc\p18f46k22.asm
               SSPADDbits   0x000fc8       data     extern E:\c18v3.46\pic18-lt\cxx-framework\src\traditional\proc\p18f46k22.asm
              SSP1BUFbits   0x000fc9       data     extern E:\c18v3.46\pic18-lt\cxx-framework\src\traditional\proc\p18f46k22.asm
                  SSP1BUF   0x000fc9       data     extern E:\c18v3.46\pic18-lt\cxx-framework\src\traditional\proc\p18f46k22.asm
                   SSPBUF   0x000fc9       data     extern E:\c18v3.46\pic18-lt\cxx-framework\src\traditional\proc\p18f46k22.asm
               SSPBUFbits   0x000fc9       data     extern E:\c18v3.46\pic18-lt\cxx-framework\src\traditional\proc\p18f46k22.asm
              SSP1MSKbits   0x000fca       data     extern E:\c18v3.46\pic18-lt\cxx-framework\src\traditional\proc\p18f46k22.asm
                  SSP1MSK   0x000fca       data     extern E:\c18v3.46\pic18-lt\cxx-framework\src\traditional\proc\p18f46k22.asm
                   SSPMSK   0x000fca       data     extern E:\c18v3.46\pic18-lt\cxx-framework\src\traditional\proc\p18f46k22.asm
               SSPMSKbits   0x000fca       data     extern E:\c18v3.46\pic18-lt\cxx-framework\src\traditional\proc\p18f46k22.asm
                  SSPCON3   0x000fcb       data     extern E:\c18v3.46\pic18-lt\cxx-framework\src\traditional\proc\p18f46k22.asm
             SSP1CON3bits   0x000fcb       data     extern E:\c18v3.46\pic18-lt\cxx-framework\src\traditional\proc\p18f46k22.asm
                 SSP1CON3   0x000fcb       data     extern E:\c18v3.46\pic18-lt\cxx-framework\src\traditional\proc\p18f46k22.asm
              SSPCON3bits   0x000fcb       data     extern E:\c18v3.46\pic18-lt\cxx-framework\src\traditional\proc\p18f46k22.asm
               T1GCONbits   0x000fcc       data     extern E:\c18v3.46\pic18-lt\cxx-framework\src\traditional\proc\p18f46k22.asm
                   T1GCON   0x000fcc       data     extern E:\c18v3.46\pic18-lt\cxx-framework\src\traditional\proc\p18f46k22.asm
                    T1CON   0x000fcd       data     extern E:\c18v3.46\pic18-lt\cxx-framework\src\traditional\proc\p18f46k22.asm
                T1CONbits   0x000fcd       data     extern E:\c18v3.46\pic18-lt\cxx-framework\src\traditional\proc\p18f46k22.asm
                    TMR1L   0x000fce       data     extern E:\c18v3.46\pic18-lt\cxx-framework\src\traditional\proc\p18f46k22.asm
                    TMR1H   0x000fcf       data     extern E:\c18v3.46\pic18-lt\cxx-framework\src\traditional\proc\p18f46k22.asm
                     RCON   0x000fd0       data     extern E:\c18v3.46\pic18-lt\cxx-framework\src\traditional\proc\p18f46k22.asm
                 RCONbits   0x000fd0       data     extern E:\c18v3.46\pic18-lt\cxx-framework\src\traditional\proc\p18f46k22.asm
                   WDTCON   0x000fd1       data     extern E:\c18v3.46\pic18-lt\cxx-framework\src\traditional\proc\p18f46k22.asm
               WDTCONbits   0x000fd1       data     extern E:\c18v3.46\pic18-lt\cxx-framework\src\traditional\proc\p18f46k22.asm
              OSCCON2bits   0x000fd2       data     extern E:\c18v3.46\pic18-lt\cxx-framework\src\traditional\proc\p18f46k22.asm
                  OSCCON2   0x000fd2       data     extern E:\c18v3.46\pic18-lt\cxx-framework\src\traditional\proc\p18f46k22.asm
               OSCCONbits   0x000fd3       data     extern E:\c18v3.46\pic18-lt\cxx-framework\src\traditional\proc\p18f46k22.asm
                   OSCCON   0x000fd3       data     extern E:\c18v3.46\pic18-lt\cxx-framework\src\traditional\proc\p18f46k22.asm
                T0CONbits   0x000fd5       data     extern E:\c18v3.46\pic18-lt\cxx-framework\src\traditional\proc\p18f46k22.asm
                    T0CON   0x000fd5       data     extern E:\c18v3.46\pic18-lt\cxx-framework\src\traditional\proc\p18f46k22.asm
                    TMR0L   0x000fd6       data     extern E:\c18v3.46\pic18-lt\cxx-framework\src\traditional\proc\p18f46k22.asm
                    TMR0H   0x000fd7       data     extern E:\c18v3.46\pic18-lt\cxx-framework\src\traditional\proc\p18f46k22.asm
               STATUSbits   0x000fd8       data     extern E:\c18v3.46\pic18-lt\cxx-framework\src\traditional\proc\p18f46k22.asm
                   STATUS   0x000fd8       data     extern E:\c18v3.46\pic18-lt\cxx-framework\src\traditional\proc\p18f46k22.asm
                    FSR2L   0x000fd9       data     extern E:\c18v3.46\pic18-lt\cxx-framework\src\traditional\proc\p18f46k22.asm
                     FSR2   0x000fd9       data     extern E:\c18v3.46\pic18-lt\cxx-framework\src\traditional\proc\p18f46k22.asm
                    FSR2H   0x000fda       data     extern E:\c18v3.46\pic18-lt\cxx-framework\src\traditional\proc\p18f46k22.asm
                   PLUSW2   0x000fdb       data     extern E:\c18v3.46\pic18-lt\cxx-framework\src\traditional\proc\p18f46k22.asm
                  PREINC2   0x000fdc       data     extern E:\c18v3.46\pic18-lt\cxx-framework\src\traditional\proc\p18f46k22.asm
                 POSTDEC2   0x000fdd       data     extern E:\c18v3.46\pic18-lt\cxx-framework\src\traditional\proc\p18f46k22.asm
                 POSTINC2   0x000fde       data     extern E:\c18v3.46\pic18-lt\cxx-framework\src\traditional\proc\p18f46k22.asm
                    INDF2   0x000fdf       data     extern E:\c18v3.46\pic18-lt\cxx-framework\src\traditional\proc\p18f46k22.asm
                      BSR   0x000fe0       data     extern E:\c18v3.46\pic18-lt\cxx-framework\src\traditional\proc\p18f46k22.asm
                     FSR1   0x000fe1       data     extern E:\c18v3.46\pic18-lt\cxx-framework\src\traditional\proc\p18f46k22.asm
                    FSR1L   0x000fe1       data     extern E:\c18v3.46\pic18-lt\cxx-framework\src\traditional\proc\p18f46k22.asm
                    FSR1H   0x000fe2       data     extern E:\c18v3.46\pic18-lt\cxx-framework\src\traditional\proc\p18f46k22.asm
                   PLUSW1   0x000fe3       data     extern E:\c18v3.46\pic18-lt\cxx-framework\src\traditional\proc\p18f46k22.asm
                  PREINC1   0x000fe4       data     extern E:\c18v3.46\pic18-lt\cxx-framework\src\traditional\proc\p18f46k22.asm
                 POSTDEC1   0x000fe5       data     extern E:\c18v3.46\pic18-lt\cxx-framework\src\traditional\proc\p18f46k22.asm
                 POSTINC1   0x000fe6       data     extern E:\c18v3.46\pic18-lt\cxx-framework\src\traditional\proc\p18f46k22.asm
                    INDF1   0x000fe7       data     extern E:\c18v3.46\pic18-lt\cxx-framework\src\traditional\proc\p18f46k22.asm
                     WREG   0x000fe8       data     extern E:\c18v3.46\pic18-lt\cxx-framework\src\traditional\proc\p18f46k22.asm
                        W   0x000fe8       data     extern E:\c18v3.46\pic18-lt\cxx-framework\src\traditional\proc\p18f46k22.asm
                    FSR0L   0x000fe9       data     extern E:\c18v3.46\pic18-lt\cxx-framework\src\traditional\proc\p18f46k22.asm
                     FSR0   0x000fe9       data     extern E:\c18v3.46\pic18-lt\cxx-framework\src\traditional\proc\p18f46k22.asm
                    FSR0H   0x000fea       data     extern E:\c18v3.46\pic18-lt\cxx-framework\src\traditional\proc\p18f46k22.asm
                   PLUSW0   0x000feb       data     extern E:\c18v3.46\pic18-lt\cxx-framework\src\traditional\proc\p18f46k22.asm
                  PREINC0   0x000fec       data     extern E:\c18v3.46\pic18-lt\cxx-framework\src\traditional\proc\p18f46k22.asm
                 POSTDEC0   0x000fed       data     extern E:\c18v3.46\pic18-lt\cxx-framework\src\traditional\proc\p18f46k22.asm
                 POSTINC0   0x000fee       data     extern E:\c18v3.46\pic18-lt\cxx-framework\src\traditional\proc\p18f46k22.asm
                    INDF0   0x000fef       data     extern E:\c18v3.46\pic18-lt\cxx-framework\src\traditional\proc\p18f46k22.asm
                  INTCON3   0x000ff0       data     extern E:\c18v3.46\pic18-lt\cxx-framework\src\traditional\proc\p18f46k22.asm
              INTCON3bits   0x000ff0       data     extern E:\c18v3.46\pic18-lt\cxx-framework\src\traditional\proc\p18f46k22.asm
                  INTCON2   0x000ff1       data     extern E:\c18v3.46\pic18-lt\cxx-framework\src\traditional\proc\p18f46k22.asm
              INTCON2bits   0x000ff1       data     extern E:\c18v3.46\pic18-lt\cxx-framework\src\traditional\proc\p18f46k22.asm
                   INTCON   0x000ff2       data     extern E:\c18v3.46\pic18-lt\cxx-framework\src\traditional\proc\p18f46k22.asm
               INTCONbits   0x000ff2       data     extern E:\c18v3.46\pic18-lt\cxx-framework\src\traditional\proc\p18f46k22.asm
                    PRODL   0x000ff3       data     extern E:\c18v3.46\pic18-lt\cxx-framework\src\traditional\proc\p18f46k22.asm
                     PROD   0x000ff3       data     extern E:\c18v3.46\pic18-lt\cxx-framework\src\traditional\proc\p18f46k22.asm
                    PRODH   0x000ff4       data     extern E:\c18v3.46\pic18-lt\cxx-framework\src\traditional\proc\p18f46k22.asm
                   TABLAT   0x000ff5       data     extern E:\c18v3.46\pic18-lt\cxx-framework\src\traditional\proc\p18f46k22.asm
                   TBLPTR   0x000ff6       data     extern E:\c18v3.46\pic18-lt\cxx-framework\src\traditional\proc\p18f46k22.asm
                  TBLPTRL   0x000ff6       data     extern E:\c18v3.46\pic18-lt\cxx-framework\src\traditional\proc\p18f46k22.asm
                  TBLPTRH   0x000ff7       data     extern E:\c18v3.46\pic18-lt\cxx-framework\src\traditional\proc\p18f46k22.asm
                  TBLPTRU   0x000ff8       data     extern E:\c18v3.46\pic18-lt\cxx-framework\src\traditional\proc\p18f46k22.asm
              TBLPTRUbits   0x000ff8       data     extern E:\c18v3.46\pic18-lt\cxx-framework\src\traditional\proc\p18f46k22.asm
                      PCL   0x000ff9       data     extern E:\c18v3.46\pic18-lt\cxx-framework\src\traditional\proc\p18f46k22.asm
                       PC   0x000ff9       data     extern E:\c18v3.46\pic18-lt\cxx-framework\src\traditional\proc\p18f46k22.asm
                   PCLATH   0x000ffa       data     extern E:\c18v3.46\pic18-lt\cxx-framework\src\traditional\proc\p18f46k22.asm
                   PCLATU   0x000ffb       data     extern E:\c18v3.46\pic18-lt\cxx-framework\src\traditional\proc\p18f46k22.asm
                   STKPTR   0x000ffc       data     extern E:\c18v3.46\pic18-lt\cxx-framework\src\traditional\proc\p18f46k22.asm
               STKPTRbits   0x000ffc       data     extern E:\c18v3.46\pic18-lt\cxx-framework\src\traditional\proc\p18f46k22.asm
                     TOSL   0x000ffd       data     extern E:\c18v3.46\pic18-lt\cxx-framework\src\traditional\proc\p18f46k22.asm
                      TOS   0x000ffd       data     extern E:\c18v3.46\pic18-lt\cxx-framework\src\traditional\proc\p18f46k22.asm
                     TOSH   0x000ffe       data     extern E:\c18v3.46\pic18-lt\cxx-framework\src\traditional\proc\p18f46k22.asm
                     TOSU   0x000fff       data     extern E:\c18v3.46\pic18-lt\cxx-framework\src\traditional\proc\p18f46k22.asm


